Microchip MPLAB XC8 Compiler V1.45 ()

Linker command line:

-W-3 --edf=C:\Program Files (x86)\Microchip\xc8\v1.45\dat\en_msgs.txt -cs \
  -h+dist/default/debug\1533.debug.sym \
  --cmf=dist/default/debug\1533.debug.cmf -z -Q18F45K22 \
  -oC:\Users\yehudaot\AppData\Local\Temp\s3kk.2 \
  -Mdist/default/debug/1533.debug.map -E1 -ver=XC8 -ASTACK=02E4h-05ffh \
  -pstack=STACK -ACODE=00h-07FFFh -ACONST=00h-07FFFh \
  -ASMALLCONST=0600h-06FFhx122 -AMEDIUMCONST=0600h-07FFFh -ACOMRAM=01h-05Fh \
  -AABS1=00h-05FFh -ABIGRAM=01h-05FFh -ARAM=060h-0FFh,0100h-01FFhx5 \
  -ABANK0=060h-0FFh -ABANK1=0100h-01FFh -ABANK2=0200h-02FFh \
  -ABANK3=0300h-03FFh -ABANK4=0400h-04FFh -ABANK5=0500h-05FFh \
  -ASFR=0F38h-0F5Fh,0F60h-0FFCh \
  -preset_vec=00h,intcode=08h,intcodelo,powerup,init -pramtop=0600h \
  -psmallconst=SMALLCONST -pmediumconst=MEDIUMCONST -pconst=CONST \
  -AFARRAM=00h-00h -ACONFIG=0300000h-030000Dh -pconfig=CONFIG \
  -AIDLOC=0200000h-0200007h -pidloc=IDLOC -AEEDATA=0F00000h-0F000FFh \
  -peeprom_data=EEDATA \
  -prdata=COMRAM,nvrram=COMRAM,nvbit=COMRAM,rbss=COMRAM,rbit=COMRAM \
  -pfarbss=FARRAM,fardata=FARRAM,nvFARRAM=FARRAM \
  -pintsave_regs=BIGRAM,bigbss=BIGRAM,bigdata=BIGRAM -pbss=RAM \
  -pidata=CODE,irdata=CODE,ibigdata=CODE,ifardata=CODE -prparam=COMRAM \
  C:\Users\yehudaot\AppData\Local\Temp\s3kk.obj \
  dist/default/debug\1533.debug.obj 

Object code version is 3.11

Machine type is 18F45K22

Call graph: (short form)




                Name                               Link     Load   Length Selector   Space Scale
C:\Users\yehudaot\AppData\Local\Temp\s3kk.obj
                init                                 DC       DC        4        4       0
                reset_vec                             0        0        6        0       0
                idloc                            200000   200000        8   200000       0
                config                           300000   300000        E   300000       0
dist/default/debug\1533.debug.obj
                intcode                               8        8       D4        4       0
                temp                                 48       48        1        1       1
                mediumconst                        77D2     77D2      82E     3BE9       0
                text99                             42BE     42BE       32        4       0
                text98                             41E6     41E6       38        4       0
                text97                             459E     459E        4        4       0
                text96                             459A     459A        4        4       0
                text95                             4080     4080       42        4       0
                text94                             33B0     33B0       B4        4       0
                text92                             3C60     3C60       5E        4       0
                text91                             4528     4528       14        4       0
                text90                             4514     4514       14        4       0
                text89                             4578     4578        A        4       0
                text88                             3ED2     3ED2       56        4       0
                text87                             3464     3464       AE        4       0
                text86                             3D1A     3D1A       5C        4       0
                text85                             41AE     41AE       38        4       0
                text84                             2DB6     2DB6       E8        4       0
                text83                             4408     4408       24        4       0
                text82                             1C4C     1C4C      1AE        4       0
                text81                             403E     403E       42        4       0
                text80                             2CC0     2CC0       F6        4       0
                text79                             439A     439A       26        4       0
                text78                             314A     314A       D6        4       0
                text77                             38F8     38F8       7A        4       0
                text76                             3762     3762       90        4       0
                text75                             2BC8     2BC8       F8        4       0
                text74                             36D2     36D2       90        4       0
                text73                             3068     3068       E2        4       0
                text72                             3220     3220       CE        4       0
                text71                             1880     1880      1F6        4       0
                text70                             24F6     24F6      12A        4       0
                text69                             1F84     1F84      180        4       0
                text68                             286E     286E      126        4       0
                text67                             3E7C     3E7C       56        4       0
                text66                             3E26     3E26       56        4       0
                text65                             3DCE     3DCE       58        4       0
                text64                             3D76     3D76       58        4       0
                text63                             4320     4320       2C        4       0
                text62                             4468     4468       1E        4       0
                text61                             32EE     32EE       C2        4       0
                text60                             4486     4486       1C        4       0
                text59                             413A     413A       3C        4       0
                text58                             3CBE     3CBE       5C        4       0
                text57                             3512     3512       9A        4       0
                text56                             4254     4254       36        4       0
                text55                             454A     454A        E        4       0
                text54                             4176     4176       38        4       0
                text53                             2F84     2F84       E4        4       0
                text52                             4582     4582        8        4       0
                text51                             40FE     40FE       3C        4       0
                text50                             1DFA     1DFA      18A        4       0
                text49                             4596     4596        4        4       0
                text48                             44EA     44EA       16        4       0
                text47                             42F0     42F0       30        4       0
                text46                             43E4     43E4       24        4       0
                text45                             2278     2278      14C        4       0
                text44                             40C2     40C2       3C        4       0
                text43                             39E8     39E8       72        4       0
                text42                             3876     3876       82        4       0
                text41                             3B38     3B38       68        4       0
                text40                             2620     2620      128        4       0
                text39                             23C4     23C4      132        4       0
                text38                             37F2     37F2       84        4       0
                text37                             3A5A     3A5A       70        4       0
                text36                             1236     1236      25E        4       0
                text35                              8A2      8A2      420        4       0
                text34                               E0       E0      7C2        4       0
                text33                             2104     2104      174        4       0
                text32                             2E9E     2E9E       E6        4       0
                text31                             3F70     3F70       46        4       0
                text30                             44D4     44D4       16        4       0
                text29                             421E     421E       36        4       0
                text28                             4592     4592        4        4       0
                text27                             453C     453C        E        4       0
                text26                             3F28     3F28       48        4       0
                text25                             456E     456E        A        4       0
                text24                             428A     428A       34        4       0
                text23                             44A2     44A2       1A        4       0
                text22                             4564     4564        A        4       0
                text21                             44BC     44BC       18        4       0
                text20                             3FFA     3FFA       44        4       0
                text19                              F8C      F8C      2AA        4       0
                text18                             3C00     3C00       60        4       0
                text17                             2AAE     2AAE      11A        4       0
                text16                             3ACA     3ACA       6E        4       0
                text15                             444A     444A       1E        4       0
                text14                             434C     434C       28        4       0
                text13                             442C     442C       1E        4       0
                text12                             4374     4374       26        4       0
                text11                             4500     4500       14        4       0
                text10                             1A76     1A76      1D6        4       0
                text9                              35AC     35AC       94        4       0
                text8                              168A     168A      1F6        4       0
                text7                              3972     3972       76        4       0
                text6                              1494     1494      1F6        4       0
                text5                              2748     2748      126        4       0
                text4                              2994     2994      11A        4       0
                text3                              43C0     43C0       24        4       0
                text2                              3FB6     3FB6       44        4       0
                text1                               CC2      CC2      2CA        4       0
                text0                              3BA0     3BA0       60        4       0
                cstackCOMRAM                          1        1       30        1       1
                cstackBANK0                          60       60       8F       60       1
                cstackBANK1                         100      100       85      100       1
                dataBANK2                           2D6      2D6        C      200       1
                bssBANK2                            200      200       D6      200       1
                dataBANK1                           1EF      1EF        4      100       1
                bssBANK1                            185      185       6A      100       1
                dataCOMRAM                           42       42        4        1       1
                bssCOMRAM                            31       31       11        1       1
                cinit                              3640     3640       92        4       0
                nvBANK2                             2E2      2E2        2      200       1
                nvBANK1                             1F3      1F3        1      100       1
                nvCOMRAM                             46       46        2        1       1
                idataBANK2                         4558     4558        C        4       0
                idataBANK1                         458E     458E        4        4       0
                idataCOMRAM                        458A     458A        4        4       0

TOTAL           Name                               Link     Load   Length     Space
        CLASS   STACK          

        CLASS   CODE           
                intcode                               8        8       D4         0
                init                                 DC       DC        4         0
                reset_vec                             0        0        6         0
                text99                             42BE     42BE       32         0
                text98                             41E6     41E6       38         0
                text97                             459E     459E        4         0
                text96                             459A     459A        4         0
                text95                             4080     4080       42         0
                text94                             33B0     33B0       B4         0
                text92                             3C60     3C60       5E         0
                text91                             4528     4528       14         0
                text90                             4514     4514       14         0
                text89                             4578     4578        A         0
                text88                             3ED2     3ED2       56         0
                text87                             3464     3464       AE         0
                text86                             3D1A     3D1A       5C         0
                text85                             41AE     41AE       38         0
                text84                             2DB6     2DB6       E8         0
                text83                             4408     4408       24         0
                text82                             1C4C     1C4C      1AE         0
                text81                             403E     403E       42         0
                text80                             2CC0     2CC0       F6         0
                text79                             439A     439A       26         0
                text78                             314A     314A       D6         0
                text77                             38F8     38F8       7A         0
                text76                             3762     3762       90         0
                text75                             2BC8     2BC8       F8         0
                text74                             36D2     36D2       90         0
                text73                             3068     3068       E2         0
                text72                             3220     3220       CE         0
                text71                             1880     1880      1F6         0
                text70                             24F6     24F6      12A         0
                text69                             1F84     1F84      180         0
                text68                             286E     286E      126         0
                text67                             3E7C     3E7C       56         0
                text66                             3E26     3E26       56         0
                text65                             3DCE     3DCE       58         0
                text64                             3D76     3D76       58         0
                text63                             4320     4320       2C         0
                text62                             4468     4468       1E         0
                text61                             32EE     32EE       C2         0
                text60                             4486     4486       1C         0
                text59                             413A     413A       3C         0
                text58                             3CBE     3CBE       5C         0
                text57                             3512     3512       9A         0
                text56                             4254     4254       36         0
                text55                             454A     454A        E         0
                text54                             4176     4176       38         0
                text53                             2F84     2F84       E4         0
                text52                             4582     4582        8         0
                text51                             40FE     40FE       3C         0
                text50                             1DFA     1DFA      18A         0
                text49                             4596     4596        4         0
                text48                             44EA     44EA       16         0
                text47                             42F0     42F0       30         0
                text46                             43E4     43E4       24         0
                text45                             2278     2278      14C         0
                text44                             40C2     40C2       3C         0
                text43                             39E8     39E8       72         0
                text42                             3876     3876       82         0
                text41                             3B38     3B38       68         0
                text40                             2620     2620      128         0
                text39                             23C4     23C4      132         0
                text38                             37F2     37F2       84         0
                text37                             3A5A     3A5A       70         0
                text36                             1236     1236      25E         0
                text35                              8A2      8A2      420         0
                text34                               E0       E0      7C2         0
                text33                             2104     2104      174         0
                text32                             2E9E     2E9E       E6         0
                text31                             3F70     3F70       46         0
                text30                             44D4     44D4       16         0
                text29                             421E     421E       36         0
                text28                             4592     4592        4         0
                text27                             453C     453C        E         0
                text26                             3F28     3F28       48         0
                text25                             456E     456E        A         0
                text24                             428A     428A       34         0
                text23                             44A2     44A2       1A         0
                text22                             4564     4564        A         0
                text21                             44BC     44BC       18         0
                text20                             3FFA     3FFA       44         0
                text19                              F8C      F8C      2AA         0
                text18                             3C00     3C00       60         0
                text17                             2AAE     2AAE      11A         0
                text16                             3ACA     3ACA       6E         0
                text15                             444A     444A       1E         0
                text14                             434C     434C       28         0
                text13                             442C     442C       1E         0
                text12                             4374     4374       26         0
                text11                             4500     4500       14         0
                text10                             1A76     1A76      1D6         0
                text9                              35AC     35AC       94         0
                text8                              168A     168A      1F6         0
                text7                              3972     3972       76         0
                text6                              1494     1494      1F6         0
                text5                              2748     2748      126         0
                text4                              2994     2994      11A         0
                text3                              43C0     43C0       24         0
                text2                              3FB6     3FB6       44         0
                text1                               CC2      CC2      2CA         0
                text0                              3BA0     3BA0       60         0
                cinit                              3640     3640       92         0
                idataBANK2                         4558     4558        C         0
                idataBANK1                         458E     458E        4         0
                idataCOMRAM                        458A     458A        4         0

        CLASS   CONST          

        CLASS   SMALLCONST     

        CLASS   MEDIUMCONST    
                mediumconst                        77D2     77D2      82E         0

        CLASS   COMRAM         
                temp                                 48       48        1         1
                cstackCOMRAM                          1        1       30         1
                dataCOMRAM                           42       42        4         1
                bssCOMRAM                            31       31       11         1
                nvCOMRAM                             46       46        2         1

        CLASS   ABS1           

        CLASS   BIGRAM         

        CLASS   RAM            

        CLASS   BANK0          
                cstackBANK0                          60       60       8F         1

        CLASS   BANK1          
                cstackBANK1                         100      100       85         1
                dataBANK1                           1EF      1EF        4         1
                bssBANK1                            185      185       6A         1
                nvBANK1                             1F3      1F3        1         1

        CLASS   BANK2          
                dataBANK2                           2D6      2D6        C         1
                bssBANK2                            200      200       D6         1
                nvBANK2                             2E2      2E2        2         1

        CLASS   BANK3          

        CLASS   BANK4          

        CLASS   BANK5          

        CLASS   SFR            

        CLASS   FARRAM         

        CLASS   CONFIG         
                config                           300000   300000        E         0

        CLASS   IDLOC          
                idloc                            200000   200000        8         0

        CLASS   EEDATA         



SEGMENTS        Name                           Load    Length   Top    Selector   Space  Class

                reset_vec                      000000  000006  000006         0       0  CODE    
                cstackCOMRAM                   000001  000048  000049         1       1  COMRAM  
                intcode                        000008  00459A  0045A2         4       0  CODE    
                cstackBANK0                    000060  00008F  0000EF        60       1  BANK0   
                cstackBANK1                    000100  0000F4  0001F4       100       1  BANK1   
                bssBANK2                       000200  0000E4  0002E4       200       1  BANK2   
                mediumconst                    0077D2  00082E  008000      3BE9       0  MEDIUMCO
                idloc                          200000  000008  200008    200000       0  IDLOC   
                config                         300000  00000E  30000E    300000       0  CONFIG  


UNUSED ADDRESS RANGES

        Name                Unused          Largest block    Delta
        BANK0            0000EF-0000FF               11
        BANK1            0001F4-0001FF                C
        BANK2            0002E4-0002FF               1C
        BANK3            000300-0003FF              100
        BANK4            000400-0004FF              100
        BANK5            000500-0005FF              100
        BIGRAM           000049-00005F               17
                         0000EF-0000FF               11
                         0001F4-0001FF                C
                         0002E4-0005FF              31C
        CODE             000006-000007                2
                         0045A2-0077D1             3230
        COMRAM           000049-00005F               17
        CONST            000006-000007                2
                         0045A2-0077D1             3230
        EEDATA           F00000-F000FF              100
        MEDIUMCONST      0045A2-0077D1             3230
        RAM              0000EF-0000FF               11
                         0001F4-0001FF                C
                         0002E4-0005FF              100
        SFR              000F38-000FFC               28
        SMALLCONST       0045A2-0077D1              100
        STACK            0002E4-0005FF              31C

                                  Symbol Table

?_ADC_GetConversion                       cstackCOMRAM 000018
?_GetIntFromUartData                      cstackBANK0  000066
?_ReadIntFromEeprom                       cstackBANK0  0000B3
?___altoft                                cstackBANK0  000088
?___awdiv                                 cstackCOMRAM 00001E
?___awmod                                 cstackCOMRAM 000018
?___awtoft                                cstackCOMRAM 000020
?___ftadd                                 cstackBANK0  00007C
?___ftdiv                                 cstackCOMRAM 000023
?___ftmul                                 cstackBANK0  000066
?___ftneg                                 cstackCOMRAM 000018
?___ftpack                                cstackCOMRAM 000018
?___ftsub                                 cstackBANK0  000088
?___fttol                                 cstackBANK0  000079
?___lldiv                                 cstackCOMRAM 000018
?___llmod                                 cstackBANK0  0000B3
?___lltoft                                cstackCOMRAM 000020
?___lmul                                  cstackCOMRAM 00001A
?___lwmod                                 cstackCOMRAM 000001
?___lwtoft                                cstackCOMRAM 000020
?___wmul                                  cstackCOMRAM 000026
?__div_to_l_                              cstackCOMRAM 000018
?__tdiv_to_l_                             cstackCOMRAM 000018
?_eval_poly                               cstackBANK0  000088
?_exp                                     cstackBANK0  000099
?_floor                                   cstackBANK0  000090
?_frexp                                   cstackCOMRAM 000018
?_fround                                  cstackBANK0  000072
?_ldexp                                   cstackBANK0  000092
?_log                                     cstackBANK0  000092
?_pow                                     cstackBANK0  0000A2
?_scale                                   cstackBANK0  000072
?_sprintf                                 cstackBANK0  0000BC
?_strtol                                  cstackCOMRAM 000026
ADC_GetConversion@channel                 cstackCOMRAM 00001C
AdcSingleSample@cType                     cstackCOMRAM 000028
AdcSingleSample@chType                    cstackCOMRAM 00001F
AdcSingleSample@numSamples                cstackCOMRAM 000020
AdcSingleSample@retNum                    cstackCOMRAM 000024
BlinkOkLeds@idx                           cstackCOMRAM 00001C
BlinkOkLeds@state                         cstackCOMRAM 00001B
DATAEE_ReadByte@bAdd                      cstackCOMRAM 000018
DATAEE_WriteByte@GIEBitValue              cstackCOMRAM 00001A
DATAEE_WriteByte@bAdd                     cstackCOMRAM 000019
DATAEE_WriteByte@bData                    cstackCOMRAM 000018
DacInit@dacInput                          cstackBANK0  0000CC
DacInit@idx                               cstackBANK0  0000CE
EUSART1_Read@readValue                    cstackCOMRAM 000019
EUSART1_Write@txData                      cstackCOMRAM 000018
EepromRead@address                        cstackCOMRAM 000019
EepromWrite@address                       cstackCOMRAM 00001C
EepromWrite@data                          cstackCOMRAM 00001B
GetIntFromUartData@c                      cstackBANK0  000074
GetIntFromUartData@data                   cstackBANK0  000066
GetIntFromUartData@dataRegArr             cstackBANK0  00006C
GetIntFromUartData@idx                    cstackBANK0  000075
GroupCommon@data                          cstackBANK0  0000E2
GroupCommon@request                       cstackBANK0  0000E4
GroupRx@data                              cstackBANK0  0000E2
GroupRx@request                           cstackBANK0  0000EB
GroupTx@data                              cstackBANK0  0000E2
GroupTx@request                           cstackBANK0  0000EB
Make32bitsArray@array                     cstackCOMRAM 000018
Make32bitsArray@data                      cstackCOMRAM 00001A
Make32bitsArray@idx                       cstackCOMRAM 000020
PLLInitialize@idx                         cstackBANK0  000088
PLLInitialize@idx_943                     cstackBANK0  00008A
PrintHelpScreen@dest                      cstackBANK1  000100
PrintRxStatus@dest                        cstackBANK1  000100
PrintTxStatus@dest                        cstackBANK1  000100
ReadIntFromEeprom@address                 cstackBANK0  0000C4
ReadIntFromEeprom@base                    cstackBANK0  0000BA
ReadIntFromEeprom@idx                     cstackBANK0  0000C9
ReadIntFromEeprom@numOfByes               cstackBANK0  0000B3
ReadIntFromEeprom@retVal                  cstackBANK0  0000C5
SWSPI_DAC_send_bits@count                 cstackCOMRAM 00001B
SWSPI_DAC_send_bits@data                  cstackCOMRAM 00001A
SWSPI_DAC_send_bits@phrType               cstackCOMRAM 00001C
SWSPI_Synth_send_bits@bitArray            cstackBANK0  000060
SWSPI_Synth_send_bits@count               cstackBANK0  000084
SWSPI_Synth_send_bits@data                cstackCOMRAM 000024
SWSPI_Synth_send_bits@mask                cstackBANK0  000080
SWSPI_Synth_send_bits@phrType             cstackBANK0  000085
SWSPI_send_word@data                      cstackCOMRAM 000028
SWSPI_send_word@dataSize                  cstackCOMRAM 00002C
SWSPI_send_word@datac                     cstackCOMRAM 00002D
SWSPI_send_word@idx                       cstackCOMRAM 00002E
SWSPI_send_word@phrType                   cstackCOMRAM 000030
SampleAllChannels@_adcResult              cstackBANK0  0000B6
SampleAllChannels@adcRes                  cstackBANK0  0000B8
SampleAllChannels@i                       cstackBANK0  0000BA
SampleSingleChannel@_adcResult            cstackBANK1  000135
SampleSingleChannel@adcRes                cstackBANK1  000137
SampleSingleChannel@dest                  cstackBANK1  000100
SendUartSystemInitMessage@dest            cstackBANK1  000100
StoreIntInEeprom@address                  cstackCOMRAM 000025
StoreIntInEeprom@data                     cstackCOMRAM 000021
StoreIntInEeprom@idx                      cstackCOMRAM 000029
StoreIntInEeprom@numOfByes                cstackCOMRAM 000026
StoreIntInEeprom@val                      cstackCOMRAM 000028
SwSpi_Clk_Pin@cPinMode                    cstackCOMRAM 000018
SwSpi_Clk_Pin@phrType                     cstackCOMRAM 000019
SwSpi_Data_Pin@cPinMode                   cstackCOMRAM 000018
SwSpi_Data_Pin@phrType                    cstackCOMRAM 000019
SwSpi_Set_CE_Pin@cPinMode                 cstackCOMRAM 000018
SwSpi_Set_CE_Pin@phrType                  cstackCOMRAM 000019
SwSpi_Set_Dac_Sync_Pin@cPinMode           cstackCOMRAM 000018
SwSpi_Set_Synth_Le_Pin@cPinMode           cstackCOMRAM 000018
SwSpi_Set_Synth_Le_Pin@phrType            cstackCOMRAM 000019
TMR0_ISR@CountCallBack                    bssCOMRAM    000035
TMR0_SetInterruptHandler@InterruptHandler cstackCOMRAM 000018
UART_Write_Text@i                         cstackCOMRAM 00001D
UART_Write_Text@text                      cstackCOMRAM 000019
ZeroArray@array                           cstackCOMRAM 000020
ZeroArray@size                            cstackCOMRAM 000022
_ADCON0                                   (abs)        000FC2
_ADCON0bits                               (abs)        000FC2
_ADCON1                                   (abs)        000FC1
_ADCON2                                   (abs)        000FC0
_ADC_GetConversion                        text47       0042F0
_ADC_Initialize                           text30       0044D4
_ADRESH                                   (abs)        000FC4
_ADRESL                                   (abs)        000FC3
_ANSELA                                   (abs)        000F38
_ANSELB                                   (abs)        000F39
_ANSELC                                   (abs)        000F3A
_ANSELD                                   (abs)        000F3B
_ANSELE                                   (abs)        000F3C
_AdcSingleSample                          text17       002AAE
_BAUDCON1                                 (abs)        000FB8
_BlinkOkLeds                              text92       003C60
_ClearMcuRunTime                          text91       004528
_CollectRxStatusParams                    text16       003ACA
_CollectTxStatusParams                    text7        003972
_DAC_ADDRES                               mediumconst  0078B9
_DAC_DEFAULT_INIT_VALUES                  mediumconst  0078B1
_DATAEE_ReadByte                          text90       004514
_DATAEE_WriteByte                         text56       004254
_DacInit                                  text53       002F84
_EEADR                                    (abs)        000FA9
_EECON1bits                               (abs)        000FA6
_EECON2                                   (abs)        000FA7
_EEDATA                                   (abs)        000FA8
_EUSART1_Initialize                       text29       00421E
_EUSART1_Read                             text20       003FFA
_EUSART1_Receive_ISR                      text99       0042BE
_EUSART1_Transmit_ISR                     text98       0041E6
_EUSART1_Write                            text44       0040C2
_EepromRead                               text89       004578
_EepromWrite                              text55       00454A
_GetIntFromUartData                       text9        0035AC
_GroupCommon                              text3        0043C0
_GroupRx                                  text4        002994
_GroupRx$3944                             cstackBANK0  0000E5
_GroupRx$3945                             cstackBANK0  0000E8
_GroupTx                                  text5        002748
_GroupTx$3946                             cstackBANK0  0000E5
_GroupTx$3947                             cstackBANK0  0000E8
_INTCON2bits                              (abs)        000FF1
_INTCONbits                               (abs)        000FF2
_INTERRUPT_Initialize                     text28       004592
_INTERRUPT_InterruptManager               intcode      000008
_IOCB                                     (abs)        000F62
_InitAdcApplicationMgr                    text52       004582
_InitRxMessageParams                      text2        003FB6
_InitSystemApplicationManagers            text48       0044EA
_LATA                                     (abs)        000F89
_LATAbits                                 (abs)        000F89
_LATB                                     (abs)        000F8A
_LATBbits                                 (abs)        000F8A
_LATC                                     (abs)        000F8B
_LATCbits                                 (abs)        000F8B
_LATD                                     (abs)        000F8C
_LATDbits                                 (abs)        000F8C
_LATE                                     (abs)        000F8D
_MEMORY_ISR                               text97       00459E
_Make32bitsArray                          text64       003D76
_OSCCON                                   (abs)        000FD3
_OSCCON2                                  (abs)        000FD2
_OSCILLATOR_Initialize                    text27       00453C
_OSCTUNE                                  (abs)        000F9B
_PIE1bits                                 (abs)        000F9D
_PIE2bits                                 (abs)        000FA0
_PIN_MANAGER_IOC                          text96       00459A
_PIN_MANAGER_Initialize                   text26       003F28
_PIR1bits                                 (abs)        000F9E
_PIR2bits                                 (abs)        000FA1
_PLLInitialize                            text50       001DFA
_PLL_INIT_REGISTERS                       mediumconst  007807
_PORTBbits                                (abs)        000F81
_PORTDbits                                (abs)        000F83
_PrintHelpScreen                          text19       000F8C
_PrintRxStatus                            text8        00168A
_PrintTxStatus                            text6        001494
_RCONbits                                 (abs)        000FD0
_RCREG1                                   (abs)        000FAE
_RCSTA1                                   (abs)        000FAB
_RCSTA1bits                               (abs)        000FAB
_ReadIntFromEeprom                        text68       00286E
_ReadIntFromEeprom$3948                   cstackBANK0  0000BE
_ReadIntFromEeprom$3949                   cstackBANK0  0000C1
_SPBRG1                                   (abs)        000FAF
_SPBRGH1                                  (abs)        000FB0
_SWSPI_DAC_send_bits                      text65       003DCE
_SWSPI_Synth_send_bits                    text61       0032EE
_SWSPI_send_word                          text57       003512
_SYSTEM_Initialize                        text23       0044A2
_SampleAllChannels                        text45       002278
_SampleAllChannels$3937                   cstackBANK0  0000B3
_SampleSingleChannel                      text33       002104
_SampleSingleChannel$3936                 cstackBANK1  000132
_SendUartSystemInitMessage                text32       002E9E
_SetMcuRunTime                            text31       003F70
_SetMcuSystem                             text22       004564
_StoreIntInEeprom                         text54       004176
_SwSpi_Clk_Pin                            text67       003E7C
_SwSpi_Data_Pin                           text66       003E26
_SwSpi_Set_CE_Pin                         text51       0040FE
_SwSpi_Set_Dac_Sync_Pin                   text60       004486
_SwSpi_Set_Synth_Le_Pin                   text59       00413A
_T0CON                                    (abs)        000FD5
_T0CONbits                                (abs)        000FD5
_TABLAT                                   (abs)        000FF5
_TBLPTRH                                  (abs)        000FF7
_TBLPTRL                                  (abs)        000FF6
_TBLPTRU                                  (abs)        000FF8
_TEST_PLL_REGISTERS                       mediumconst  0077D3
_TMR0H                                    (abs)        000FD7
_TMR0L                                    (abs)        000FD6
_TMR0_DefaultInterruptHandler             (abs)        000000
_TMR0_ISR                                 text94       0033B0
_TMR0_Initialize                          text24       00428A
_TMR0_InterruptHandler                    nvBANK2      0002E2
_TMR0_SetInterruptHandler                 text25       00456E
_TMR0_StartTimer                          text49       004596
_TRISA                                    (abs)        000F92
_TRISB                                    (abs)        000F93
_TRISC                                    (abs)        000F94
_TRISD                                    (abs)        000F95
_TRISE                                    (abs)        000F96
_TXREG1                                   (abs)        000FAD
_TXSTA1                                   (abs)        000FAC
_TimerKeepAliveFlag                       bssBANK1     0001EC
_TimerOneSecFlag                          bssBANK1     0001EE
_TimerSamplingFlag                        bssBANK1     0001ED
_TimertenSecFlag                          bssBANK1     0001EB
_UART_Write_Text                          text43       0039E8
_WPUB                                     (abs)        000F61
_ZeroArray                                text62       004468
__CFG_BOREN$SBORDIS                       (abs)        000000
__CFG_BORV$190                            (abs)        000000
__CFG_CCP2MX$PORTC1                       (abs)        000000
__CFG_CCP3MX$PORTB5                       (abs)        000000
__CFG_CP0$OFF                             (abs)        000000
__CFG_CP1$OFF                             (abs)        000000
__CFG_CP2$OFF                             (abs)        000000
__CFG_CP3$OFF                             (abs)        000000
__CFG_CPB$OFF                             (abs)        000000
__CFG_CPD$OFF                             (abs)        000000
__CFG_DEBUG$OFF                           (abs)        000000
__CFG_EBTR0$OFF                           (abs)        000000
__CFG_EBTR1$OFF                           (abs)        000000
__CFG_EBTR2$OFF                           (abs)        000000
__CFG_EBTR3$OFF                           (abs)        000000
__CFG_EBTRB$OFF                           (abs)        000000
__CFG_FCMEN$OFF                           (abs)        000000
__CFG_FOSC$INTIO67                        (abs)        000000
__CFG_HFOFST$ON                           (abs)        000000
__CFG_IESO$OFF                            (abs)        000000
__CFG_LVP$ON                              (abs)        000000
__CFG_MCLRE$EXTMCLR                       (abs)        000000
__CFG_P2BMX$PORTD2                        (abs)        000000
__CFG_PBADEN$ON                           (abs)        000000
__CFG_PLLCFG$OFF                          (abs)        000000
__CFG_PRICLKEN$ON                         (abs)        000000
__CFG_PWRTEN$OFF                          (abs)        000000
__CFG_STVREN$ON                           (abs)        000000
__CFG_T3CMX$PORTC0                        (abs)        000000
__CFG_WDTEN$OFF                           (abs)        000000
__CFG_WDTPS$32768                         (abs)        000000
__CFG_WRT0$OFF                            (abs)        000000
__CFG_WRT1$OFF                            (abs)        000000
__CFG_WRT2$OFF                            (abs)        000000
__CFG_WRT3$OFF                            (abs)        000000
__CFG_WRTB$OFF                            (abs)        000000
__CFG_WRTC$OFF                            (abs)        000000
__CFG_WRTD$OFF                            (abs)        000000
__CFG_XINST$OFF                           (abs)        000000
__HRAM                                    (abs)        000000
__Habs1                                   abs1         000000
__Hbank0                                  bank0        000000
__Hbank1                                  bank1        000000
__Hbank2                                  bank2        000000
__Hbank3                                  bank3        000000
__Hbank4                                  bank4        000000
__Hbank5                                  bank5        000000
__Hbigbss                                 bigbss       000000
__Hbigdata                                bigdata      000000
__Hbigram                                 bigram       000000
__Hbss                                    bss          000000
__HbssBANK1                               bssBANK1     000000
__HbssBANK2                               bssBANK2     000000
__HbssCOMRAM                              bssCOMRAM    000000
__Hcinit                                  cinit        000000
__Hclrtext                                clrtext      000000
__Hcomram                                 comram       000000
__Hconfig                                 config       30000E
__Hconst                                  const        000000
__HcstackBANK0                            cstackBANK0  000000
__HcstackBANK1                            cstackBANK1  000000
__HcstackCOMRAM                           cstackCOMRAM 000000
__Hdata                                   data         000000
__HdataBANK1                              dataBANK1    000000
__HdataBANK2                              dataBANK2    000000
__HdataCOMRAM                             dataCOMRAM   000000
__Heeprom_data                            eeprom_data  000000
__Hfarbss                                 farbss       000000
__Hfardata                                fardata      000000
__Hibigdata                               ibigdata     000000
__Hidata                                  idata        000000
__HidataBANK1                             idataBANK1   000000
__HidataBANK2                             idataBANK2   000000
__HidataCOMRAM                            idataCOMRAM  000000
__Hidloc                                  idloc        200008
__Hifardata                               ifardata     000000
__Hinit                                   init         0000E0
__Hintcode                                intcode      0000DC
__Hintcode_body                           intcode_body 000000
__Hintcodelo                              intcodelo    0000DC
__Hintentry                               intentry     000000
__Hintret                                 intret       000000
__Hintsave_regs                           intsave_regs 000000
__Hirdata                                 irdata       000000
__Hmediumconst                            mediumconst  008000
__HnvBANK1                                nvBANK1      000000
__HnvBANK2                                nvBANK2      000000
__HnvCOMRAM                               nvCOMRAM     000000
__HnvFARRAM                               nvFARRAM     000000
__Hnvbit                                  nvbit        000000
__Hnvrram                                 nvrram       000000
__Hparam                                  rparam       000000
__Hpowerup                                powerup      0000DC
__Hram                                    ram          000000
__Hramtop                                 ramtop       000600
__Hrbit                                   rbit         000000
__Hrbss                                   rbss         000000
__Hrdata                                  rdata        000000
__Hreset_vec                              reset_vec    000006
__Hrparam                                 rparam       000000
__Hsfr                                    sfr          000000
__Hsmallconst                             smallconst   000000
__Hspace_0                                (abs)        30000E
__Hspace_1                                (abs)        0002E4
__Hspace_2                                (abs)        000000
__Hstack                                  stack        000000
__Hstruct                                 struct       000000
__Htemp                                   temp         000049
__Htext                                   text         000000
__Htext0                                  text0        000000
__Htext1                                  text1        000000
__Htext10                                 text10       000000
__Htext100                                text100      000000
__Htext11                                 text11       000000
__Htext12                                 text12       000000
__Htext13                                 text13       000000
__Htext14                                 text14       000000
__Htext15                                 text15       000000
__Htext16                                 text16       000000
__Htext17                                 text17       000000
__Htext18                                 text18       000000
__Htext19                                 text19       000000
__Htext2                                  text2        000000
__Htext20                                 text20       000000
__Htext21                                 text21       000000
__Htext22                                 text22       000000
__Htext23                                 text23       000000
__Htext24                                 text24       000000
__Htext25                                 text25       000000
__Htext26                                 text26       000000
__Htext27                                 text27       000000
__Htext28                                 text28       000000
__Htext29                                 text29       000000
__Htext3                                  text3        000000
__Htext30                                 text30       000000
__Htext31                                 text31       000000
__Htext32                                 text32       000000
__Htext33                                 text33       000000
__Htext34                                 text34       000000
__Htext35                                 text35       000000
__Htext36                                 text36       000000
__Htext37                                 text37       000000
__Htext38                                 text38       000000
__Htext39                                 text39       000000
__Htext4                                  text4        000000
__Htext40                                 text40       000000
__Htext41                                 text41       000000
__Htext42                                 text42       000000
__Htext43                                 text43       000000
__Htext44                                 text44       000000
__Htext45                                 text45       000000
__Htext46                                 text46       000000
__Htext47                                 text47       000000
__Htext48                                 text48       000000
__Htext49                                 text49       000000
__Htext5                                  text5        000000
__Htext50                                 text50       000000
__Htext51                                 text51       000000
__Htext52                                 text52       000000
__Htext53                                 text53       000000
__Htext54                                 text54       000000
__Htext55                                 text55       000000
__Htext56                                 text56       000000
__Htext57                                 text57       000000
__Htext58                                 text58       000000
__Htext59                                 text59       000000
__Htext6                                  text6        000000
__Htext60                                 text60       000000
__Htext61                                 text61       000000
__Htext62                                 text62       000000
__Htext63                                 text63       000000
__Htext64                                 text64       000000
__Htext65                                 text65       000000
__Htext66                                 text66       000000
__Htext67                                 text67       000000
__Htext68                                 text68       000000
__Htext69                                 text69       000000
__Htext7                                  text7        000000
__Htext70                                 text70       000000
__Htext71                                 text71       000000
__Htext72                                 text72       000000
__Htext73                                 text73       000000
__Htext74                                 text74       000000
__Htext75                                 text75       000000
__Htext76                                 text76       000000
__Htext77                                 text77       000000
__Htext78                                 text78       000000
__Htext79                                 text79       000000
__Htext8                                  text8        000000
__Htext80                                 text80       000000
__Htext81                                 text81       000000
__Htext82                                 text82       000000
__Htext83                                 text83       000000
__Htext84                                 text84       000000
__Htext85                                 text85       000000
__Htext86                                 text86       000000
__Htext87                                 text87       000000
__Htext88                                 text88       000000
__Htext89                                 text89       000000
__Htext9                                  text9        000000
__Htext90                                 text90       000000
__Htext91                                 text91       000000
__Htext92                                 text92       000000
__Htext94                                 text94       000000
__Htext95                                 text95       000000
__Htext96                                 text96       000000
__Htext97                                 text97       000000
__Htext98                                 text98       000000
__Htext99                                 text99       000000
__LRAM                                    (abs)        000001
__Labs1                                   abs1         000000
__Lbank0                                  bank0        000000
__Lbank1                                  bank1        000000
__Lbank2                                  bank2        000000
__Lbank3                                  bank3        000000
__Lbank4                                  bank4        000000
__Lbank5                                  bank5        000000
__Lbigbss                                 bigbss       000000
__Lbigdata                                bigdata      000000
__Lbigram                                 bigram       000000
__Lbss                                    bss          000000
__LbssBANK1                               bssBANK1     000000
__LbssBANK2                               bssBANK2     000000
__LbssCOMRAM                              bssCOMRAM    000000
__Lcinit                                  cinit        000000
__Lclrtext                                clrtext      000000
__Lcomram                                 comram       000000
__Lconfig                                 config       300000
__Lconst                                  const        000000
__LcstackBANK0                            cstackBANK0  000000
__LcstackBANK1                            cstackBANK1  000000
__LcstackCOMRAM                           cstackCOMRAM 000000
__Ldata                                   data         000000
__LdataBANK1                              dataBANK1    000000
__LdataBANK2                              dataBANK2    000000
__LdataCOMRAM                             dataCOMRAM   000000
__Leeprom_data                            eeprom_data  000000
__Lfarbss                                 farbss       000000
__Lfardata                                fardata      000000
__Libigdata                               ibigdata     000000
__Lidata                                  idata        000000
__LidataBANK1                             idataBANK1   000000
__LidataBANK2                             idataBANK2   000000
__LidataCOMRAM                            idataCOMRAM  000000
__Lidloc                                  idloc        200000
__Lifardata                               ifardata     000000
__Linit                                   init         0000DC
__Lintcode                                intcode      000008
__Lintcode_body                           intcode_body 000000
__Lintcodelo                              intcodelo    0000DC
__Lintentry                               intentry     000000
__Lintret                                 intret       000000
__Lintsave_regs                           intsave_regs 000000
__Lirdata                                 irdata       000000
__Lmediumconst                            mediumconst  0077D2
__LnvBANK1                                nvBANK1      000000
__LnvBANK2                                nvBANK2      000000
__LnvCOMRAM                               nvCOMRAM     000000
__LnvFARRAM                               nvFARRAM     000000
__Lnvbit                                  nvbit        000000
__Lnvrram                                 nvrram       000000
__Lparam                                  rparam       000000
__Lpowerup                                powerup      0000DC
__Lram                                    ram          000000
__Lramtop                                 ramtop       000600
__Lrbit                                   rbit         000000
__Lrbss                                   rbss         000000
__Lrdata                                  rdata        000000
__Lreset_vec                              reset_vec    000000
__Lrparam                                 rparam       000000
__Lsfr                                    sfr          000000
__Lsmallconst                             smallconst   000000
__Lspace_0                                (abs)        000000
__Lspace_1                                (abs)        000000
__Lspace_2                                (abs)        000000
__Lstack                                  stack        000000
__Lstruct                                 struct       000000
__Ltemp                                   temp         000048
__Ltext                                   text         000000
__Ltext0                                  text0        000000
__Ltext1                                  text1        000000
__Ltext10                                 text10       000000
__Ltext100                                text100      000000
__Ltext11                                 text11       000000
__Ltext12                                 text12       000000
__Ltext13                                 text13       000000
__Ltext14                                 text14       000000
__Ltext15                                 text15       000000
__Ltext16                                 text16       000000
__Ltext17                                 text17       000000
__Ltext18                                 text18       000000
__Ltext19                                 text19       000000
__Ltext2                                  text2        000000
__Ltext20                                 text20       000000
__Ltext21                                 text21       000000
__Ltext22                                 text22       000000
__Ltext23                                 text23       000000
__Ltext24                                 text24       000000
__Ltext25                                 text25       000000
__Ltext26                                 text26       000000
__Ltext27                                 text27       000000
__Ltext28                                 text28       000000
__Ltext29                                 text29       000000
__Ltext3                                  text3        000000
__Ltext30                                 text30       000000
__Ltext31                                 text31       000000
__Ltext32                                 text32       000000
__Ltext33                                 text33       000000
__Ltext34                                 text34       000000
__Ltext35                                 text35       000000
__Ltext36                                 text36       000000
__Ltext37                                 text37       000000
__Ltext38                                 text38       000000
__Ltext39                                 text39       000000
__Ltext4                                  text4        000000
__Ltext40                                 text40       000000
__Ltext41                                 text41       000000
__Ltext42                                 text42       000000
__Ltext43                                 text43       000000
__Ltext44                                 text44       000000
__Ltext45                                 text45       000000
__Ltext46                                 text46       000000
__Ltext47                                 text47       000000
__Ltext48                                 text48       000000
__Ltext49                                 text49       000000
__Ltext5                                  text5        000000
__Ltext50                                 text50       000000
__Ltext51                                 text51       000000
__Ltext52                                 text52       000000
__Ltext53                                 text53       000000
__Ltext54                                 text54       000000
__Ltext55                                 text55       000000
__Ltext56                                 text56       000000
__Ltext57                                 text57       000000
__Ltext58                                 text58       000000
__Ltext59                                 text59       000000
__Ltext6                                  text6        000000
__Ltext60                                 text60       000000
__Ltext61                                 text61       000000
__Ltext62                                 text62       000000
__Ltext63                                 text63       000000
__Ltext64                                 text64       000000
__Ltext65                                 text65       000000
__Ltext66                                 text66       000000
__Ltext67                                 text67       000000
__Ltext68                                 text68       000000
__Ltext69                                 text69       000000
__Ltext7                                  text7        000000
__Ltext70                                 text70       000000
__Ltext71                                 text71       000000
__Ltext72                                 text72       000000
__Ltext73                                 text73       000000
__Ltext74                                 text74       000000
__Ltext75                                 text75       000000
__Ltext76                                 text76       000000
__Ltext77                                 text77       000000
__Ltext78                                 text78       000000
__Ltext79                                 text79       000000
__Ltext8                                  text8        000000
__Ltext80                                 text80       000000
__Ltext81                                 text81       000000
__Ltext82                                 text82       000000
__Ltext83                                 text83       000000
__Ltext84                                 text84       000000
__Ltext85                                 text85       000000
__Ltext86                                 text86       000000
__Ltext87                                 text87       000000
__Ltext88                                 text88       000000
__Ltext89                                 text89       000000
__Ltext9                                  text9        000000
__Ltext90                                 text90       000000
__Ltext91                                 text91       000000
__Ltext92                                 text92       000000
__Ltext94                                 text94       000000
__Ltext95                                 text95       000000
__Ltext96                                 text96       000000
__Ltext97                                 text97       000000
__Ltext98                                 text98       000000
__Ltext99                                 text99       000000
__S0                                      (abs)        30000E
__S1                                      (abs)        0002E4
__S2                                      (abs)        000000
___altoft                                 text77       0038F8
___altoft@c                               cstackBANK0  000088
___altoft@exp                             cstackCOMRAM 00002F
___altoft@sign                            cstackCOMRAM 000030
___awdiv                                  text38       0037F2
___awdiv@counter                          cstackCOMRAM 000022
___awdiv@dividend                         cstackCOMRAM 00001E
___awdiv@divisor                          cstackCOMRAM 000020
___awdiv@quotient                         cstackCOMRAM 000024
___awdiv@sign                             cstackCOMRAM 000023
___awmod                                  text37       003A5A
___awmod@counter                          cstackCOMRAM 00001C
___awmod@dividend                         cstackCOMRAM 000018
___awmod@divisor                          cstackCOMRAM 00001A
___awmod@sign                             cstackCOMRAM 00001D
___awtoft                                 text85       0041AE
___awtoft@c                               cstackCOMRAM 000020
___awtoft@sign                            cstackCOMRAM 000023
___ftadd                                  text82       001C4C
___ftadd@exp1                             cstackBANK0  000087
___ftadd@exp2                             cstackBANK0  000086
___ftadd@f1                               cstackBANK0  00007C
___ftadd@f2                               cstackBANK0  00007F
___ftadd@sign                             cstackBANK0  000085
___ftdiv                                  text84       002DB6
___ftdiv@cntr                             cstackBANK0  000060
___ftdiv@exp                              cstackBANK0  000064
___ftdiv@f1                               cstackCOMRAM 000023
___ftdiv@f2                               cstackCOMRAM 000026
___ftdiv@f3                               cstackBANK0  000061
___ftdiv@sign                             cstackBANK0  000065
___ftge                                   text76       003762
___ftge@ff1                               cstackCOMRAM 000018
___ftge@ff2                               cstackCOMRAM 00001B
___ftmul                                  text80       002CC0
___ftmul@cntr                             cstackBANK0  000070
___ftmul@exp                              cstackBANK0  00006C
___ftmul@f1                               cstackBANK0  000066
___ftmul@f2                               cstackBANK0  000069
___ftmul@f3_as_product                    cstackBANK0  00006D
___ftmul@sign                             cstackBANK0  000071
___ftneg                                  text83       004408
___ftneg@f1                               cstackCOMRAM 000018
___ftpack                                 text87       003464
___ftpack@arg                             cstackCOMRAM 000018
___ftpack@exp                             cstackCOMRAM 00001B
___ftpack@sign                            cstackCOMRAM 00001C
___ftsub                                  text81       00403E
___ftsub@f1                               cstackBANK0  000088
___ftsub@f2                               cstackBANK0  00008B
___fttol                                  text75       002BC8
___fttol@exp1                             cstackBANK0  000087
___fttol@f1                               cstackBANK0  000079
___fttol@lval                             cstackBANK0  000083
___fttol@sign1                            cstackBANK0  000082
___inthi_sp                               stack        000000
___intlo_sp                               stack        000000
___lldiv                                  text42       003876
___lldiv@counter                          cstackCOMRAM 000024
___lldiv@dividend                         cstackCOMRAM 000018
___lldiv@divisor                          cstackCOMRAM 00001C
___lldiv@quotient                         cstackCOMRAM 000020
___llmod                                  text41       003B38
___llmod@counter                          cstackBANK0  0000BB
___llmod@dividend                         cstackBANK0  0000B3
___llmod@divisor                          cstackBANK0  0000B7
___lltoft                                 text86       003D1A
___lltoft@c                               cstackCOMRAM 000020
___lltoft@exp                             cstackCOMRAM 000028
___lmul                                   text88       003ED2
___lmul@multiplicand                      cstackCOMRAM 00001E
___lmul@multiplier                        cstackCOMRAM 00001A
___lmul@product                           cstackCOMRAM 000022
___lwmod                                  text95       004080
___lwmod@counter                          cstackCOMRAM 000005
___lwmod@dividend                         cstackCOMRAM 000001
___lwmod@divisor                          cstackCOMRAM 000003
___lwtoft                                 text46       0043E4
___lwtoft@c                               cstackCOMRAM 000020
___param_bank                             (abs)        000000
___rparam_used                            (abs)        000001
___sp                                     stack        000000
___wmul                                   text79       00439A
___wmul@multiplicand                      cstackCOMRAM 000028
___wmul@multiplier                        cstackCOMRAM 000026
___wmul@product                           cstackCOMRAM 00002A
__accesstop                               (abs)        000060
__activetblptr                            (abs)        000002
__div_to_l_                               text40       002620
__div_to_l_@cntr                          cstackCOMRAM 000022
__div_to_l_@exp1                          cstackCOMRAM 000023
__div_to_l_@f1                            cstackCOMRAM 000018
__div_to_l_@f2                            cstackCOMRAM 00001B
__div_to_l_@quot                          cstackCOMRAM 00001E
__end_of_ADC_GetConversion                text47       004320
__end_of_ADC_Initialize                   text30       0044EA
__end_of_AdcSingleSample                  text17       002BC8
__end_of_BlinkOkLeds                      text92       003CBE
__end_of_ClearMcuRunTime                  text91       00453C
__end_of_CollectRxStatusParams            text16       003B38
__end_of_CollectTxStatusParams            text7        0039E8
__end_of_DAC_ADDRES                       mediumconst  0078BD
__end_of_DAC_DEFAULT_INIT_VALUES          mediumconst  0078B9
__end_of_DATAEE_ReadByte                  text90       004528
__end_of_DATAEE_WriteByte                 text56       00428A
__end_of_DacInit                          text53       003068
__end_of_EUSART1_Initialize               text29       004254
__end_of_EUSART1_Read                     text20       00403E
__end_of_EUSART1_Receive_ISR              text99       0042F0
__end_of_EUSART1_Transmit_ISR             text98       00421E
__end_of_EUSART1_Write                    text44       0040FE
__end_of_EepromRead                       text89       004582
__end_of_EepromWrite                      text55       004558
__end_of_GetIntFromUartData               text9        003640
__end_of_GroupCommon                      text3        0043E4
__end_of_GroupRx                          text4        002AAE
__end_of_GroupTx                          text5        00286E
__end_of_INTERRUPT_Initialize             text28       004596
__end_of_INTERRUPT_InterruptManager       intcode      0000DC
__end_of_InitAdcApplicationMgr            text52       00458A
__end_of_InitRxMessageParams              text2        003FFA
__end_of_InitSystemApplicationManagers    text48       004500
__end_of_MEMORY_ISR                       text97       0045A2
__end_of_Make32bitsArray                  text64       003DCE
__end_of_OSCILLATOR_Initialize            text27       00454A
__end_of_PIN_MANAGER_IOC                  text96       00459E
__end_of_PIN_MANAGER_Initialize           text26       003F70
__end_of_PLLInitialize                    text50       001F84
__end_of_PLL_INIT_REGISTERS               mediumconst  00783B
__end_of_PrintHelpScreen                  text19       001236
__end_of_PrintRxStatus                    text8        001880
__end_of_PrintTxStatus                    text6        00168A
__end_of_ReadIntFromEeprom                text68       002994
__end_of_SWSPI_DAC_send_bits              text65       003E26
__end_of_SWSPI_Synth_send_bits            text61       0033B0
__end_of_SWSPI_send_word                  text57       0035AC
__end_of_SYSTEM_Initialize                text23       0044BC
__end_of_SampleAllChannels                text45       0023C4
__end_of_SampleSingleChannel              text33       002278
__end_of_SendUartSystemInitMessage        text32       002F84
__end_of_SetMcuRunTime                    text31       003FB6
__end_of_SetMcuSystem                     text22       00456E
__end_of_StoreIntInEeprom                 text54       0041AE
__end_of_SwSpi_Clk_Pin                    text67       003ED2
__end_of_SwSpi_Data_Pin                   text66       003E7C
__end_of_SwSpi_Set_CE_Pin                 text51       00413A
__end_of_SwSpi_Set_Dac_Sync_Pin           text60       0044A2
__end_of_SwSpi_Set_Synth_Le_Pin           text59       004176
__end_of_TEST_PLL_REGISTERS               mediumconst  007807
__end_of_TMR0_ISR                         text94       003464
__end_of_TMR0_Initialize                  text24       0042BE
__end_of_TMR0_SetInterruptHandler         text25       004578
__end_of_TMR0_StartTimer                  text49       00459A
__end_of_UART_Write_Text                  text43       003A5A
__end_of_ZeroArray                        text62       004486
__end_of___altoft                         text77       003972
__end_of___awdiv                          text38       003876
__end_of___awmod                          text37       003ACA
__end_of___awtoft                         text85       0041E6
__end_of___ftadd                          text82       001DFA
__end_of___ftdiv                          text84       002E9E
__end_of___ftge                           text76       0037F2
__end_of___ftmul                          text80       002DB6
__end_of___ftneg                          text83       00442C
__end_of___ftpack                         text87       003512
__end_of___ftsub                          text81       004080
__end_of___fttol                          text75       002CC0
__end_of___lldiv                          text42       0038F8
__end_of___llmod                          text41       003BA0
__end_of___lltoft                         text86       003D76
__end_of___lmul                           text88       003F28
__end_of___lwmod                          text95       0040C2
__end_of___lwtoft                         text46       004408
__end_of___wmul                           text79       0043C0
__end_of__div_to_l_                       text40       002748
__end_of__initialization                  cinit        0036C4
__end_of__npowers_                        mediumconst  0078B1
__end_of__powers_                         mediumconst  00788A
__end_of__tdiv_to_l_                      text39       0024F6
__end_of_channelArr                       mediumconst  0078C1
__end_of_dpowers                          mediumconst  007863
__end_of_eval_poly                        text78       003220
__end_of_exp                              text71       001A76
__end_of_floor                            text73       00314A
__end_of_frexp                            text74       003762
__end_of_fround                           text36       001494
__end_of_isalpha                          text14       004374
__end_of_isdigit                          text13       00444A
__end_of_isspace                          text12       00439A
__end_of_isupper                          text15       004468
__end_of_keepAliveSignalLed               text21       0044D4
__end_of_ldexp                            text72       0032EE
__end_of_log                              text70       002620
__end_of_main                             text0        003C00
__end_of_make8                            text58       003D1A
__end_of_memset                           text63       00434C
__end_of_pow                              text69       002104
__end_of_readUartByte                     text1        000F8C
__end_of_scale                            text35       000CC2
__end_of_sprintf                          text34       0008A2
__end_of_strtol                           text10       001C4C
__end_of_testLeds                         text18       003C60
__end_of_toupper                          text11       004514
__end_ofexp@coeff                         mediumconst  0078DF
__end_oflog@coeff                         mediumconst  0078FA
__initialization                          cinit        003640
__mediumconst                             mediumconst  0077D2
__npowers_                                mediumconst  00788A
__pbssBANK1                               bssBANK1     000185
__pbssBANK2                               bssBANK2     000200
__pbssCOMRAM                              bssCOMRAM    000031
__pcinit                                  cinit        003640
__pcstackBANK0                            cstackBANK0  000060
__pcstackBANK1                            cstackBANK1  000100
__pcstackCOMRAM                           cstackCOMRAM 000001
__pdataBANK1                              dataBANK1    0001EF
__pdataBANK2                              dataBANK2    0002D6
__pdataCOMRAM                             dataCOMRAM   000042
[...]
 This function calls:
		Nothing
 This function is called by:
		_main
 This function uses a non-reentrant model


 *************** function _INTERRUPT_InterruptManager *****************
 Defined at:
		line 57 in file "mcc_generated_files/interrupt_manager.c"
 Parameters:    Size  Location     Type
		None
 Auto vars:     Size  Location     Type
		None
 Return value:  Size  Location     Type
                  1    wreg      void 
 Registers used:
		wreg, fsr2l, fsr2h, status,2, status,0, prodl, prodh, cstack
 Tracked objects:
		On entry : 
		On exit  : 
		Unchanged: 
 Data sizes:     COMRAM   BANK0   BANK1   BANK2   BANK3   BANK4   BANK5
      Params:         0       0       0       0       0       0       0
      Locals:         0       0       0       0       0       0       0
      Temps:         18       0       0       0       0       0       0
      Totals:        18       0       0       0       0       0       0
Total ram usage:       18 bytes
 Hardware stack levels used:    1
 Hardware stack levels required when called:    2
 This function calls:
		_EUSART1_Receive_ISR
		_EUSART1_Transmit_ISR
		_MEMORY_ISR
		_PIN_MANAGER_IOC
		_TMR0_ISR
 This function is called by:
		Interrupt level 2
 This function uses a non-reentrant model


 *************** function _TMR0_ISR *****************
 Defined at:
		line 132 in file "mcc_generated_files/tmr0.c"
 Parameters:    Size  Location     Type
		None
 Auto vars:     Size  Location     Type
		None
 Return value:  Size  Location     Type
                  1    wreg      void 
 Registers used:
		wreg, status,2, status,0, cstack
 Tracked objects:
		On entry : 
		On exit  : 
		Unchanged: 
 Data sizes:     COMRAM   BANK0   BANK1   BANK2   BANK3   BANK4   BANK5
      Params:         0       0       0       0       0       0       0
      Locals:         0       0       0       0       0       0       0
      Temps:          0       0       0       0       0       0       0
      Totals:         0       0       0       0       0       0       0
Total ram usage:        0 bytes
 Hardware stack levels used:    1
 Hardware stack levels required when called:    1
 This function calls:
		___lwmod
 This function is called by:
		_INTERRUPT_InterruptManager
 This function uses a non-reentrant model


 *************** function ___lwmod *****************
 Defined at:
		line 8 in file "C:\Program Files (x86)\Microchip\xc8\v1.45\sources\common\lwmod.c"
 Parameters:    Size  Location     Type
  dividend        2    0[COMRAM] unsigned int 
  divisor         2    2[COMRAM] unsigned int 
 Auto vars:     Size  Location     Type
  counter         1    4[COMRAM] unsigned char 
 Return value:  Size  Location     Type
                  2    0[COMRAM] unsigned int 
 Registers used:
		wreg, status,2, status,0
 Tracked objects:
		On entry : 
		On exit  : 
		Unchanged: 
 Data sizes:     COMRAM   BANK0   BANK1   BANK2   BANK3   BANK4   BANK5
      Params:         4       0       0       0       0       0       0
      Locals:         1       0       0       0       0       0       0
      Temps:          0       0       0       0       0       0       0
      Totals:         5       0       0       0       0       0       0
Total ram usage:        5 bytes
 Hardware stack levels used:    1
 This function calls:
		Nothing
 This function is called by:
		_TMR0_ISR
 This function uses a non-reentrant model


 *************** function _PIN_MANAGER_IOC *****************
 Defined at:
		line 96 in file "mcc_generated_files/pin_manager.c"
 Parameters:    Size  Location     Type
		None
 Auto vars:     Size  Location     Type
		None
 Return value:  Size  Location     Type
                  1    wreg      void 
 Registers used:
		None
 Tracked objects:
		On entry : 
		On exit  : 
		Unchanged: 
 Data sizes:     COMRAM   BANK0   BANK1   BANK2   BANK3   BANK4   BANK5
      Params:         0       0       0       0       0       0       0
      Locals:         0       0       0       0       0       0       0
      Temps:          0       0       0       0       0       0       0
      Totals:         0       0       0       0       0       0       0
Total ram usage:        0 bytes
 Hardware stack levels used:    1
 This function calls:
		Nothing
 This function is called by:
		_INTERRUPT_InterruptManager
 This function uses a non-reentrant model


 *************** function _MEMORY_ISR *****************
 Defined at:
		line 206 in file "mcc_generated_files/memory.c"
 Parameters:    Size  Location     Type
		None
 Auto vars:     Size  Location     Type
		None
 Return value:  Size  Location     Type
                  1    wreg      void 
 Registers used:
		None
 Tracked objects:
		On entry : 
		On exit  : 
		Unchanged: 
 Data sizes:     COMRAM   BANK0   BANK1   BANK2   BANK3   BANK4   BANK5
      Params:         0       0       0       0       0       0       0
      Locals:         0       0       0       0       0       0       0
      Temps:          0       0       0       0       0       0       0
      Totals:         0       0       0       0       0       0       0
Total ram usage:        0 bytes
 Hardware stack levels used:    1
 This function calls:
		Nothing
 This function is called by:
		_INTERRUPT_InterruptManager
 This function uses a non-reentrant model


 *************** function _EUSART1_Transmit_ISR *****************
 Defined at:
		line 181 in file "mcc_generated_files/eusart1.c"
 Parameters:    Size  Location     Type
		None
 Auto vars:     Size  Location     Type
		None
 Return value:  Size  Location     Type
                  1    wreg      void 
 Registers used:
		wreg, fsr2l, fsr2h, status,2, status,0, prodl, prodh
 Tracked objects:
		On entry : 
		On exit  : 
		Unchanged: 
 Data sizes:     COMRAM   BANK0   BANK1   BANK2   BANK3   BANK4   BANK5
      Params:         0       0       0       0       0       0       0
      Locals:         0       0       0       0       0       0       0
      Temps:          0       0       0       0       0       0       0
      Totals:         0       0       0       0       0       0       0
Total ram usage:        0 bytes
 Hardware stack levels used:    1
 This function calls:
		Nothing
 This function is called by:
		_INTERRUPT_InterruptManager
 This function uses a non-reentrant model


 *************** function _EUSART1_Receive_ISR *****************
 Defined at:
		line 202 in file "mcc_generated_files/eusart1.c"
 Parameters:    Size  Location     Type
		None
 Auto vars:     Size  Location     Type
		None
 Return value:  Size  Location     Type
                  1    wreg      void 
 Registers used:
		wreg, fsr2l, fsr2h, status,2, status,0, prodl, prodh
 Tracked objects:
		On entry : 
		On exit  : 
		Unchanged: 
 Data sizes:     COMRAM   BANK0   BANK1   BANK2   BANK3   BANK4   BANK5
      Params:         0       0       0       0       0       0       0
      Locals:         0       0       0       0       0       0       0
      Temps:          0       0       0       0       0       0       0
      Totals:         0       0       0       0       0       0       0
Total ram usage:        0 bytes
 Hardware stack levels used:    1
 This function calls:
		Nothing
 This function is called by:
		_INTERRUPT_InterruptManager
 This function uses a non-reentrant model



MODULE INFORMATION

Module		Function		Class		Link	Load	Size
AdcApp.c
		_AdcSingleSample		CODE           	2AAE	0000	283
		_SampleAllChannels		CODE           	2278	0000	333
		_InitAdcApplicationMgr		CODE           	4582	0000	9
		_SampleSingleChannel		CODE           	2104	0000	373

AdcApp.c estimated size: 998

MessageFunctions.c
		_GroupRx       		CODE           	2994	0000	283
		_GroupCommon   		CODE           	43C0	0000	37
		_GroupTx       		CODE           	2748	0000	295

MessageFunctions.c estimated size: 615

SystemCommon.c
		_make8         		CODE           	3CBE	0000	93
		_Make32bitsArray		CODE           	3D76	0000	89
		_StoreIntInEeprom		CODE           	4176	0000	57
		_ReadIntFromEeprom		CODE           	286E	0000	295
		_ZeroArray     		CODE           	4468	0000	31
		_GetIntFromUartData		CODE           	35AC	0000	149

SystemCommon.c estimated size: 714

C:\Program Files (x86)\Microchip\xc8\v1.45\sources\common\ftneg.c
		___ftneg       		CODE           	4408	0000	37

C:\Program Files (x86)\Microchip\xc8\v1.45\sources\common\ftneg.c estimated size: 37

DacApp.c
		_DacInit       		CODE           	2F84	0000	229

DacApp.c estimated size: 229

SystemStatus.c
		_PrintHelpScreen		CODE           	0F8C	0000	683
		_CollectRxStatusParams		CODE           	3ACA	0000	111
		_CollectTxStatusParams		CODE           	3972	0000	119
		_PrintRxStatus 		CODE           	168A	0000	503
		_ClearMcuRunTime		CODE           	4528	0000	21
		_SetMcuRunTime 		CODE           	3F70	0000	71
		_SendUartSystemInitMessage		CODE           	2E9E	0000	231
		_PrintTxStatus 		CODE           	1494	0000	503

SystemStatus.c estimated size: 2242

C:\Program Files (x86)\Microchip\xc8\v1.45\sources\common\strtol.c
		_strtol        		CODE           	1A76	0000	471

C:\Program Files (x86)\Microchip\xc8\v1.45\sources\common\strtol.c estimated size: 471

C:\Program Files (x86)\Microchip\xc8\v1.45\sources\common\isalpha.c
		_isalpha       		CODE           	434C	0000	41

C:\Program Files (x86)\Microchip\xc8\v1.45\sources\common\isalpha.c estimated size: 41

C:\Program Files (x86)\Microchip\xc8\v1.45\sources\common\ftsub.c
		___ftsub       		CODE           	403E	0000	67

C:\Program Files (x86)\Microchip\xc8\v1.45\sources\common\ftsub.c estimated size: 67

C:\Program Files (x86)\Microchip\xc8\v1.45\sources\common\float.c
		___ftpack      		CODE           	3464	0000	175

C:\Program Files (x86)\Microchip\xc8\v1.45\sources\common\float.c estimated size: 175

C:\Program Files (x86)\Microchip\xc8\v1.45\sources\common\doprnt.c
		_scale         		CODE           	08A2	0000	1057
		_sprintf       		CODE           	00E0	0000	1987
		_fround        		CODE           	1236	0000	607

C:\Program Files (x86)\Microchip\xc8\v1.45\sources\common\doprnt.c estimated size: 3651

SwSpiApp.c
		_SWSPI_Synth_send_bits		CODE           	32EE	0000	195
		_SWSPI_send_word		CODE           	3512	0000	155
		_SwSpi_Set_Synth_Le_Pin		CODE           	413A	0000	61
		_SwSpi_Data_Pin		CODE           	3E26	0000	87
		_SwSpi_Set_CE_Pin		CODE           	40FE	0000	61
		_SwSpi_Clk_Pin 		CODE           	3E7C	0000	87
		_SwSpi_Set_Dac_Sync_Pin		CODE           	4486	0000	29
		_SWSPI_DAC_send_bits		CODE           	3DCE	0000	89

SwSpiApp.c estimated size: 764

C:\Program Files (x86)\Microchip\xc8\v1.45\sources\common\lltoft.c
		___lltoft      		CODE           	3D1A	0000	93

C:\Program Files (x86)\Microchip\xc8\v1.45\sources\common\lltoft.c estimated size: 93

mcc_generated_files/interrupt_manager.c
		_INTERRUPT_Initialize		CODE           	4592	0000	5
		_INTERRUPT_InterruptManager		CODE           	0008	0000	213

mcc_generated_files/interrupt_manager.c estimated size: 218

C:\Program Files (x86)\Microchip\xc8\v1.45\sources\common\log.c
		_log           		CODE           	24F6	0000	299

C:\Program Files (x86)\Microchip\xc8\v1.45\sources\common\log.c estimated size: 299

C:\Program Files (x86)\Microchip\xc8\v1.45\sources\common\Umul16.c
		___wmul        		CODE           	439A	0000	39

C:\Program Files (x86)\Microchip\xc8\v1.45\sources\common\Umul16.c estimated size: 39

mcc_generated_files/tmr0.c
		_TMR0_SetInterruptHandler		CODE           	456E	0000	11
		_TMR0_StartTimer		CODE           	4596	0000	5
		_TMR0_ISR      		CODE           	33B0	0000	181
		_TMR0_Initialize		CODE           	428A	0000	53

mcc_generated_files/tmr0.c estimated size: 250

SyntApp.c
		_PLLInitialize 		CODE           	1DFA	0000	395

SyntApp.c estimated size: 395

C:\Program Files (x86)\Microchip\xc8\v1.45\sources\common\frexp.c
		_ldexp         		CODE           	3220	0000	207
		_frexp         		CODE           	36D2	0000	145

C:\Program Files (x86)\Microchip\xc8\v1.45\sources\common\frexp.c estimated size: 352

C:\Program Files (x86)\Microchip\xc8\v1.45\sources\common\ftge.c
		___ftge        		CODE           	3762	0000	145

C:\Program Files (x86)\Microchip\xc8\v1.45\sources\common\ftge.c estimated size: 145

mcc_generated_files/pin_manager.c
		_PIN_MANAGER_Initialize		CODE           	3F28	0000	73
		_PIN_MANAGER_IOC		CODE           	459A	0000	5

mcc_generated_files/pin_manager.c estimated size: 78

C:\Program Files (x86)\Microchip\xc8\v1.45\sources\common\isdigit.c
		_isdigit       		CODE           	442C	0000	31

C:\Program Files (x86)\Microchip\xc8\v1.45\sources\common\isdigit.c estimated size: 31

C:\Program Files (x86)\Microchip\xc8\v1.45\sources\common\pow.c
		_pow           		CODE           	1F84	0000	385

C:\Program Files (x86)\Microchip\xc8\v1.45\sources\common\pow.c estimated size: 385

C:\Program Files (x86)\Microchip\xc8\v1.45\sources\common\floor.c
		_floor         		CODE           	3068	0000	227

C:\Program Files (x86)\Microchip\xc8\v1.45\sources\common\floor.c estimated size: 227

C:\Program Files (x86)\Microchip\xc8\v1.45\sources\common\ftdivl.c
		__tdiv_to_l_   		CODE           	23C4	0000	307

C:\Program Files (x86)\Microchip\xc8\v1.45\sources\common\ftdivl.c estimated size: 307

C:\Program Files (x86)\Microchip\xc8\v1.45\sources\common\lwmod.c
		___lwmod       		CODE           	4080	0000	67

C:\Program Files (x86)\Microchip\xc8\v1.45\sources\common\lwmod.c estimated size: 67

C:\Program Files (x86)\Microchip\xc8\v1.45\sources\common\ftmul.c
		___ftmul       		CODE           	2CC0	0000	247

C:\Program Files (x86)\Microchip\xc8\v1.45\sources\common\ftmul.c estimated size: 247

C:\Program Files (x86)\Microchip\xc8\v1.45\sources\common\awmod.c
		___awmod       		CODE           	3A5A	0000	113

C:\Program Files (x86)\Microchip\xc8\v1.45\sources\common\awmod.c estimated size: 113

mcc_generated_files/adc.c
		_ADC_Initialize		CODE           	44D4	0000	23
		_ADC_GetConversion		CODE           	42F0	0000	49

mcc_generated_files/adc.c estimated size: 72

C:\Program Files (x86)\Microchip\xc8\v1.45\sources\common\ftdiv.c
		___ftdiv       		CODE           	2DB6	0000	233

C:\Program Files (x86)\Microchip\xc8\v1.45\sources\common\ftdiv.c estimated size: 233

C:\Program Files (x86)\Microchip\xc8\v1.45\sources\common\llmod.c
		___llmod       		CODE           	3B38	0000	105

C:\Program Files (x86)\Microchip\xc8\v1.45\sources\common\llmod.c estimated size: 105

C:\Program Files (x86)\Microchip\xc8\v1.45\sources\common\Umul32.c
		___lmul        		CODE           	3ED2	0000	87

C:\Program Files (x86)\Microchip\xc8\v1.45\sources\common\Umul32.c estimated size: 87

C:\Program Files (x86)\Microchip\xc8\v1.45\sources\common\fldivl.c
		__div_to_l_    		CODE           	2620	0000	297

C:\Program Files (x86)\Microchip\xc8\v1.45\sources\common\fldivl.c estimated size: 297

FlashApp.c
		_EepromWrite   		CODE           	454A	0000	15
		_EepromRead    		CODE           	4578	0000	11

FlashApp.c estimated size: 26

shared
		exp@coeff      		MEDIUMCONST    	78C1	0000	31
		_PLL_INIT_REGISTERS		MEDIUMCONST    	7807	0000	53
		__powers_      		MEDIUMCONST    	7863	0000	40
		_dpowers       		MEDIUMCONST    	783B	0000	41
		_DAC_DEFAULT_INIT_VALUES		MEDIUMCONST    	78B1	0000	9
		__npowers_     		MEDIUMCONST    	788A	0000	40
		__initialization		CODE           	3640	0000	133
		_DAC_ADDRES    		MEDIUMCONST    	78B9	0000	5
		log@coeff      		MEDIUMCONST    	78DF	0000	28
		_TEST_PLL_REGISTERS		MEDIUMCONST    	77D3	0000	53
		_channelArr    		MEDIUMCONST    	78BD	0000	5

shared estimated size: 438

mcc_generated_files/eusart1.c
		_EUSART1_Initialize		CODE           	421E	0000	55
		_EUSART1_Read  		CODE           	3FFA	0000	69
		_EUSART1_Write 		CODE           	40C2	0000	61
		_EUSART1_Receive_ISR		CODE           	42BE	0000	51
		_EUSART1_Transmit_ISR		CODE           	41E6	0000	57

mcc_generated_files/eusart1.c estimated size: 293

mcc_generated_files/mcc.c
		_OSCILLATOR_Initialize		CODE           	453C	0000	15
		_SYSTEM_Initialize		CODE           	44A2	0000	27

mcc_generated_files/mcc.c estimated size: 42

C:\Program Files (x86)\Microchip\xc8\v1.45\sources\common\fttol.c
		___fttol       		CODE           	2BC8	0000	249

C:\Program Files (x86)\Microchip\xc8\v1.45\sources\common\fttol.c estimated size: 249

SystemSettings.c
		_SetMcuSystem  		CODE           	4564	0000	11
		_InitSystemApplicationManagers		CODE           	44EA	0000	23

SystemSettings.c estimated size: 34

C:\Program Files (x86)\Microchip\xc8\v1.45\sources\common\awtoft.c
		___awtoft      		CODE           	41AE	0000	57

C:\Program Files (x86)\Microchip\xc8\v1.45\sources\common\awtoft.c estimated size: 57

C:\Program Files (x86)\Microchip\xc8\v1.45\sources\common\awdiv.c
		___awdiv       		CODE           	37F2	0000	133

C:\Program Files (x86)\Microchip\xc8\v1.45\sources\common\awdiv.c estimated size: 133

C:\Program Files (x86)\Microchip\xc8\v1.45\sources\common\evalpoly.c
		_eval_poly     		CODE           	314A	0000	215

C:\Program Files (x86)\Microchip\xc8\v1.45\sources\common\evalpoly.c estimated size: 215

C:\Program Files (x86)\Microchip\xc8\v1.45\sources\common\isupper.c
		_isupper       		CODE           	444A	0000	31

C:\Program Files (x86)\Microchip\xc8\v1.45\sources\common\isupper.c estimated size: 31

mcc_generated_files/memory.c
		_DATAEE_WriteByte		CODE           	4254	0000	55
		_MEMORY_ISR    		CODE           	459E	0000	5
		_DATAEE_ReadByte		CODE           	4514	0000	21

mcc_generated_files/memory.c estimated size: 81

C:\Program Files (x86)\Microchip\xc8\v1.45\sources\common\ftadd.c
		___ftadd       		CODE           	1C4C	0000	431

C:\Program Files (x86)\Microchip\xc8\v1.45\sources\common\ftadd.c estimated size: 431

C:\Program Files (x86)\Microchip\xc8\v1.45\sources\common\toupper.c
		_toupper       		CODE           	4500	0000	21

C:\Program Files (x86)\Microchip\xc8\v1.45\sources\common\toupper.c estimated size: 21

LedsApp.c
		_testLeds      		CODE           	3C00	0000	97
		_keepAliveSignalLed		CODE           	44BC	0000	25
		_BlinkOkLeds   		CODE           	3C60	0000	95

LedsApp.c estimated size: 217

C:\Program Files (x86)\Microchip\xc8\v1.45\sources\common\lldiv.c
		___lldiv       		CODE           	3876	0000	131

C:\Program Files (x86)\Microchip\xc8\v1.45\sources\common\lldiv.c estimated size: 131

C:\Program Files (x86)\Microchip\xc8\v1.45\sources\common\isspace.c
		_isspace       		CODE           	4374	0000	39

C:\Program Files (x86)\Microchip\xc8\v1.45\sources\common\isspace.c estimated size: 39

main.c
		_main          		CODE           	3BA0	0000	97

main.c estimated size: 97

C:\Program Files (x86)\Microchip\xc8\v1.45\sources\common\lwtoft.c
		___lwtoft      		CODE           	43E4	0000	37

C:\Program Files (x86)\Microchip\xc8\v1.45\sources\common\lwtoft.c estimated size: 37

C:\Program Files (x86)\Microchip\xc8\v1.45\sources\common\exp.c
		_exp           		CODE           	1880	0000	503

C:\Program Files (x86)\Microchip\xc8\v1.45\sources\common\exp.c estimated size: 503

EusartApp.c
		_UART_Write_Text		CODE           	39E8	0000	115
		_InitRxMessageParams		CODE           	3FB6	0000	69
		_readUartByte  		CODE           	0CC2	0000	715

EusartApp.c estimated size: 899

C:\Program Files (x86)\Microchip\xc8\v1.45\sources\common\altoft.c
		___altoft      		CODE           	38F8	0000	123

C:\Program Files (x86)\Microchip\xc8\v1.45\sources\common\altoft.c estimated size: 123

C:\Program Files (x86)\Microchip\xc8\v1.45\sources\common\memset.c
		_memset        		CODE           	4320	0000	45

C:\Program Files (x86)\Microchip\xc8\v1.45\sources\common\memset.c estimated size: 45

