Microchip MPLAB XC8 Compiler V1.45 ()

Linker command line:

-W-3 --edf=C:\Program Files (x86)\Microchip\xc8\v1.45\dat\en_msgs.txt -cs \
  -h+dist/default/debug\1533.debug.sym \
  --cmf=dist/default/debug\1533.debug.cmf -z -Q18F45K22 \
  -oC:\Users\yehudaot\AppData\Local\Temp\s1ck.2 \
  -Mdist/default/debug/1533.debug.map -E1 -ver=XC8 -ASTACK=0246h-05ffh \
  -pstack=STACK -ACODE=00h-07FFFh -ACONST=00h-07FFFh \
  -ASMALLCONST=0600h-06FFhx122 -AMEDIUMCONST=0600h-07FFFh -ACOMRAM=01h-05Fh \
  -AABS1=00h-05FFh -ABIGRAM=01h-05FFh -ARAM=060h-0FFh,0100h-01FFhx5 \
  -ABANK0=060h-0FFh -ABANK1=0100h-01FFh -ABANK2=0200h-02FFh \
  -ABANK3=0300h-03FFh -ABANK4=0400h-04FFh -ABANK5=0500h-05FFh \
  -ASFR=0F38h-0F5Fh,0F60h-0FFCh \
  -preset_vec=00h,intcode=08h,intcodelo,powerup,init -pramtop=0600h \
  -psmallconst=SMALLCONST -pmediumconst=MEDIUMCONST -pconst=CONST \
  -AFARRAM=00h-00h -ACONFIG=0300000h-030000Dh -pconfig=CONFIG \
  -AIDLOC=0200000h-0200007h -pidloc=IDLOC -AEEDATA=0F00000h-0F000FFh \
  -peeprom_data=EEDATA \
  -prdata=COMRAM,nvrram=COMRAM,nvbit=COMRAM,rbss=COMRAM,rbit=COMRAM \
  -pfarbss=FARRAM,fardata=FARRAM,nvFARRAM=FARRAM \
  -pintsave_regs=BIGRAM,bigbss=BIGRAM,bigdata=BIGRAM -pbss=RAM \
  -pidata=CODE,irdata=CODE,ibigdata=CODE,ifardata=CODE -prparam=COMRAM \
  C:\Users\yehudaot\AppData\Local\Temp\s1ck.obj \
  dist/default/debug\1533.debug.obj 

Object code version is 3.11

Machine type is 18F45K22

Call graph: (short form)




                Name                               Link     Load   Length Selector   Space Scale
C:\Users\yehudaot\AppData\Local\Temp\s1ck.obj
                init                                 DC       DC        4        4       0
                reset_vec                             0        0        6        0       0
                idloc                            200000   200000        8   200000       0
                config                           300000   300000        E   300000       0
dist/default/debug\1533.debug.obj
                intcode                               8        8       D4        4       0
                temp                                 48       48        1        1       1
                mediumconst                        7982     7982      67E     3CC1       0
                text93                             2F02     2F02       32        4       0
                text92                             2E60     2E60       38        4       0
                text91                             3204     3204        4        4       0
                text90                             3200     3200        4        4       0
                text89                             2C88     2C88       42        4       0
                text88                             212A     212A       B4        4       0
                text86                             278C     278C       5E        4       0
                text85                             3190     3190       14        4       0
                text84                             317C     317C       14        4       0
                text83                             31E0     31E0        A        4       0
                text82                             29FE     29FE       56        4       0
                text81                             21DE     21DE       AE        4       0
                text80                             2846     2846       5C        4       0
                text79                             2E28     2E28       38        4       0
                text78                             1A82     1A82       E8        4       0
                text77                             3070     3070       24        4       0
                text76                              F60      F60      1AC        4       0
                text75                             2C46     2C46       42        4       0
                text74                             198C     198C       F6        4       0
                text73                             2FDE     2FDE       26        4       0
                text72                             1E08     1E08       DA        4       0
                text71                             2578     2578       7A        4       0
                text70                             24E8     24E8       90        4       0
                text69                             1894     1894       F8        4       0
                text68                             2458     2458       90        4       0
                text67                             1C4E     1C4E       E0        4       0
                text66                             1EE2     1EE2       C6        4       0
                text65                              626      626      1F2        4       0
                text64                             165C     165C      120        4       0
                text63                             1296     1296      17C        4       0
                text62                             1412     1412      126        4       0
                text61                             29A8     29A8       56        4       0
                text60                             2952     2952       56        4       0
                text59                             28FA     28FA       58        4       0
                text58                             28A2     28A2       58        4       0
                text57                             2F64     2F64       2C        4       0
                text56                             30D0     30D0       1E        4       0
                text55                             1FA8     1FA8       C2        4       0
                text54                             30EE     30EE       1C        4       0
                text53                             2D42     2D42       3C        4       0
                text52                             27EA     27EA       5C        4       0
                text51                             232A     232A       9A        4       0
                text50                             2E98     2E98       36        4       0
                text49                             31B2     31B2        E        4       0
                text48                             2DF0     2DF0       38        4       0
                text47                             1B6A     1B6A       E4        4       0
                text46                             31EA     31EA        6        4       0
                text45                             2D06     2D06       3C        4       0
                text44                             110C     110C      18A        4       0
                text43                             31FC     31FC        4        4       0
                text42                             3152     3152       16        4       0
                text41                             2F34     2F34       30        4       0
                text40                             2CCA     2CCA       3C        4       0
                text39                             25F2     25F2       72        4       0
                text38                             304C     304C       24        4       0
                text37                             2A54     2A54       52        4       0
                text36                             2C04     2C04       42        4       0
                text35                              DAE      DAE      1B2        4       0
                text34                             177C     177C      118        4       0
                text33                             206A     206A       C0        4       0
                text32                             1D2E     1D2E       DA        4       0
                text31                             2664     2664       68        4       0
                text30                             2BC0     2BC0       44        4       0
                text29                             313C     313C       16        4       0
                text28                             2DB8     2DB8       38        4       0
                text27                             31F8     31F8        4        4       0
                text26                             31A4     31A4        E        4       0
                text25                             2AEE     2AEE       48        4       0
                text24                             31D6     31D6        A        4       0
                text23                             2ECE     2ECE       34        4       0
                text22                             310A     310A       1A        4       0
                text21                             31CC     31CC        A        4       0
                text20                             3124     3124       18        4       0
                text19                             2B7C     2B7C       44        4       0
                text18                              3A4      3A4      282        4       0
                text17                             272C     272C       60        4       0
                text16                             3028     3028       24        4       0
                text15                              818      818      1EE        4       0
                text14                             30B2     30B2       1E        4       0
                text13                             2F90     2F90       28        4       0
                text12                             3094     3094       1E        4       0
                text11                             2FB8     2FB8       26        4       0
                text10                             3168     3168       14        4       0
                text9                               A06      A06      1D6        4       0
                text8                              23C4     23C4       94        4       0
                text7                              1538     1538      124        4       0
                text6                               BDC      BDC      1D2        4       0
                text5                              2AA6     2AA6       48        4       0
                text4                              2D7E     2D7E       3A        4       0
                text3                              3004     3004       24        4       0
                text2                              2B36     2B36       46        4       0
                text1                                E0       E0      2C4        4       0
                text0                              26CC     26CC       60        4       0
                cstackCOMRAM                          1        1       30        1       1
                cstackBANK0                          60       60       88       60       1
                cstackBANK1                         19B      19B       39      100       1
                bssBANK2                            200      200       46      200       1
                dataBANK1                           1D4      1D4        C      100       1
                bssBANK1                            100      100       9B      100       1
                dataBANK0                            F8       F8        4       60       1
                bssBANK0                             E8       E8       10       60       1
                dataCOMRAM                           42       42        4        1       1
                bssCOMRAM                            31       31       11        1       1
                cinit                              228C     228C       9E        4       0
                nvBANK0                              FC       FC        3       60       1
                nvCOMRAM                             46       46        2        1       1
                idataBANK1                         31C0     31C0        C        4       0
                idataBANK0                         31F4     31F4        4        4       0
                idataCOMRAM                        31F0     31F0        4        4       0

TOTAL           Name                               Link     Load   Length     Space
        CLASS   STACK          

        CLASS   CODE           
                intcode                               8        8       D4         0
                init                                 DC       DC        4         0
                reset_vec                             0        0        6         0
                text93                             2F02     2F02       32         0
                text92                             2E60     2E60       38         0
                text91                             3204     3204        4         0
                text90                             3200     3200        4         0
                text89                             2C88     2C88       42         0
                text88                             212A     212A       B4         0
                text86                             278C     278C       5E         0
                text85                             3190     3190       14         0
                text84                             317C     317C       14         0
                text83                             31E0     31E0        A         0
                text82                             29FE     29FE       56         0
                text81                             21DE     21DE       AE         0
                text80                             2846     2846       5C         0
                text79                             2E28     2E28       38         0
                text78                             1A82     1A82       E8         0
                text77                             3070     3070       24         0
                text76                              F60      F60      1AC         0
                text75                             2C46     2C46       42         0
                text74                             198C     198C       F6         0
                text73                             2FDE     2FDE       26         0
                text72                             1E08     1E08       DA         0
                text71                             2578     2578       7A         0
                text70                             24E8     24E8       90         0
                text69                             1894     1894       F8         0
                text68                             2458     2458       90         0
                text67                             1C4E     1C4E       E0         0
                text66                             1EE2     1EE2       C6         0
                text65                              626      626      1F2         0
                text64                             165C     165C      120         0
                text63                             1296     1296      17C         0
                text62                             1412     1412      126         0
                text61                             29A8     29A8       56         0
                text60                             2952     2952       56         0
                text59                             28FA     28FA       58         0
                text58                             28A2     28A2       58         0
                text57                             2F64     2F64       2C         0
                text56                             30D0     30D0       1E         0
                text55                             1FA8     1FA8       C2         0
                text54                             30EE     30EE       1C         0
                text53                             2D42     2D42       3C         0
                text52                             27EA     27EA       5C         0
                text51                             232A     232A       9A         0
                text50                             2E98     2E98       36         0
                text49                             31B2     31B2        E         0
                text48                             2DF0     2DF0       38         0
                text47                             1B6A     1B6A       E4         0
                text46                             31EA     31EA        6         0
                text45                             2D06     2D06       3C         0
                text44                             110C     110C      18A         0
                text43                             31FC     31FC        4         0
                text42                             3152     3152       16         0
                text41                             2F34     2F34       30         0
                text40                             2CCA     2CCA       3C         0
                text39                             25F2     25F2       72         0
                text38                             304C     304C       24         0
                text37                             2A54     2A54       52         0
                text36                             2C04     2C04       42         0
                text35                              DAE      DAE      1B2         0
                text34                             177C     177C      118         0
                text33                             206A     206A       C0         0
                text32                             1D2E     1D2E       DA         0
                text31                             2664     2664       68         0
                text30                             2BC0     2BC0       44         0
                text29                             313C     313C       16         0
                text28                             2DB8     2DB8       38         0
                text27                             31F8     31F8        4         0
                text26                             31A4     31A4        E         0
                text25                             2AEE     2AEE       48         0
                text24                             31D6     31D6        A         0
                text23                             2ECE     2ECE       34         0
                text22                             310A     310A       1A         0
                text21                             31CC     31CC        A         0
                text20                             3124     3124       18         0
                text19                             2B7C     2B7C       44         0
                text18                              3A4      3A4      282         0
                text17                             272C     272C       60         0
                text16                             3028     3028       24         0
                text15                              818      818      1EE         0
                text14                             30B2     30B2       1E         0
                text13                             2F90     2F90       28         0
                text12                             3094     3094       1E         0
                text11                             2FB8     2FB8       26         0
                text10                             3168     3168       14         0
                text9                               A06      A06      1D6         0
                text8                              23C4     23C4       94         0
                text7                              1538     1538      124         0
                text6                               BDC      BDC      1D2         0
                text5                              2AA6     2AA6       48         0
                text4                              2D7E     2D7E       3A         0
                text3                              3004     3004       24         0
                text2                              2B36     2B36       46         0
                text1                                E0       E0      2C4         0
                text0                              26CC     26CC       60         0
                cinit                              228C     228C       9E         0
                idataBANK1                         31C0     31C0        C         0
                idataBANK0                         31F4     31F4        4         0
                idataCOMRAM                        31F0     31F0        4         0

        CLASS   CONST          

        CLASS   SMALLCONST     

        CLASS   MEDIUMCONST    
                mediumconst                        7982     7982      67E         0

        CLASS   COMRAM         
                temp                                 48       48        1         1
                cstackCOMRAM                          1        1       30         1
                dataCOMRAM                           42       42        4         1
                bssCOMRAM                            31       31       11         1
                nvCOMRAM                             46       46        2         1

        CLASS   ABS1           

        CLASS   BIGRAM         

        CLASS   RAM            

        CLASS   BANK0          
                cstackBANK0                          60       60       88         1
                dataBANK0                            F8       F8        4         1
                bssBANK0                             E8       E8       10         1
                nvBANK0                              FC       FC        3         1

        CLASS   BANK1          
                cstackBANK1                         19B      19B       39         1
                dataBANK1                           1D4      1D4        C         1
                bssBANK1                            100      100       9B         1

        CLASS   BANK2          
                bssBANK2                            200      200       46         1

        CLASS   BANK3          

        CLASS   BANK4          

        CLASS   BANK5          

        CLASS   SFR            

        CLASS   FARRAM         

        CLASS   CONFIG         
                config                           300000   300000        E         0

        CLASS   IDLOC          
                idloc                            200000   200000        8         0

        CLASS   EEDATA         



SEGMENTS        Name                           Load    Length   Top    Selector   Space  Class

                reset_vec                      000000  000006  000006         0       0  CODE    
                cstackCOMRAM                   000001  000048  000049         1       1  COMRAM  
                intcode                        000008  003200  003208         4       0  CODE    
                cstackBANK0                    000060  00009F  0000FF        60       1  BANK0   
                bssBANK1                       000100  0000E0  0001E0       100       1  BANK1   
                bssBANK2                       000200  000046  000246       200       1  BANK2   
                mediumconst                    007982  00067E  008000      3CC1       0  MEDIUMCO
                idloc                          200000  000008  200008    200000       0  IDLOC   
                config                         300000  00000E  30000E    300000       0  CONFIG  


UNUSED ADDRESS RANGES

        Name                Unused          Largest block    Delta
        BANK0            0000FF-0000FF                1
        BANK1            0001E0-0001FF               20
        BANK2            000246-0002FF               BA
        BANK3            000300-0003FF              100
        BANK4            000400-0004FF              100
        BANK5            000500-0005FF              100
        BIGRAM           000049-00005F               17
                         0000FF-0000FF                1
                         0001E0-0001FF               20
                         000246-0005FF              3BA
        CODE             000006-000007                2
                         003208-007981             477A
        COMRAM           000049-00005F               17
        CONST            000006-000007                2
                         003208-007981             477A
        EEDATA           F00000-F000FF              100
        MEDIUMCONST      003208-007981             477A
        RAM              0000FF-0000FF                1
                         0001E0-0001FF               20
                         000246-0005FF              100
        SFR              000F38-000FFC               28
        SMALLCONST       003208-007981              100
        STACK            000246-0005FF              3BA

                                  Symbol Table

?_ADC_GetConversion                       cstackCOMRAM 000018
?_DacAnalogToDigitalSpi                   cstackBANK0  0000B9
?_GetIntFromUartData                      cstackBANK0  000066
?_ReadIntFromEeprom                       cstackBANK0  0000B9
?___altoft                                cstackBANK0  00008D
?___awtoft                                cstackCOMRAM 000020
?___ftadd                                 cstackCOMRAM 000024
?___ftdiv                                 cstackBANK0  00006F
?___ftmul                                 cstackBANK0  000060
?___ftneg                                 cstackCOMRAM 000018
?___ftpack                                cstackCOMRAM 000018
?___ftsub                                 cstackBANK0  000060
?___fttol                                 cstackBANK0  00007E
?___lbtoft                                cstackCOMRAM 000020
?___llmod                                 cstackBANK0  0000B9
?___lltoft                                cstackCOMRAM 000020
?___lmul                                  cstackCOMRAM 00001A
?___lwdiv                                 cstackCOMRAM 000018
?___lwmod                                 cstackCOMRAM 00001F
?___lwtoft                                cstackCOMRAM 000020
?___wmul                                  cstackCOMRAM 000018
?_eval_poly                               cstackBANK0  00006F
?_exp                                     cstackBANK0  00009F
?_floor                                   cstackBANK0  000097
?_frexp                                   cstackCOMRAM 000018
?_ldexp                                   cstackBANK0  00007B
?_log                                     cstackBANK0  00007B
?_pow                                     cstackBANK0  0000A8
?_sprintf                                 cstackCOMRAM 000024
?_strtol                                  cstackCOMRAM 000026
?i2___lwmod                               cstackCOMRAM 000001
ADC_GetConversion@channel                 cstackCOMRAM 00001C
AdcSingleSample@cType                     cstackBANK0  0000CE
AdcSingleSample@data                      cstackBANK0  0000C1
AdcSingleSample@retNum                    cstackBANK0  0000CA
BlinkOkLeds@idx                           cstackCOMRAM 00001C
BlinkOkLeds@state                         cstackCOMRAM 00001B
DATAEE_ReadByte@bAdd                      cstackCOMRAM 000018
DATAEE_WriteByte@GIEBitValue              cstackCOMRAM 00001A
DATAEE_WriteByte@bAdd                     cstackCOMRAM 000019
DATAEE_WriteByte@bData                    cstackCOMRAM 000018
DacAnalogToDigitalSpi@AnalogValMili       cstackBANK0  0000B9
DacAnalogToDigitalSpi@dacDigital          cstackBANK0  0000CC
DacAnalogToDigitalSpi@dacNum              cstackBANK0  0000BB
DacAnalogToDigitalSpi@dacSpiVal           cstackBANK0  0000CE
DacInit@dacInput                          cstackBANK0  0000D2
DacInit@idx                               cstackBANK0  0000D4
DacSetValue@dacAnalog                     cstackBANK0  0000DD
DacSetValue@dacDigital                    cstackBANK0  0000DF
DacSetValue@dacNum                        cstackBANK0  0000E1
DacSetValue@data                          cstackBANK0  0000D0
DacSetValue@retNum                        cstackBANK0  0000D3
EUSART1_Read@readValue                    cstackCOMRAM 000019
EUSART1_Write@txData                      cstackCOMRAM 000018
EepromRead@address                        cstackCOMRAM 000019
EepromWrite@address                       cstackCOMRAM 00001C
EepromWrite@data                          cstackCOMRAM 00001B
GetIntFromUartData@c                      cstackBANK0  000074
GetIntFromUartData@data                   cstackBANK0  000066
GetIntFromUartData@dataRegArr             cstackBANK0  00006C
GetIntFromUartData@idx                    cstackBANK0  000075
GroupCommon@data                          cstackBANK0  0000E2
GroupCommon@request                       cstackBANK0  0000E4
GroupRx@data                              cstackBANK0  0000E2
GroupRx@request                           cstackBANK0  0000E4
GroupTx@data                              cstackBANK0  0000E2
GroupTx@request                           cstackBANK0  0000E4
Make32bitsArray@array                     cstackCOMRAM 000018
Make32bitsArray@data                      cstackCOMRAM 00001A
Make32bitsArray@idx                       cstackCOMRAM 000020
PLLInitialize@idx                         cstackBANK0  000088
PLLInitialize@idx_670                     cstackBANK0  00008A
PrintHelpScreen@dest                      cstackBANK0  000069
ReadIntFromEeprom@address                 cstackBANK0  0000CA
ReadIntFromEeprom@base                    cstackBANK0  0000C0
ReadIntFromEeprom@idx                     cstackBANK0  0000CF
ReadIntFromEeprom@numOfByes               cstackBANK0  0000B9
ReadIntFromEeprom@retVal                  cstackBANK0  0000CB
SWSPI_DAC_send_bits@count                 cstackCOMRAM 00001B
SWSPI_DAC_send_bits@data                  cstackCOMRAM 00001A
SWSPI_DAC_send_bits@phrType               cstackCOMRAM 00001C
SWSPI_Synth_send_bits@bitArray            cstackBANK0  000060
SWSPI_Synth_send_bits@count               cstackBANK0  000084
SWSPI_Synth_send_bits@data                cstackCOMRAM 000024
SWSPI_Synth_send_bits@mask                cstackBANK0  000080
SWSPI_Synth_send_bits@phrType             cstackBANK0  000085
SWSPI_send_word@data                      cstackCOMRAM 000028
SWSPI_send_word@dataSize                  cstackCOMRAM 00002C
SWSPI_send_word@datac                     cstackCOMRAM 00002D
SWSPI_send_word@idx                       cstackCOMRAM 00002E
SWSPI_send_word@phrType                   cstackCOMRAM 000030
SampleSingleChannel@_adcResult            cstackBANK1  0001D0
SampleSingleChannel@adcRes                cstackBANK1  0001D2
SampleSingleChannel@dest                  cstackBANK1  00019B
SampleVgMonChannel@_adcResult             cstackBANK0  0000BC
SampleVgMonChannel@adcRes                 cstackBANK0  0000BE
SendUartSystemInitMessage@dest            cstackBANK0  000069
StoreIntInEeprom@address                  cstackCOMRAM 000025
StoreIntInEeprom@data                     cstackCOMRAM 000021
StoreIntInEeprom@idx                      cstackCOMRAM 000029
StoreIntInEeprom@numOfByes                cstackCOMRAM 000026
StoreIntInEeprom@val                      cstackCOMRAM 000028
SwSpi_Clk_Pin@cPinMode                    cstackCOMRAM 000018
SwSpi_Clk_Pin@phrType                     cstackCOMRAM 000019
SwSpi_Data_Pin@cPinMode                   cstackCOMRAM 000018
SwSpi_Data_Pin@phrType                    cstackCOMRAM 000019
SwSpi_Set_CE_Pin@cPinMode                 cstackCOMRAM 000018
SwSpi_Set_CE_Pin@phrType                  cstackCOMRAM 000019
SwSpi_Set_Dac_Sync_Pin@cPinMode           cstackCOMRAM 000018
SwSpi_Set_Synth_Le_Pin@cPinMode           cstackCOMRAM 000018
SwSpi_Set_Synth_Le_Pin@phrType            cstackCOMRAM 000019
TMR0_ISR@CountCallBack                    bssCOMRAM    000035
TMR0_SetInterruptHandler@InterruptHandler cstackCOMRAM 000018
UART_Write_Text@i                         cstackCOMRAM 00001D
UART_Write_Text@text                      cstackCOMRAM 000019
ZeroArray@array                           cstackCOMRAM 000020
ZeroArray@size                            cstackCOMRAM 000022
_ADCON0                                   (abs)        000FC2
_ADCON0bits                               (abs)        000FC2
_ADCON1                                   (abs)        000FC1
_ADCON2                                   (abs)        000FC0
_ADC_GetConversion                        text41       002F34
_ADC_Initialize                           text29       00313C
_ADRESH                                   (abs)        000FC4
_ADRESL                                   (abs)        000FC3
_ANSELA                                   (abs)        000F38
_ANSELB                                   (abs)        000F39
_ANSELC                                   (abs)        000F3A
_ANSELD                                   (abs)        000F3B
_ANSELE                                   (abs)        000F3C
_AdcSingleSample                          text6        000BDC
_AdcSingleSample$3062                     cstackBANK0  0000C4
_AdcSingleSample$3063                     cstackBANK0  0000C7
_BAUDCON1                                 (abs)        000FB8
_BlinkOkLeds                              text86       00278C
_ClearMcuRunTime                          text85       003190
_DAC_ADDRES                               mediumconst  0079FD
_DAC_DEFAULT_INIT_VALUES                  mediumconst  0079F5
_DATAEE_ReadByte                          text84       00317C
_DATAEE_WriteByte                         text50       002E98
_DacAnalogToDigitalSpi                    text15       000818
_DacAnalogToDigitalSpi$3068               cstackBANK0  0000C0
_DacAnalogToDigitalSpi$3069               cstackBANK0  0000C3
_DacAnalogToDigitalSpi$3070               cstackBANK0  0000C6
_DacAnalogToDigitalSpi$3071               cstackBANK0  0000C9
_DacInit                                  text47       001B6A
_DacSetValue                              text7        001538
_DacSetValue$3066                         cstackBANK0  0000D7
_DacSetValue$3067                         cstackBANK0  0000DA
_EEADR                                    (abs)        000FA9
_EECON1bits                               (abs)        000FA6
_EECON2                                   (abs)        000FA7
_EEDATA                                   (abs)        000FA8
_EUSART1_Initialize                       text28       002DB8
_EUSART1_Read                             text19       002B7C
_EUSART1_Receive_ISR                      text93       002F02
_EUSART1_Transmit_ISR                     text92       002E60
_EUSART1_Write                            text40       002CCA
_EepromRead                               text83       0031E0
_EepromWrite                              text49       0031B2
_GetIntFromUartData                       text8        0023C4
_GroupCommon                              text3        003004
_GroupRx                                  text4        002D7E
_GroupTx                                  text5        002AA6
_INTCON2bits                              (abs)        000FF1
_INTCONbits                               (abs)        000FF2
_INTERRUPT_Initialize                     text27       0031F8
_INTERRUPT_InterruptManager               intcode      000008
_IOCB                                     (abs)        000F62
_InitAdcApplicationMgr                    text46       0031EA
_InitRxMessageParams                      text2        002B36
_InitSystemApplicationManagers            text42       003152
_LATA                                     (abs)        000F89
_LATAbits                                 (abs)        000F89
_LATB                                     (abs)        000F8A
_LATBbits                                 (abs)        000F8A
_LATC                                     (abs)        000F8B
_LATCbits                                 (abs)        000F8B
_LATD                                     (abs)        000F8C
_LATDbits                                 (abs)        000F8C
_LATE                                     (abs)        000F8D
_MEMORY_ISR                               text91       003204
_Make32bitsArray                          text58       0028A2
_OSCCON                                   (abs)        000FD3
_OSCCON2                                  (abs)        000FD2
_OSCILLATOR_Initialize                    text26       0031A4
_OSCTUNE                                  (abs)        000F9B
_PIE1bits                                 (abs)        000F9D
_PIE2bits                                 (abs)        000FA0
_PIN_MANAGER_IOC                          text90       003200
_PIN_MANAGER_Initialize                   text25       002AEE
_PIR1bits                                 (abs)        000F9E
_PIR2bits                                 (abs)        000FA1
_PLLInitialize                            text44       00110C
_PLL_INIT_REGISTERS                       mediumconst  0079B7
_PrintHelpScreen                          text18       0003A4
_RCONbits                                 (abs)        000FD0
_RCREG1                                   (abs)        000FAE
_RCSTA1                                   (abs)        000FAB
_RCSTA1bits                               (abs)        000FAB
_ReadIntFromEeprom                        text62       001412
_ReadIntFromEeprom$3072                   cstackBANK0  0000C4
_ReadIntFromEeprom$3073                   cstackBANK0  0000C7
_SPBRG1                                   (abs)        000FAF
_SPBRGH1                                  (abs)        000FB0
_SWSPI_DAC_send_bits                      text59       0028FA
_SWSPI_Synth_send_bits                    text55       001FA8
_SWSPI_send_word                          text51       00232A
_SYSTEM_Initialize                        text22       00310A
_SampleSingleChannel                      text34       00177C
_SampleSingleChannel$3064                 cstackBANK1  0001CD
_SampleVgMonChannel                       text33       00206A
_SampleVgMonChannel$3065                  cstackBANK0  0000B9
_SendUartSystemInitMessage                text32       001D2E
_SetMcuRunTime                            text30       002BC0
_SetMcuSystem                             text21       0031CC
_StoreIntInEeprom                         text48       002DF0
_SwSpi_Clk_Pin                            text61       0029A8
_SwSpi_Data_Pin                           text60       002952
_SwSpi_Set_CE_Pin                         text45       002D06
_SwSpi_Set_Dac_Sync_Pin                   text54       0030EE
_SwSpi_Set_Synth_Le_Pin                   text53       002D42
_T0CON                                    (abs)        000FD5
_T0CONbits                                (abs)        000FD5
_TABLAT                                   (abs)        000FF5
_TBLPTRH                                  (abs)        000FF7
_TBLPTRL                                  (abs)        000FF6
_TBLPTRU                                  (abs)        000FF8
_TEST_PLL_REGISTERS                       mediumconst  007983
_TMR0H                                    (abs)        000FD7
_TMR0L                                    (abs)        000FD6
_TMR0_DefaultInterruptHandler             (abs)        000000
_TMR0_ISR                                 text88       00212A
_TMR0_Initialize                          text23       002ECE
_TMR0_InterruptHandler                    nvBANK0      0000FC
_TMR0_SetInterruptHandler                 text24       0031D6
_TMR0_StartTimer                          text43       0031FC
_TRISA                                    (abs)        000F92
_TRISB                                    (abs)        000F93
_TRISC                                    (abs)        000F94
_TRISD                                    (abs)        000F95
_TRISE                                    (abs)        000F96
_TXREG1                                   (abs)        000FAD
_TXSTA1                                   (abs)        000FAC
_TimerKeepAliveFlag                       bssBANK1     000130
_TimerOneSecFlag                          bssBANK1     000132
_TimerSamplingFlag                        bssBANK1     000131
_TimertenSecFlag                          bssBANK1     00012F
_UART_Write_Text                          text39       0025F2
_WPUB                                     (abs)        000F61
_ZeroArray                                text56       0030D0
__CFG_BOREN$SBORDIS                       (abs)        000000
__CFG_BORV$190                            (abs)        000000
__CFG_CCP2MX$PORTC1                       (abs)        000000
__CFG_CCP3MX$PORTB5                       (abs)        000000
__CFG_CP0$OFF                             (abs)        000000
__CFG_CP1$OFF                             (abs)        000000
__CFG_CP2$OFF                             (abs)        000000
__CFG_CP3$OFF                             (abs)        000000
__CFG_CPB$OFF                             (abs)        000000
__CFG_CPD$OFF                             (abs)        000000
__CFG_DEBUG$OFF                           (abs)        000000
__CFG_EBTR0$OFF                           (abs)        000000
__CFG_EBTR1$OFF                           (abs)        000000
__CFG_EBTR2$OFF                           (abs)        000000
__CFG_EBTR3$OFF                           (abs)        000000
__CFG_EBTRB$OFF                           (abs)        000000
__CFG_FCMEN$OFF                           (abs)        000000
__CFG_FOSC$INTIO67                        (abs)        000000
__CFG_HFOFST$ON                           (abs)        000000
__CFG_IESO$OFF                            (abs)        000000
__CFG_LVP$ON                              (abs)        000000
__CFG_MCLRE$EXTMCLR                       (abs)        000000
__CFG_P2BMX$PORTD2                        (abs)        000000
__CFG_PBADEN$ON                           (abs)        000000
__CFG_PLLCFG$OFF                          (abs)        000000
__CFG_PRICLKEN$ON                         (abs)        000000
__CFG_PWRTEN$OFF                          (abs)        000000
__CFG_STVREN$ON                           (abs)        000000
__CFG_T3CMX$PORTC0                        (abs)        000000
__CFG_WDTEN$OFF                           (abs)        000000
__CFG_WDTPS$32768                         (abs)        000000
__CFG_WRT0$OFF                            (abs)        000000
__CFG_WRT1$OFF                            (abs)        000000
__CFG_WRT2$OFF                            (abs)        000000
__CFG_WRT3$OFF                            (abs)        000000
__CFG_WRTB$OFF                            (abs)        000000
__CFG_WRTC$OFF                            (abs)        000000
__CFG_WRTD$OFF                            (abs)        000000
__CFG_XINST$OFF                           (abs)        000000
__HRAM                                    (abs)        000000
__Habs1                                   abs1         000000
__Hbank0                                  bank0        000000
__Hbank1                                  bank1        000000
__Hbank2                                  bank2        000000
__Hbank3                                  bank3        000000
__Hbank4                                  bank4        000000
__Hbank5                                  bank5        000000
__Hbigbss                                 bigbss       000000
__Hbigdata                                bigdata      000000
__Hbigram                                 bigram       000000
__Hbss                                    bss          000000
__HbssBANK0                               bssBANK0     000000
__HbssBANK1                               bssBANK1     000000
__HbssBANK2                               bssBANK2     000000
__HbssCOMRAM                              bssCOMRAM    000000
__Hcinit                                  cinit        000000
__Hclrtext                                clrtext      000000
__Hcomram                                 comram       000000
__Hconfig                                 config       30000E
__Hconst                                  const        000000
__HcstackBANK0                            cstackBANK0  000000
__HcstackBANK1                            cstackBANK1  000000
__HcstackCOMRAM                           cstackCOMRAM 000000
__Hdata                                   data         000000
__HdataBANK0                              dataBANK0    000000
__HdataBANK1                              dataBANK1    000000
__HdataCOMRAM                             dataCOMRAM   000000
__Heeprom_data                            eeprom_data  000000
__Hfarbss                                 farbss       000000
__Hfardata                                fardata      000000
__Hibigdata                               ibigdata     000000
__Hidata                                  idata        000000
__HidataBANK0                             idataBANK0   000000
__HidataBANK1                             idataBANK1   000000
__HidataCOMRAM                            idataCOMRAM  000000
__Hidloc                                  idloc        200008
__Hifardata                               ifardata     000000
__Hinit                                   init         0000E0
__Hintcode                                intcode      0000DC
__Hintcode_body                           intcode_body 000000
__Hintcodelo                              intcodelo    0000DC
__Hintentry                               intentry     000000
__Hintret                                 intret       000000
__Hintsave_regs                           intsave_regs 000000
__Hirdata                                 irdata       000000
__Hmediumconst                            mediumconst  008000
__HnvBANK0                                nvBANK0      000000
__HnvCOMRAM                               nvCOMRAM     000000
__HnvFARRAM                               nvFARRAM     000000
__Hnvbit                                  nvbit        000000
__Hnvrram                                 nvrram       000000
__Hparam                                  rparam       000000
__Hpowerup                                powerup      0000DC
__Hram                                    ram          000000
__Hramtop                                 ramtop       000600
__Hrbit                                   rbit         000000
__Hrbss                                   rbss         000000
__Hrdata                                  rdata        000000
__Hreset_vec                              reset_vec    000006
__Hrparam                                 rparam       000000
__Hsfr                                    sfr          000000
__Hsmallconst                             smallconst   000000
__Hspace_0                                (abs)        30000E
__Hspace_1                                (abs)        000246
__Hspace_2                                (abs)        000000
__Hstack                                  stack        000000
__Hstruct                                 struct       000000
__Htemp                                   temp         000049
__Htext                                   text         000000
__Htext0                                  text0        000000
__Htext1                                  text1        000000
__Htext10                                 text10       000000
__Htext11                                 text11       000000
__Htext12                                 text12       000000
__Htext13                                 text13       000000
__Htext14                                 text14       000000
__Htext15                                 text15       000000
__Htext16                                 text16       000000
__Htext17                                 text17       000000
__Htext18                                 text18       000000
__Htext19                                 text19       000000
__Htext2                                  text2        000000
__Htext20                                 text20       000000
__Htext21                                 text21       000000
__Htext22                                 text22       000000
__Htext23                                 text23       000000
__Htext24                                 text24       000000
__Htext25                                 text25       000000
__Htext26                                 text26       000000
__Htext27                                 text27       000000
__Htext28                                 text28       000000
__Htext29                                 text29       000000
__Htext3                                  text3        000000
__Htext30                                 text30       000000
__Htext31                                 text31       000000
__Htext32                                 text32       000000
__Htext33                                 text33       000000
__Htext34                                 text34       000000
__Htext35                                 text35       000000
__Htext36                                 text36       000000
__Htext37                                 text37       000000
__Htext38                                 text38       000000
__Htext39                                 text39       000000
__Htext4                                  text4        000000
__Htext40                                 text40       000000
__Htext41                                 text41       000000
__Htext42                                 text42       000000
__Htext43                                 text43       000000
__Htext44                                 text44       000000
__Htext45                                 text45       000000
__Htext46                                 text46       000000
__Htext47                                 text47       000000
__Htext48                                 text48       000000
__Htext49                                 text49       000000
__Htext5                                  text5        000000
__Htext50                                 text50       000000
__Htext51                                 text51       000000
__Htext52                                 text52       000000
__Htext53                                 text53       000000
__Htext54                                 text54       000000
__Htext55                                 text55       000000
__Htext56                                 text56       000000
__Htext57                                 text57       000000
__Htext58                                 text58       000000
__Htext59                                 text59       000000
__Htext6                                  text6        000000
__Htext60                                 text60       000000
__Htext61                                 text61       000000
__Htext62                                 text62       000000
__Htext63                                 text63       000000
__Htext64                                 text64       000000
__Htext65                                 text65       000000
__Htext66                                 text66       000000
__Htext67                                 text67       000000
__Htext68                                 text68       000000
__Htext69                                 text69       000000
__Htext7                                  text7        000000
__Htext70                                 text70       000000
__Htext71                                 text71       000000
__Htext72                                 text72       000000
__Htext73                                 text73       000000
__Htext74                                 text74       000000
__Htext75                                 text75       000000
__Htext76                                 text76       000000
__Htext77                                 text77       000000
__Htext78                                 text78       000000
__Htext79                                 text79       000000
__Htext8                                  text8        000000
__Htext80                                 text80       000000
__Htext81                                 text81       000000
__Htext82                                 text82       000000
__Htext83                                 text83       000000
__Htext84                                 text84       000000
__Htext85                                 text85       000000
__Htext86                                 text86       000000
__Htext88                                 text88       000000
__Htext89                                 text89       000000
__Htext9                                  text9        000000
__Htext90                                 text90       000000
__Htext91                                 text91       000000
__Htext92                                 text92       000000
__Htext93                                 text93       000000
__Htext94                                 text94       000000
__LRAM                                    (abs)        000001
__Labs1                                   abs1         000000
__Lbank0                                  bank0        000000
__Lbank1                                  bank1        000000
__Lbank2                                  bank2        000000
__Lbank3                                  bank3        000000
__Lbank4                                  bank4        000000
__Lbank5                                  bank5        000000
__Lbigbss                                 bigbss       000000
__Lbigdata                                bigdata      000000
__Lbigram                                 bigram       000000
__Lbss                                    bss          000000
__LbssBANK0                               bssBANK0     000000
__LbssBANK1                               bssBANK1     000000
__LbssBANK2                               bssBANK2     000000
__LbssCOMRAM                              bssCOMRAM    000000
__Lcinit                                  cinit        000000
__Lclrtext                                clrtext      000000
__Lcomram                                 comram       000000
__Lconfig                                 config       300000
__Lconst                                  const        000000
__LcstackBANK0                            cstackBANK0  000000
__LcstackBANK1                            cstackBANK1  000000
__LcstackCOMRAM                           cstackCOMRAM 000000
__Ldata                                   data         000000
__LdataBANK0                              dataBANK0    000000
__LdataBANK1                              dataBANK1    000000
__LdataCOMRAM                             dataCOMRAM   000000
__Leeprom_data                            eeprom_data  000000
__Lfarbss                                 farbss       000000
__Lfardata                                fardata      000000
__Libigdata                               ibigdata     000000
__Lidata                                  idata        000000
__LidataBANK0                             idataBANK0   000000
__LidataBANK1                             idataBANK1   000000
__LidataCOMRAM                            idataCOMRAM  000000
__Lidloc                                  idloc        200000
__Lifardata                               ifardata     000000
__Linit                                   init         0000DC
__Lintcode                                intcode      000008
__Lintcode_body                           intcode_body 000000
__Lintcodelo                              intcodelo    0000DC
__Lintentry                               intentry     000000
__Lintret                                 intret       000000
__Lintsave_regs                           intsave_regs 000000
__Lirdata                                 irdata       000000
__Lmediumconst                            mediumconst  007982
__LnvBANK0                                nvBANK0      000000
__LnvCOMRAM                               nvCOMRAM     000000
__LnvFARRAM                               nvFARRAM     000000
__Lnvbit                                  nvbit        000000
__Lnvrram                                 nvrram       000000
__Lparam                                  rparam       000000
__Lpowerup                                powerup      0000DC
__Lram                                    ram          000000
__Lramtop                                 ramtop       000600
__Lrbit                                   rbit         000000
__Lrbss                                   rbss         000000
__Lrdata                                  rdata        000000
__Lreset_vec                              reset_vec    000000
__Lrparam                                 rparam       000000
__Lsfr                                    sfr          000000
__Lsmallconst                             smallconst   000000
__Lspace_0                                (abs)        000000
__Lspace_1                                (abs)        000000
__Lspace_2                                (abs)        000000
__Lstack                                  stack        000000
__Lstruct                                 struct       000000
__Ltemp                                   temp         000048
__Ltext                                   text         000000
__Ltext0                                  text0        000000
__Ltext1                                  text1        000000
__Ltext10                                 text10       000000
__Ltext11                                 text11       000000
__Ltext12                                 text12       000000
__Ltext13                                 text13       000000
__Ltext14                                 text14       000000
__Ltext15                                 text15       000000
__Ltext16                                 text16       000000
__Ltext17                                 text17       000000
__Ltext18                                 text18       000000
__Ltext19                                 text19       000000
__Ltext2                                  text2        000000
__Ltext20                                 text20       000000
__Ltext21                                 text21       000000
__Ltext22                                 text22       000000
__Ltext23                                 text23       000000
__Ltext24                                 text24       000000
__Ltext25                                 text25       000000
__Ltext26                                 text26       000000
__Ltext27                                 text27       000000
__Ltext28                                 text28       000000
__Ltext29                                 text29       000000
__Ltext3                                  text3        000000
__Ltext30                                 text30       000000
__Ltext31                                 text31       000000
__Ltext32                                 text32       000000
__Ltext33                                 text33       000000
__Ltext34                                 text34       000000
__Ltext35                                 text35       000000
__Ltext36                                 text36       000000
__Ltext37                                 text37       000000
__Ltext38                                 text38       000000
__Ltext39                                 text39       000000
__Ltext4                                  text4        000000
__Ltext40                                 text40       000000
__Ltext41                                 text41       000000
__Ltext42                                 text42       000000
__Ltext43                                 text43       000000
__Ltext44                                 text44       000000
__Ltext45                                 text45       000000
__Ltext46                                 text46       000000
__Ltext47                                 text47       000000
__Ltext48                                 text48       000000
__Ltext49                                 text49       000000
__Ltext5                                  text5        000000
__Ltext50                                 text50       000000
__Ltext51                                 text51       000000
__Ltext52                                 text52       000000
__Ltext53                                 text53       000000
__Ltext54                                 text54       000000
__Ltext55                                 text55       000000
__Ltext56                                 text56       000000
__Ltext57                                 text57       000000
__Ltext58                                 text58       000000
__Ltext59                                 text59       000000
__Ltext6                                  text6        000000
__Ltext60                                 text60       000000
__Ltext61                                 text61       000000
__Ltext62                                 text62       000000
__Ltext63                                 text63       000000
__Ltext64                                 text64       000000
__Ltext65                                 text65       000000
__Ltext66                                 text66       000000
__Ltext67                                 text67       000000
__Ltext68                                 text68       000000
__Ltext69                                 text69       000000
__Ltext7                                  text7        000000
__Ltext70                                 text70       000000
__Ltext71                                 text71       000000
__Ltext72                                 text72       000000
__Ltext73                                 text73       000000
__Ltext74                                 text74       000000
__Ltext75                                 text75       000000
__Ltext76                                 text76       000000
__Ltext77                                 text77       000000
__Ltext78                                 text78       000000
__Ltext79                                 text79       000000
__Ltext8                                  text8        000000
__Ltext80                                 text80       000000
__Ltext81                                 text81       000000
__Ltext82                                 text82       000000
__Ltext83                                 text83       000000
__Ltext84                                 text84       000000
__Ltext85                                 text85       000000
__Ltext86                                 text86       000000
__Ltext88                                 text88       000000
__Ltext89                                 text89       000000
__Ltext9                                  text9        000000
__Ltext90                                 text90       000000
__Ltext91                                 text91       000000
__Ltext92                                 text92       000000
__Ltext93                                 text93       000000
__Ltext94                                 text94       000000
__S0                                      (abs)        30000E
__S1                                      (abs)        000246
__S2                                      (abs)        000000
___altoft                                 text71       002578
___altoft@c                               cstackBANK0  00008D
___altoft@exp                             cstackBANK0  000095
___altoft@sign                            cstackBANK0  000096
___awtoft                                 text79       002E28
___awtoft@c                               cstackCOMRAM 000020
___awtoft@sign                            cstackCOMRAM 000023
___ftadd                                  text76       000F60
___ftadd@exp1                             cstackCOMRAM 00002F
___ftadd@exp2                             cstackCOMRAM 00002E
___ftadd@f1                               cstackCOMRAM 000024
___ftadd@f2                               cstackCOMRAM 000027
___ftadd@sign                             cstackCOMRAM 00002D
___ftdiv                                  text78       001A82
___ftdiv@cntr                             cstackBANK0  000078
___ftdiv@exp                              cstackBANK0  00007C
___ftdiv@f1                               cstackBANK0  00006F
___ftdiv@f2                               cstackBANK0  000072
___ftdiv@f3                               cstackBANK0  000079
___ftdiv@sign                             cstackBANK0  00007D
___ftge                                   text70       0024E8
___ftge@ff1                               cstackCOMRAM 000018
___ftge@ff2                               cstackCOMRAM 00001B
___ftmul                                  text74       00198C
___ftmul@cntr                             cstackBANK0  00006D
___ftmul@exp                              cstackBANK0  000069
___ftmul@f1                               cstackBANK0  000060
___ftmul@f2                               cstackBANK0  000063
___ftmul@f3_as_product                    cstackBANK0  00006A
___ftmul@sign                             cstackBANK0  00006E
___ftneg                                  text77       003070
___ftneg@f1                               cstackCOMRAM 000018
___ftpack                                 text81       0021DE
___ftpack@arg                             cstackCOMRAM 000018
___ftpack@exp                             cstackCOMRAM 00001B
___ftpack@sign                            cstackCOMRAM 00001C
___ftsub                                  text75       002C46
___ftsub@f1                               cstackBANK0  000060
___ftsub@f2                               cstackBANK0  000063
___fttol                                  text69       001894
___fttol@exp1                             cstackBANK0  00008C
___fttol@f1                               cstackBANK0  00007E
___fttol@lval                             cstackBANK0  000088
___fttol@sign1                            cstackBANK0  000087
___inthi_sp                               stack        000000
___intlo_sp                               stack        000000
___lbtoft                                 text16       003028
___lbtoft@c                               cstackCOMRAM 000023
___llmod                                  text31       002664
___llmod@counter                          cstackCOMRAM 000030
___llmod@dividend                         cstackBANK0  0000B9
___llmod@divisor                          cstackBANK0  0000BD
___lltoft                                 text80       002846
___lltoft@c                               cstackCOMRAM 000020
___lltoft@exp                             cstackCOMRAM 000028
___lmul                                   text82       0029FE
___lmul@multiplicand                      cstackCOMRAM 00001E
___lmul@multiplier                        cstackCOMRAM 00001A
___lmul@product                           cstackCOMRAM 000022
___lwdiv                                  text37       002A54
___lwdiv@counter                          cstackCOMRAM 00001C
___lwdiv@dividend                         cstackCOMRAM 000018
___lwdiv@divisor                          cstackCOMRAM 00001A
___lwdiv@quotient                         cstackCOMRAM 00001D
___lwmod                                  text36       002C04
___lwmod@counter                          cstackCOMRAM 000023
___lwmod@dividend                         cstackCOMRAM 00001F
___lwmod@divisor                          cstackCOMRAM 000021
___lwtoft                                 text38       00304C
___lwtoft@c                               cstackCOMRAM 000020
___param_bank                             (abs)        000000
___rparam_used                            (abs)        000001
___sp                                     stack        000000
___wmul                                   text73       002FDE
___wmul@multiplicand                      cstackCOMRAM 00001A
___wmul@multiplier                        cstackCOMRAM 000018
___wmul@product                           cstackCOMRAM 00001C
__accesstop                               (abs)        000060
__activetblptr                            (abs)        000002
__end_of_ADC_GetConversion                text41       002F64
__end_of_ADC_Initialize                   text29       003152
__end_of_AdcSingleSample                  text6        000DAE
__end_of_BlinkOkLeds                      text86       0027EA
__end_of_ClearMcuRunTime                  text85       0031A4
__end_of_DAC_ADDRES                       mediumconst  007A01
__end_of_DAC_DEFAULT_INIT_VALUES          mediumconst  0079FD
__end_of_DATAEE_ReadByte                  text84       003190
__end_of_DATAEE_WriteByte                 text50       002ECE
__end_of_DacAnalogToDigitalSpi            text15       000A06
__end_of_DacInit                          text47       001C4E
__end_of_DacSetValue                      text7        00165C
__end_of_EUSART1_Initialize               text28       002DF0
__end_of_EUSART1_Read                     text19       002BC0
__end_of_EUSART1_Receive_ISR              text93       002F34
__end_of_EUSART1_Transmit_ISR             text92       002E98
__end_of_EUSART1_Write                    text40       002D06
__end_of_EepromRead                       text83       0031EA
__end_of_EepromWrite                      text49       0031C0
__end_of_GetIntFromUartData               text8        002458
__end_of_GroupCommon                      text3        003028
__end_of_GroupRx                          text4        002DB8
__end_of_GroupTx                          text5        002AEE
__end_of_INTERRUPT_Initialize             text27       0031FC
__end_of_INTERRUPT_InterruptManager       intcode      0000DC
__end_of_InitAdcApplicationMgr            text46       0031F0
__end_of_InitRxMessageParams              text2        002B7C
__end_of_InitSystemApplicationManagers    text42       003168
__end_of_MEMORY_ISR                       text91       003208
__end_of_Make32bitsArray                  text58       0028FA
__end_of_OSCILLATOR_Initialize            text26       0031B2
__end_of_PIN_MANAGER_IOC                  text90       003204
__end_of_PIN_MANAGER_Initialize           text25       002B36
__end_of_PLLInitialize                    text44       001296
__end_of_PLL_INIT_REGISTERS               mediumconst  0079EB
__end_of_PrintHelpScreen                  text18       000626
__end_of_ReadIntFromEeprom                text62       001538
__end_of_SWSPI_DAC_send_bits              text59       002952
__end_of_SWSPI_Synth_send_bits            text55       00206A
__end_of_SWSPI_send_word                  text51       0023C4
__end_of_SYSTEM_Initialize                text22       003124
__end_of_SampleSingleChannel              text34       001894
__end_of_SampleVgMonChannel               text33       00212A
__end_of_SendUartSystemInitMessage        text32       001E08
__end_of_SetMcuRunTime                    text30       002C04
__end_of_SetMcuSystem                     text21       0031D6
__end_of_StoreIntInEeprom                 text48       002E28
__end_of_SwSpi_Clk_Pin                    text61       0029FE
__end_of_SwSpi_Data_Pin                   text60       0029A8
__end_of_SwSpi_Set_CE_Pin                 text45       002D42
__end_of_SwSpi_Set_Dac_Sync_Pin           text54       00310A
__end_of_SwSpi_Set_Synth_Le_Pin           text53       002D7E
__end_of_TEST_PLL_REGISTERS               mediumconst  0079B7
__end_of_TMR0_ISR                         text88       0021DE
__end_of_TMR0_Initialize                  text23       002F02
__end_of_TMR0_SetInterruptHandler         text24       0031E0
__end_of_TMR0_StartTimer                  text43       003200
__end_of_UART_Write_Text                  text39       002664
__end_of_ZeroArray                        text56       0030EE
__end_of___altoft                         text71       0025F2
__end_of___awtoft                         text79       002E60
__end_of___ftadd                          text76       00110C
__end_of___ftdiv                          text78       001B6A
__end_of___ftge                           text70       002578
__end_of___ftmul                          text74       001A82
__end_of___ftneg                          text77       003094
__end_of___ftpack                         text81       00228C
__end_of___ftsub                          text75       002C88
__end_of___fttol                          text69       00198C
__end_of___lbtoft                         text16       00304C
__end_of___llmod                          text31       0026CC
__end_of___lltoft                         text80       0028A2
__end_of___lmul                           text82       002A54
__end_of___lwdiv                          text37       002AA6
__end_of___lwmod                          text36       002C46
__end_of___lwtoft                         text38       003070
__end_of___wmul                           text73       003004
__end_of__initialization                  cinit        00231C
__end_of_channelArr                       mediumconst  007A05
__end_of_dpowers                          mediumconst  0079F5
__end_of_eval_poly                        text72       001EE2
__end_of_exp                              text65       000818
__end_of_floor                            text67       001D2E
__end_of_frexp                            text68       0024E8
__end_of_isalpha                          text13       002FB8
__end_of_isdigit                          text12       0030B2
__end_of_isspace                          text11       002FDE
__end_of_isupper                          text14       0030D0
__end_of_keepAliveSignalLed               text20       00313C
__end_of_ldexp                            text66       001FA8
__end_of_log                              text64       00177C
__end_of_main                             text0        00272C
__end_of_make8                            text52       002846
__end_of_memset                           text57       002F90
__end_of_pow                              text63       001412
__end_of_readUartByte                     text1        0003A4
__end_of_sprintf                          text35       000F60
__end_of_strtol                           text9        000BDC
__end_of_testLeds                         text17       00278C
__end_of_toupper                          text10       00317C
__end_ofexp@coeff                         mediumconst  007A23
__end_ofi2___lwmod                        text89       002CCA
__end_oflog@coeff                         mediumconst  007A3E
__initialization                          cinit        00228C
__mediumconst                             mediumconst  007982
__pbssBANK0                               bssBANK0     0000E8
__pbssBANK1                               bssBANK1     000100
__pbssBANK2                               bssBANK2     000200
__pbssCOMRAM                              bssCOMRAM    000031
__pcinit                                  cinit        00228C
__pcstackBANK0                            cstackBANK0  000060
__pcstackBANK1                            cstackBANK1  00019B
__pcstackCOMRAM                           cstackCOMRAM 000001
__pdataBANK0                              dataBANK0    0000F8
__pdataBANK1                              dataBANK1    0001D4
__pdataCOMRAM                             dataCOMRAM   000042
__pidataBANK0                             idataBANK0   0031F4
__pidataBANK1                             idataBANK1   0031C0
__pidataCOMRAM                            idataCOMRAM  0031F0
__pintcode                                intcode      000008
__pmediumconst                            mediumconst  007982
__pnvBANK0                                nvBANK0      0000FC
__pnvCOMRAM                               nvCOMRAM     000046
__ptext0                                  text0        0026CC
__ptext1                                  text1        0000E0
__ptext10                                 text10       003168
__ptext11                                 text11       002FB8
__ptext12                                 text12       003094
__ptext13                                 text13       002F90
__ptext14                                 text14       0030B2
__ptext15                                 text15       000818
__ptext16                                 text16       003028
__ptext17                                 text17       00272C
__ptext18                                 text18       0003A4
__ptext19                                 text19       002B7C
__ptext2                                  text2        002B36
__ptext20                                 text20       003124
__ptext21                                 text21       0031CC
__ptext22                                 text22       00310A
__ptext23                                 text23       002ECE
__ptext24                                 text24       0031D6
__ptext25                                 text25       002AEE
__ptext26                                 text26       0031A4
__ptext27                                 text27       0031F8
__ptext28                                 text28       002DB8
__ptext29                                 text29       00313C
__ptext3                                  text3        003004
__ptext30                                 text30       002BC0
__ptext31                                 text31       002664
__ptext32                                 text32       001D2E
__ptext33                                 text33       00206A
__ptext34                                 text34       00177C
__ptext35                                 text35       000DAE
__ptext36                                 text36       002C04
__ptext37                                 text37       002A54
__ptext38                                 text38       00304C
__ptext39                                 text39       0025F2
__ptext4                                  text4        002D7E
__ptext40                                 text40       002CCA
__ptext41                                 text41       002F34
__ptext42                                 text42       003152
__ptext43                                 text43       0031FC
__ptext44                                 text44       00110C
__ptext45                                 text45       002D06
__ptext46                                 text46       0031EA
__ptext47                                 text47       001B6A
__ptext48                                 text48       002DF0
__ptext49                                 text49       0031B2
__ptext5                                  text5        002AA6
__ptext50                                 text50       002E98
__ptext51                                 text51       00232A
__ptext52                                 text52       0027EA
__ptext53                                 text53       002D42
__ptext54                                 text54       0030EE
__ptext55                                 text55       001FA8
__ptext56                                 text56       0030D0
__ptext57                                 text57       002F64
__ptext58                                 text58       0028A2
__ptext59                                 text59       0028FA
__ptext6                                  text6        000BDC
__ptext60                                 text60       002952
__ptext61                                 text61       0029A8
__ptext62                                 text62       001412
__ptext63                                 text63       001296
__ptext64                                 text64       00165C
[...]
      Temps:          0       0       0       0       0       0       0
      Totals:         0       0       0       0       0       0       0
Total ram usage:        0 bytes
 Hardware stack levels used:    1
 Hardware stack levels required when called:    3
 This function calls:
		Nothing
 This function is called by:
		_InitSystemApplicationManagers
 This function uses a non-reentrant model


 *************** function _BlinkOkLeds *****************
 Defined at:
		line 24 in file "LedsApp.c"
 Parameters:    Size  Location     Type
  state           1    wreg     enum E7622
 Auto vars:     Size  Location     Type
  state           1   26[COMRAM] enum E7622
  idx             2   27[COMRAM] int 
 Return value:  Size  Location     Type
                  1    wreg      void 
 Registers used:
		wreg, status,2, status,0
 Tracked objects:
		On entry : 
		On exit  : 
		Unchanged: 
 Data sizes:     COMRAM   BANK0   BANK1   BANK2   BANK3   BANK4   BANK5
      Params:         0       0       0       0       0       0       0
      Locals:         3       0       0       0       0       0       0
      Temps:          3       0       0       0       0       0       0
      Totals:         6       0       0       0       0       0       0
Total ram usage:        6 bytes
 Hardware stack levels used:    1
 Hardware stack levels required when called:    3
 This function calls:
		Nothing
 This function is called by:
		_main
 This function uses a non-reentrant model


 *************** function _INTERRUPT_InterruptManager *****************
 Defined at:
		line 57 in file "mcc_generated_files/interrupt_manager.c"
 Parameters:    Size  Location     Type
		None
 Auto vars:     Size  Location     Type
		None
 Return value:  Size  Location     Type
                  1    wreg      void 
 Registers used:
		wreg, fsr2l, fsr2h, status,2, status,0, prodl, prodh, cstack
 Tracked objects:
		On entry : 
		On exit  : 
		Unchanged: 
 Data sizes:     COMRAM   BANK0   BANK1   BANK2   BANK3   BANK4   BANK5
      Params:         0       0       0       0       0       0       0
      Locals:         0       0       0       0       0       0       0
      Temps:         18       0       0       0       0       0       0
      Totals:        18       0       0       0       0       0       0
Total ram usage:       18 bytes
 Hardware stack levels used:    1
 Hardware stack levels required when called:    2
 This function calls:
		_EUSART1_Receive_ISR
		_EUSART1_Transmit_ISR
		_MEMORY_ISR
		_PIN_MANAGER_IOC
		_TMR0_ISR
 This function is called by:
		Interrupt level 2
 This function uses a non-reentrant model


 *************** function _TMR0_ISR *****************
 Defined at:
		line 132 in file "mcc_generated_files/tmr0.c"
 Parameters:    Size  Location     Type
		None
 Auto vars:     Size  Location     Type
		None
 Return value:  Size  Location     Type
                  1    wreg      void 
 Registers used:
		wreg, status,2, status,0, cstack
 Tracked objects:
		On entry : 
		On exit  : 
		Unchanged: 
 Data sizes:     COMRAM   BANK0   BANK1   BANK2   BANK3   BANK4   BANK5
      Params:         0       0       0       0       0       0       0
      Locals:         0       0       0       0       0       0       0
      Temps:          0       0       0       0       0       0       0
      Totals:         0       0       0       0       0       0       0
Total ram usage:        0 bytes
 Hardware stack levels used:    1
 Hardware stack levels required when called:    1
 This function calls:
		i2___lwmod
 This function is called by:
		_INTERRUPT_InterruptManager
 This function uses a non-reentrant model


 *************** function i2___lwmod *****************
 Defined at:
		line 8 in file "C:\Program Files (x86)\Microchip\xc8\v1.45\sources\common\lwmod.c"
 Parameters:    Size  Location     Type
  dividend        2    0[COMRAM] unsigned int 
  divisor         2    2[COMRAM] unsigned int 
 Auto vars:     Size  Location     Type
  __lwmod         1    4[COMRAM] unsigned char 
 Return value:  Size  Location     Type
                  2    0[COMRAM] unsigned int 
 Registers used:
		wreg, status,2, status,0
 Tracked objects:
		On entry : 
		On exit  : 
		Unchanged: 
 Data sizes:     COMRAM   BANK0   BANK1   BANK2   BANK3   BANK4   BANK5
      Params:         4       0       0       0       0       0       0
      Locals:         1       0       0       0       0       0       0
      Temps:          0       0       0       0       0       0       0
      Totals:         5       0       0       0       0       0       0
Total ram usage:        5 bytes
 Hardware stack levels used:    1
 This function calls:
		Nothing
 This function is called by:
		_TMR0_ISR
 This function uses a non-reentrant model


 *************** function _PIN_MANAGER_IOC *****************
 Defined at:
		line 96 in file "mcc_generated_files/pin_manager.c"
 Parameters:    Size  Location     Type
		None
 Auto vars:     Size  Location     Type
		None
 Return value:  Size  Location     Type
                  1    wreg      void 
 Registers used:
		None
 Tracked objects:
		On entry : 
		On exit  : 
		Unchanged: 
 Data sizes:     COMRAM   BANK0   BANK1   BANK2   BANK3   BANK4   BANK5
      Params:         0       0       0       0       0       0       0
      Locals:         0       0       0       0       0       0       0
      Temps:          0       0       0       0       0       0       0
      Totals:         0       0       0       0       0       0       0
Total ram usage:        0 bytes
 Hardware stack levels used:    1
 This function calls:
		Nothing
 This function is called by:
		_INTERRUPT_InterruptManager
 This function uses a non-reentrant model


 *************** function _MEMORY_ISR *****************
 Defined at:
		line 206 in file "mcc_generated_files/memory.c"
 Parameters:    Size  Location     Type
		None
 Auto vars:     Size  Location     Type
		None
 Return value:  Size  Location     Type
                  1    wreg      void 
 Registers used:
		None
 Tracked objects:
		On entry : 
		On exit  : 
		Unchanged: 
 Data sizes:     COMRAM   BANK0   BANK1   BANK2   BANK3   BANK4   BANK5
      Params:         0       0       0       0       0       0       0
      Locals:         0       0       0       0       0       0       0
      Temps:          0       0       0       0       0       0       0
      Totals:         0       0       0       0       0       0       0
Total ram usage:        0 bytes
 Hardware stack levels used:    1
 This function calls:
		Nothing
 This function is called by:
		_INTERRUPT_InterruptManager
 This function uses a non-reentrant model


 *************** function _EUSART1_Transmit_ISR *****************
 Defined at:
		line 181 in file "mcc_generated_files/eusart1.c"
 Parameters:    Size  Location     Type
		None
 Auto vars:     Size  Location     Type
		None
 Return value:  Size  Location     Type
                  1    wreg      void 
 Registers used:
		wreg, fsr2l, fsr2h, status,2, status,0, prodl, prodh
 Tracked objects:
		On entry : 
		On exit  : 
		Unchanged: 
 Data sizes:     COMRAM   BANK0   BANK1   BANK2   BANK3   BANK4   BANK5
      Params:         0       0       0       0       0       0       0
      Locals:         0       0       0       0       0       0       0
      Temps:          0       0       0       0       0       0       0
      Totals:         0       0       0       0       0       0       0
Total ram usage:        0 bytes
 Hardware stack levels used:    1
 This function calls:
		Nothing
 This function is called by:
		_INTERRUPT_InterruptManager
 This function uses a non-reentrant model


 *************** function _EUSART1_Receive_ISR *****************
 Defined at:
		line 202 in file "mcc_generated_files/eusart1.c"
 Parameters:    Size  Location     Type
		None
 Auto vars:     Size  Location     Type
		None
 Return value:  Size  Location     Type
                  1    wreg      void 
 Registers used:
		wreg, fsr2l, fsr2h, status,2, status,0, prodl, prodh
 Tracked objects:
		On entry : 
		On exit  : 
		Unchanged: 
 Data sizes:     COMRAM   BANK0   BANK1   BANK2   BANK3   BANK4   BANK5
      Params:         0       0       0       0       0       0       0
      Locals:         0       0       0       0       0       0       0
      Temps:          0       0       0       0       0       0       0
      Totals:         0       0       0       0       0       0       0
Total ram usage:        0 bytes
 Hardware stack levels used:    1
 This function calls:
		Nothing
 This function is called by:
		_INTERRUPT_InterruptManager
 This function uses a non-reentrant model



MODULE INFORMATION

Module		Function		Class		Link	Load	Size
AdcApp.c
		_SampleVgMonChannel		CODE           	206A	0000	193
		_AdcSingleSample		CODE           	0BDC	0000	467
		_InitAdcApplicationMgr		CODE           	31EA	0000	7
		_SampleSingleChannel		CODE           	177C	0000	281

AdcApp.c estimated size: 948

MessageFunctions.c
		_GroupRx       		CODE           	2D7E	0000	59
		_GroupCommon   		CODE           	3004	0000	37
		_GroupTx       		CODE           	2AA6	0000	73

MessageFunctions.c estimated size: 169

SystemCommon.c
		_make8         		CODE           	27EA	0000	93
		_Make32bitsArray		CODE           	28A2	0000	89
		_StoreIntInEeprom		CODE           	2DF0	0000	57
		_ReadIntFromEeprom		CODE           	1412	0000	295
		_ZeroArray     		CODE           	30D0	0000	31
		_GetIntFromUartData		CODE           	23C4	0000	149

SystemCommon.c estimated size: 714

C:\Program Files (x86)\Microchip\xc8\v1.45\sources\common\ftneg.c
		___ftneg       		CODE           	3070	0000	37

C:\Program Files (x86)\Microchip\xc8\v1.45\sources\common\ftneg.c estimated size: 37

DacApp.c
		_DacAnalogToDigitalSpi		CODE           	0818	0000	495
		_DacInit       		CODE           	1B6A	0000	229
		_DacSetValue   		CODE           	1538	0000	293

DacApp.c estimated size: 1017

SystemStatus.c
		_PrintHelpScreen		CODE           	03A4	0000	643
		_ClearMcuRunTime		CODE           	3190	0000	21
		_SetMcuRunTime 		CODE           	2BC0	0000	69
		_SendUartSystemInitMessage		CODE           	1D2E	0000	219

SystemStatus.c estimated size: 952

C:\Program Files (x86)\Microchip\xc8\v1.45\sources\common\strtol.c
		_strtol        		CODE           	0A06	0000	471

C:\Program Files (x86)\Microchip\xc8\v1.45\sources\common\strtol.c estimated size: 471

C:\Program Files (x86)\Microchip\xc8\v1.45\sources\common\isalpha.c
		_isalpha       		CODE           	2F90	0000	41

C:\Program Files (x86)\Microchip\xc8\v1.45\sources\common\isalpha.c estimated size: 41

C:\Program Files (x86)\Microchip\xc8\v1.45\sources\common\ftsub.c
		___ftsub       		CODE           	2C46	0000	67

C:\Program Files (x86)\Microchip\xc8\v1.45\sources\common\ftsub.c estimated size: 67

C:\Program Files (x86)\Microchip\xc8\v1.45\sources\common\float.c
		___ftpack      		CODE           	21DE	0000	175

C:\Program Files (x86)\Microchip\xc8\v1.45\sources\common\float.c estimated size: 175

C:\Program Files (x86)\Microchip\xc8\v1.45\sources\common\doprnt.c
		_sprintf       		CODE           	0DAE	0000	435

C:\Program Files (x86)\Microchip\xc8\v1.45\sources\common\doprnt.c estimated size: 435

SwSpiApp.c
		_SWSPI_Synth_send_bits		CODE           	1FA8	0000	195
		_SWSPI_send_word		CODE           	232A	0000	155
		_SwSpi_Set_Synth_Le_Pin		CODE           	2D42	0000	61
		_SwSpi_Data_Pin		CODE           	2952	0000	87
		_SwSpi_Set_CE_Pin		CODE           	2D06	0000	61
		_SwSpi_Clk_Pin 		CODE           	29A8	0000	87
		_SwSpi_Set_Dac_Sync_Pin		CODE           	30EE	0000	29
		_SWSPI_DAC_send_bits		CODE           	28FA	0000	89

SwSpiApp.c estimated size: 764

C:\Program Files (x86)\Microchip\xc8\v1.45\sources\common\lltoft.c
		___lltoft      		CODE           	2846	0000	93

C:\Program Files (x86)\Microchip\xc8\v1.45\sources\common\lltoft.c estimated size: 93

mcc_generated_files/interrupt_manager.c
		_INTERRUPT_Initialize		CODE           	31F8	0000	5
		_INTERRUPT_InterruptManager		CODE           	0008	0000	213

mcc_generated_files/interrupt_manager.c estimated size: 218

C:\Program Files (x86)\Microchip\xc8\v1.45\sources\common\log.c
		_log           		CODE           	165C	0000	289

C:\Program Files (x86)\Microchip\xc8\v1.45\sources\common\log.c estimated size: 289

C:\Program Files (x86)\Microchip\xc8\v1.45\sources\common\Umul16.c
		___wmul        		CODE           	2FDE	0000	39

C:\Program Files (x86)\Microchip\xc8\v1.45\sources\common\Umul16.c estimated size: 39

mcc_generated_files/tmr0.c
		_TMR0_SetInterruptHandler		CODE           	31D6	0000	11
		_TMR0_StartTimer		CODE           	31FC	0000	5
		_TMR0_ISR      		CODE           	212A	0000	181
		_TMR0_Initialize		CODE           	2ECE	0000	53

mcc_generated_files/tmr0.c estimated size: 250

SyntApp.c
		_PLLInitialize 		CODE           	110C	0000	395

SyntApp.c estimated size: 395

C:\Program Files (x86)\Microchip\xc8\v1.45\sources\common\frexp.c
		_ldexp         		CODE           	1EE2	0000	199
		_frexp         		CODE           	2458	0000	145

C:\Program Files (x86)\Microchip\xc8\v1.45\sources\common\frexp.c estimated size: 344

C:\Program Files (x86)\Microchip\xc8\v1.45\sources\common\ftge.c
		___ftge        		CODE           	24E8	0000	145

C:\Program Files (x86)\Microchip\xc8\v1.45\sources\common\ftge.c estimated size: 145

mcc_generated_files/pin_manager.c
		_PIN_MANAGER_Initialize		CODE           	2AEE	0000	73
		_PIN_MANAGER_IOC		CODE           	3200	0000	5

mcc_generated_files/pin_manager.c estimated size: 78

C:\Program Files (x86)\Microchip\xc8\v1.45\sources\common\isdigit.c
		_isdigit       		CODE           	3094	0000	31

C:\Program Files (x86)\Microchip\xc8\v1.45\sources\common\isdigit.c estimated size: 31

C:\Program Files (x86)\Microchip\xc8\v1.45\sources\common\pow.c
		_pow           		CODE           	1296	0000	381

C:\Program Files (x86)\Microchip\xc8\v1.45\sources\common\pow.c estimated size: 381

C:\Program Files (x86)\Microchip\xc8\v1.45\sources\common\floor.c
		_floor         		CODE           	1C4E	0000	225

C:\Program Files (x86)\Microchip\xc8\v1.45\sources\common\floor.c estimated size: 225

C:\Program Files (x86)\Microchip\xc8\v1.45\sources\common\lwmod.c
		___lwmod       		CODE           	2C04	0000	67

C:\Program Files (x86)\Microchip\xc8\v1.45\sources\common\lwmod.c estimated size: 67

C:\Program Files (x86)\Microchip\xc8\v1.45\sources\common\ftmul.c
		___ftmul       		CODE           	198C	0000	247

C:\Program Files (x86)\Microchip\xc8\v1.45\sources\common\ftmul.c estimated size: 247

mcc_generated_files/adc.c
		_ADC_Initialize		CODE           	313C	0000	23
		_ADC_GetConversion		CODE           	2F34	0000	49

mcc_generated_files/adc.c estimated size: 72

C:\Program Files (x86)\Microchip\xc8\v1.45\sources\common\ftdiv.c
		___ftdiv       		CODE           	1A82	0000	233

C:\Program Files (x86)\Microchip\xc8\v1.45\sources\common\ftdiv.c estimated size: 233

C:\Program Files (x86)\Microchip\xc8\v1.45\sources\common\llmod.c
		___llmod       		CODE           	2664	0000	105

C:\Program Files (x86)\Microchip\xc8\v1.45\sources\common\llmod.c estimated size: 105

C:\Program Files (x86)\Microchip\xc8\v1.45\sources\common\Umul32.c
		___lmul        		CODE           	29FE	0000	87

C:\Program Files (x86)\Microchip\xc8\v1.45\sources\common\Umul32.c estimated size: 87

FlashApp.c
		_EepromWrite   		CODE           	31B2	0000	15
		_EepromRead    		CODE           	31E0	0000	11

FlashApp.c estimated size: 26

shared
		exp@coeff      		MEDIUMCONST    	7A05	0000	31
		_PLL_INIT_REGISTERS		MEDIUMCONST    	79B7	0000	53
		_dpowers       		MEDIUMCONST    	79EB	0000	11
		_DAC_DEFAULT_INIT_VALUES		MEDIUMCONST    	79F5	0000	9
		i2___lwmod     		CODE           	2C88	0000	67
		__initialization		CODE           	228C	0000	145
		_DAC_ADDRES    		MEDIUMCONST    	79FD	0000	5
		log@coeff      		MEDIUMCONST    	7A23	0000	28
		_TEST_PLL_REGISTERS		MEDIUMCONST    	7983	0000	53
		_channelArr    		MEDIUMCONST    	7A01	0000	5

shared estimated size: 407

mcc_generated_files/eusart1.c
		_EUSART1_Initialize		CODE           	2DB8	0000	57
		_EUSART1_Read  		CODE           	2B7C	0000	69
		_EUSART1_Write 		CODE           	2CCA	0000	61
		_EUSART1_Receive_ISR		CODE           	2F02	0000	51
		_EUSART1_Transmit_ISR		CODE           	2E60	0000	57

mcc_generated_files/eusart1.c estimated size: 295

mcc_generated_files/mcc.c
		_OSCILLATOR_Initialize		CODE           	31A4	0000	15
		_SYSTEM_Initialize		CODE           	310A	0000	27

mcc_generated_files/mcc.c estimated size: 42

C:\Program Files (x86)\Microchip\xc8\v1.45\sources\common\fttol.c
		___fttol       		CODE           	1894	0000	249

C:\Program Files (x86)\Microchip\xc8\v1.45\sources\common\fttol.c estimated size: 249

SystemSettings.c
		_SetMcuSystem  		CODE           	31CC	0000	11
		_InitSystemApplicationManagers		CODE           	3152	0000	23

SystemSettings.c estimated size: 34

C:\Program Files (x86)\Microchip\xc8\v1.45\sources\common\awtoft.c
		___awtoft      		CODE           	2E28	0000	57

C:\Program Files (x86)\Microchip\xc8\v1.45\sources\common\awtoft.c estimated size: 57

C:\Program Files (x86)\Microchip\xc8\v1.45\sources\common\lwdiv.c
		___lwdiv       		CODE           	2A54	0000	83

C:\Program Files (x86)\Microchip\xc8\v1.45\sources\common\lwdiv.c estimated size: 83

C:\Program Files (x86)\Microchip\xc8\v1.45\sources\common\evalpoly.c
		_eval_poly     		CODE           	1E08	0000	219

C:\Program Files (x86)\Microchip\xc8\v1.45\sources\common\evalpoly.c estimated size: 219

C:\Program Files (x86)\Microchip\xc8\v1.45\sources\common\isupper.c
		_isupper       		CODE           	30B2	0000	31

C:\Program Files (x86)\Microchip\xc8\v1.45\sources\common\isupper.c estimated size: 31

mcc_generated_files/memory.c
		_DATAEE_WriteByte		CODE           	2E98	0000	55
		_MEMORY_ISR    		CODE           	3204	0000	5
		_DATAEE_ReadByte		CODE           	317C	0000	21

mcc_generated_files/memory.c estimated size: 81

C:\Program Files (x86)\Microchip\xc8\v1.45\sources\common\ftadd.c
		___ftadd       		CODE           	0F60	0000	429

C:\Program Files (x86)\Microchip\xc8\v1.45\sources\common\ftadd.c estimated size: 429

C:\Program Files (x86)\Microchip\xc8\v1.45\sources\common\toupper.c
		_toupper       		CODE           	3168	0000	21

C:\Program Files (x86)\Microchip\xc8\v1.45\sources\common\toupper.c estimated size: 21

LedsApp.c
		_testLeds      		CODE           	272C	0000	97
		_keepAliveSignalLed		CODE           	3124	0000	25
		_BlinkOkLeds   		CODE           	278C	0000	95

LedsApp.c estimated size: 217

C:\Program Files (x86)\Microchip\xc8\v1.45\sources\common\isspace.c
		_isspace       		CODE           	2FB8	0000	39

C:\Program Files (x86)\Microchip\xc8\v1.45\sources\common\isspace.c estimated size: 39

main.c
		_main          		CODE           	26CC	0000	97

main.c estimated size: 97

C:\Program Files (x86)\Microchip\xc8\v1.45\sources\common\lwtoft.c
		___lwtoft      		CODE           	304C	0000	37

C:\Program Files (x86)\Microchip\xc8\v1.45\sources\common\lwtoft.c estimated size: 37

C:\Program Files (x86)\Microchip\xc8\v1.45\sources\common\exp.c
		_exp           		CODE           	0626	0000	499

C:\Program Files (x86)\Microchip\xc8\v1.45\sources\common\exp.c estimated size: 499

EusartApp.c
		_UART_Write_Text		CODE           	25F2	0000	115
		_InitRxMessageParams		CODE           	2B36	0000	71
		_readUartByte  		CODE           	00E0	0000	709

EusartApp.c estimated size: 895

C:\Program Files (x86)\Microchip\xc8\v1.45\sources\common\lbtoft.c
		___lbtoft      		CODE           	3028	0000	37

C:\Program Files (x86)\Microchip\xc8\v1.45\sources\common\lbtoft.c estimated size: 37

C:\Program Files (x86)\Microchip\xc8\v1.45\sources\common\altoft.c
		___altoft      		CODE           	2578	0000	123

C:\Program Files (x86)\Microchip\xc8\v1.45\sources\common\altoft.c estimated size: 123

C:\Program Files (x86)\Microchip\xc8\v1.45\sources\common\memset.c
		_memset        		CODE           	2F64	0000	45

C:\Program Files (x86)\Microchip\xc8\v1.45\sources\common\memset.c estimated size: 45

