Microchip MPLAB XC8 Compiler V1.45 ()

Linker command line:

-W-3 --edf=C:\Program Files (x86)\Microchip\xc8\v1.45\dat\en_msgs.txt -cs \
  -h+dist/default/debug\Project_1533.debug.sym \
  --cmf=dist/default/debug\Project_1533.debug.cmf -z -Q18F45K22 \
  -oC:\Users\User\AppData\Local\Temp\sda0.2 \
  -Mdist/default/debug/Project_1533.debug.map -E1 -ver=XC8 \
  -ASTACK=01BAh-05ffh -pstack=STACK -ACODE=00h-07FFFh -ACONST=00h-07FFFh \
  -ASMALLCONST=0600h-06FFhx122 -AMEDIUMCONST=0600h-07FFFh -ACOMRAM=01h-05Fh \
  -AABS1=00h-05FFh -ABIGRAM=01h-05FFh -ARAM=060h-0FFh,0100h-01FFhx5 \
  -ABANK0=060h-0FFh -ABANK1=0100h-01FFh -ABANK2=0200h-02FFh \
  -ABANK3=0300h-03FFh -ABANK4=0400h-04FFh -ABANK5=0500h-05FFh \
  -ASFR=0F38h-0F5Fh,0F60h-0FFCh \
  -preset_vec=00h,intcode=08h,intcodelo,powerup,init -pramtop=0600h \
  -psmallconst=SMALLCONST -pmediumconst=MEDIUMCONST -pconst=CONST \
  -AFARRAM=00h-00h -ACONFIG=0300000h-030000Dh -pconfig=CONFIG \
  -AIDLOC=0200000h-0200007h -pidloc=IDLOC -AEEDATA=0F00000h-0F000FFh \
  -peeprom_data=EEDATA \
  -prdata=COMRAM,nvrram=COMRAM,nvbit=COMRAM,rbss=COMRAM,rbit=COMRAM \
  -pfarbss=FARRAM,fardata=FARRAM,nvFARRAM=FARRAM \
  -pintsave_regs=BIGRAM,bigbss=BIGRAM,bigdata=BIGRAM -pbss=RAM \
  -pidata=CODE,irdata=CODE,ibigdata=CODE,ifardata=CODE -prparam=COMRAM \
  C:\Users\User\AppData\Local\Temp\sda0.obj \
  dist/default/debug\Project_1533.debug.obj 

Object code version is 3.11

Machine type is 18F45K22

Call graph: (short form)




                Name                               Link     Load   Length Selector   Space Scale
C:\Users\User\AppData\Local\Temp\sda0.obj
                init                                 DC       DC        4        4       0
                reset_vec                             0        0        6        0       0
                idloc                            200000   200000        8   200000       0
                config                           300000   300000        E   300000       0
dist/default/debug\Project_1533.debug.obj
                intcode                               8        8       D4        4       0
                temp                                 48       48        1        1       1
                mediumconst                        7BE2     7BE2      41E     3DF1       0
                text75                             21FE     21FE       2C        4       0
                text74                             2098     2098       38        4       0
                text73                             23FE     23FE        4        4       0
                text72                             23FA     23FA        4        4       0
                text71                             1F6A     1F6A       42        4       0
                text70                             185E     185E       8C        4       0
                text68                             21A2     21A2       30        4       0
                text67                             23CC     23CC        E        4       0
                text66                             216E     216E       34        4       0
                text65                             146E     146E       BC        4       0
                text64                              C7E      C7E       FA        4       0
                text63                             1690     1690       AE        4       0
                text62                             229A     229A       24        4       0
                text61                             1C48     1C48       5C        4       0
                text60                             2060     2060       38        4       0
                text59                              F66      F66       E8        4       0
                text58                             2276     2276       24        4       0
                text57                              6B0      6B0      1AE        4       0
                text56                             1F28     1F28       42        4       0
                text55                              E70      E70       F6        4       0
                text54                             2250     2250       26        4       0
                text53                             1130     1130       DA        4       0
                text52                             1974     1974       7A        4       0
                text51                             17CE     17CE       90        4       0
                text50                              D78      D78       F8        4       0
                text49                             173E     173E       90        4       0
                text48                             104E     104E       E2        4       0
                text47                             13A8     13A8       C6        4       0
                text46                              302      302      1F2        4       0
                text45                              B5C      B5C      122        4       0
                text44                              9E0      9E0      17C        4       0
                text43                              4F4      4F4      1BC        4       0
                text42                             1B8E     1B8E       5E        4       0
                text41                             1B30     1B30       5E        4       0
                text40                             15E2     15E2       AE        4       0
                text39                             238A     238A       14        4       0
                text38                             1E04     1E04       56        4       0
                text37                             1DAE     1DAE       56        4       0
                text36                             1D56     1D56       58        4       0
                text35                             1CFE     1CFE       58        4       0
                text34                             22F8     22F8       1C        4       0
                text33                             2024     2024       3C        4       0
                text32                             1BEC     1BEC       5C        4       0
                text31                             152A     152A       B8        4       0
                text30                             1A60     1A60       6A        4       0
                text29                             23AE     23AE       10        4       0
                text28                             222A     222A       26        4       0
                text27                             1FE8     1FE8       3C        4       0
                text26                              85E      85E      182        4       0
                text25                             23F6     23F6        4        4       0
                text24                             232E     232E       1A        4       0
                text23                             1FAC     1FAC       3C        4       0
                text22                             213A     213A       34        4       0
                text21                             12DC     12DC       CC        4       0
                text20                               E0       E0      222        4       0
                text19                             120A     120A       D2        4       0
                text18                             1ACA     1ACA       66        4       0
                text17                             1EA2     1EA2       44        4       0
                text16                             2360     2360       16        4       0
                text15                             20D0     20D0       36        4       0
                text14                             23F2     23F2        4        4       0
                text13                             23BE     23BE        E        4       0
                text12                             1E5A     1E5A       48        4       0
                text11                             23E4     23E4        A        4       0
                text10                             2106     2106       34        4       0
                text9                              2314     2314       1A        4       0
                text8                              23DA     23DA        A        4       0
                text7                              2348     2348       18        4       0
                text6                              1EE6     1EE6       42        4       0
                text5                              21D2     21D2       2C        4       0
                text4                              22BE     22BE       1E        4       0
                text3                              22DC     22DC       1C        4       0
                text2                              2376     2376       14        4       0
                text1                              18EA     18EA       8A        4       0
                text0                              1CA4     1CA4       5A        4       0
                cstackCOMRAM                          1        1       2F        1       1
                cstackBANK0                          60       60       53       60       1
                cstackBANK1                         1AE      1AE        C      100       1
                bssBANK1                            100      100       AE      100       1
                dataBANK0                            EB       EB       10       60       1
                bssBANK0                             B3       B3       38       60       1
                dataCOMRAM                           42       42        4        1       1
                bssCOMRAM                            30       30       12        1       1
                cinit                              19EE     19EE       72        4       0
                nvBANK0                              FB       FB        5       60       1
                nvCOMRAM                             46       46        2        1       1
                idataBANK0                         239E     239E       10        4       0
                idataCOMRAM                        23EE     23EE        4        4       0

TOTAL           Name                               Link     Load   Length     Space
        CLASS   STACK          

        CLASS   CODE           
                intcode                               8        8       D4         0
                init                                 DC       DC        4         0
                reset_vec                             0        0        6         0
                text75                             21FE     21FE       2C         0
                text74                             2098     2098       38         0
                text73                             23FE     23FE        4         0
                text72                             23FA     23FA        4         0
                text71                             1F6A     1F6A       42         0
                text70                             185E     185E       8C         0
                text68                             21A2     21A2       30         0
                text67                             23CC     23CC        E         0
                text66                             216E     216E       34         0
                text65                             146E     146E       BC         0
                text64                              C7E      C7E       FA         0
                text63                             1690     1690       AE         0
                text62                             229A     229A       24         0
                text61                             1C48     1C48       5C         0
                text60                             2060     2060       38         0
                text59                              F66      F66       E8         0
                text58                             2276     2276       24         0
                text57                              6B0      6B0      1AE         0
                text56                             1F28     1F28       42         0
                text55                              E70      E70       F6         0
                text54                             2250     2250       26         0
                text53                             1130     1130       DA         0
                text52                             1974     1974       7A         0
                text51                             17CE     17CE       90         0
                text50                              D78      D78       F8         0
                text49                             173E     173E       90         0
                text48                             104E     104E       E2         0
                text47                             13A8     13A8       C6         0
                text46                              302      302      1F2         0
                text45                              B5C      B5C      122         0
                text44                              9E0      9E0      17C         0
                text43                              4F4      4F4      1BC         0
                text42                             1B8E     1B8E       5E         0
                text41                             1B30     1B30       5E         0
                text40                             15E2     15E2       AE         0
                text39                             238A     238A       14         0
                text38                             1E04     1E04       56         0
                text37                             1DAE     1DAE       56         0
                text36                             1D56     1D56       58         0
                text35                             1CFE     1CFE       58         0
                text34                             22F8     22F8       1C         0
                text33                             2024     2024       3C         0
                text32                             1BEC     1BEC       5C         0
                text31                             152A     152A       B8         0
                text30                             1A60     1A60       6A         0
                text29                             23AE     23AE       10         0
                text28                             222A     222A       26         0
                text27                             1FE8     1FE8       3C         0
                text26                              85E      85E      182         0
                text25                             23F6     23F6        4         0
                text24                             232E     232E       1A         0
                text23                             1FAC     1FAC       3C         0
                text22                             213A     213A       34         0
                text21                             12DC     12DC       CC         0
                text20                               E0       E0      222         0
                text19                             120A     120A       D2         0
                text18                             1ACA     1ACA       66         0
                text17                             1EA2     1EA2       44         0
                text16                             2360     2360       16         0
                text15                             20D0     20D0       36         0
                text14                             23F2     23F2        4         0
                text13                             23BE     23BE        E         0
                text12                             1E5A     1E5A       48         0
                text11                             23E4     23E4        A         0
                text10                             2106     2106       34         0
                text9                              2314     2314       1A         0
                text8                              23DA     23DA        A         0
                text7                              2348     2348       18         0
                text6                              1EE6     1EE6       42         0
                text5                              21D2     21D2       2C         0
                text4                              22BE     22BE       1E         0
                text3                              22DC     22DC       1C         0
                text2                              2376     2376       14         0
                text1                              18EA     18EA       8A         0
                text0                              1CA4     1CA4       5A         0
                cinit                              19EE     19EE       72         0
                idataBANK0                         239E     239E       10         0
                idataCOMRAM                        23EE     23EE        4         0

        CLASS   CONST          

        CLASS   SMALLCONST     

        CLASS   MEDIUMCONST    
                mediumconst                        7BE2     7BE2      41E         0

        CLASS   COMRAM         
                temp                                 48       48        1         1
                cstackCOMRAM                          1        1       2F         1
                dataCOMRAM                           42       42        4         1
                bssCOMRAM                            30       30       12         1
                nvCOMRAM                             46       46        2         1

        CLASS   ABS1           

        CLASS   BIGRAM         

        CLASS   RAM            

        CLASS   BANK0          
                cstackBANK0                          60       60       53         1
                dataBANK0                            EB       EB       10         1
                bssBANK0                             B3       B3       38         1
                nvBANK0                              FB       FB        5         1

        CLASS   BANK1          
                cstackBANK1                         1AE      1AE        C         1
                bssBANK1                            100      100       AE         1

        CLASS   BANK2          

        CLASS   BANK3          

        CLASS   BANK4          

        CLASS   BANK5          

        CLASS   SFR            

        CLASS   FARRAM         

        CLASS   CONFIG         
                config                           300000   300000        E         0

        CLASS   IDLOC          
                idloc                            200000   200000        8         0

        CLASS   EEDATA         



SEGMENTS        Name                           Load    Length   Top    Selector   Space  Class

                reset_vec                      000000  000006  000006         0       0  CODE    
                cstackCOMRAM                   000001  000048  000049         1       1  COMRAM  
                intcode                        000008  0023FA  002402         4       0  CODE    
                cstackBANK0                    000060  0000A0  000100        60       1  BANK0   
                bssBANK1                       000100  0000BA  0001BA       100       1  BANK1   
                mediumconst                    007BE2  00041E  008000      3DF1       0  MEDIUMCO
                idloc                          200000  000008  200008    200000       0  IDLOC   
                config                         300000  00000E  30000E    300000       0  CONFIG  


UNUSED ADDRESS RANGES

        Name                Unused          Largest block    Delta
        BANK1            0001BA-0001FF               46
        BANK2            000200-0002FF              100
        BANK3            000300-0003FF              100
        BANK4            000400-0004FF              100
        BANK5            000500-0005FF              100
        BIGRAM           000049-00005F               17
                         0001BA-0005FF              446
        CODE             000006-000007                2
                         002402-007BE1             57E0
        COMRAM           000049-00005F               17
        CONST            000006-000007                2
                         002402-007BE1             57E0
        EEDATA           F00000-F000FF              100
        MEDIUMCONST      002402-007BE1             57E0
        RAM              0001BA-0005FF              100
        SFR              000F38-000FFC               28
        SMALLCONST       002402-007BE1              100
        STACK            0001BA-0005FF              446

                                  Symbol Table

?_ADC_GetConversion                       cstackCOMRAM 000018
?___altoft                                cstackBANK0  000087
?___awtoft                                cstackCOMRAM 000020
?___ftadd                                 cstackBANK0  000078
?___ftdiv                                 cstackCOMRAM 000029
?___ftmul                                 cstackBANK0  000069
?___ftneg                                 cstackCOMRAM 000018
?___ftpack                                cstackCOMRAM 000018
?___ftsub                                 cstackBANK0  000084
?___fttol                                 cstackBANK0  000078
?___llmod                                 cstackCOMRAM 000018
?___lltoft                                cstackCOMRAM 000020
?___lwmod                                 cstackCOMRAM 000001
?___lwtoft                                cstackCOMRAM 000020
?___wmul                                  cstackCOMRAM 000018
?_eval_poly                               cstackBANK0  000084
?_exp                                     cstackBANK0  000099
?_floor                                   cstackBANK0  000091
?_frexp                                   cstackCOMRAM 000018
?_ldexp                                   cstackBANK0  000090
?_log                                     cstackBANK0  000090
?_pow                                     cstackBANK0  0000A2
?_sprintf                                 cstackCOMRAM 000018
ADC_GetConversion@channel                 cstackCOMRAM 00001C
AdcConvert@_adcResult                     cstackBANK1  0001B0
AdcConvert@_adcResult_332                 cstackBANK1  0001B2
AdcConvert@adcRes                         cstackBANK1  0001B7
AdcConvert@idx                            cstackBANK1  0001B9
BlinkErrorLeds@idx                        cstackCOMRAM 00001B
BlinkErrorLeds@state                      cstackCOMRAM 00001D
BlinkOkLeds@idx                           cstackCOMRAM 00001B
BlinkOkLeds@state                         cstackCOMRAM 00001D
CheckFlashPrecentage@precentage           cstackBANK0  00007C
EUSART1_Read@readValue                    cstackCOMRAM 000019
EUSART1_Write@txData                      cstackCOMRAM 000018
FLASH_EraseBlock@GIEBitValue              cstackCOMRAM 00001C
FLASH_EraseBlock@baseAddr                 cstackCOMRAM 000018
FLASH_WriteBlock@GIEBitValue              cstackCOMRAM 00002B
FLASH_WriteBlock@blockStartAddr           cstackCOMRAM 000027
FLASH_WriteBlock@flashWrBufPtr            cstackCOMRAM 000021
FLASH_WriteBlock@i                        cstackCOMRAM 00002C
FLASH_WriteBlock@writeAddr                cstackCOMRAM 00001D
FlashSampleWrite@channelNum               cstackCOMRAM 00002F
FlashSampleWrite@rotateLeft               cstackBANK0  000062
FlashSampleWrite@sampleData               cstackCOMRAM 00002D
InitAdcApplicationMgr@channel             cstackCOMRAM 000018
PLLInitialize@idx                         cstackCOMRAM 00002C
PLLInitialize@idx_810                     cstackCOMRAM 00002E
PrintHelpScreen@dest                      cstackBANK0  000060
SWSPI_DAC_send_bits@count                 cstackCOMRAM 00001B
SWSPI_DAC_send_bits@data                  cstackCOMRAM 00001A
SWSPI_DAC_send_bits@phrType               cstackCOMRAM 00001C
SWSPI_Synth_send_bits@count               cstackCOMRAM 00001B
SWSPI_Synth_send_bits@data                cstackCOMRAM 00001A
SWSPI_Synth_send_bits@phrType             cstackCOMRAM 00001C
SWSPI_send_word@data                      cstackCOMRAM 000021
SWSPI_send_word@dataSize                  cstackCOMRAM 000025
SWSPI_send_word@datac                     cstackCOMRAM 000026
SWSPI_send_word@idx                       cstackCOMRAM 000027
SWSPI_send_word@phrType                   cstackCOMRAM 000029
SendUartSystemInitMessage@dest            cstackBANK0  000060
SwSpi_Clk_Pin@cPinMode                    cstackCOMRAM 000018
SwSpi_Clk_Pin@phrType                     cstackCOMRAM 000019
SwSpi_Data_Pin@cPinMode                   cstackCOMRAM 000018
SwSpi_Data_Pin@phrType                    cstackCOMRAM 000019
SwSpi_Set_CE_Pin@cPinMode                 cstackCOMRAM 000018
SwSpi_Set_CE_Pin@phrType                  cstackCOMRAM 000019
SwSpi_Set_Dac_Sync_Pin@cPinMode           cstackCOMRAM 000018
SwSpi_Set_Synth_Le_Pin@cPinMode           cstackCOMRAM 000018
SwSpi_Set_Synth_Le_Pin@phrType            cstackCOMRAM 000019
TMR0_ISR@CountCallBack                    bssCOMRAM    000034
TMR0_SetInterruptHandler@InterruptHandler cstackCOMRAM 000018
UART_Write_Text@i                         cstackCOMRAM 00001B
UART_Write_Text@text                      cstackCOMRAM 000019
ZeroArray@array                           cstackCOMRAM 000020
ZeroArray@size                            cstackCOMRAM 000022
_ADCON0                                   (abs)        000FC2
_ADCON0bits                               (abs)        000FC2
_ADCON1                                   (abs)        000FC1
_ADCON2                                   (abs)        000FC0
_ADC_GetConversion                        text68       0021A2
_ADC_Initialize                           text16       002360
_ADRESH                                   (abs)        000FC4
_ADRESL                                   (abs)        000FC3
_ANSELA                                   (abs)        000F38
_ANSELB                                   (abs)        000F39
_ANSELC                                   (abs)        000F3A
_ANSELD                                   (abs)        000F3B
_ANSELE                                   (abs)        000F3C
_AdcConvert                               text43       0004F4
_AdcConvert$3340                          cstackBANK1  0001B4
_BAUDCON1                                 (abs)        000FB8
_BlinkErrorLeds                           text42       001B8E
_BlinkOkLeds                              text41       001B30
_CheckFlashPrecentage                     text40       0015E2
_ClearMcuRunTime                          text39       00238A
_DacInit                                  text30       001A60
_EEADR                                    (abs)        000FA9
_EECON1bits                               (abs)        000FA6
_EECON2                                   (abs)        000FA7
_EEDATA                                   (abs)        000FA8
_EUSART1_Initialize                       text15       0020D0
_EUSART1_Read                             text6        001EE6
_EUSART1_Receive_ISR                      text75       0021FE
_EUSART1_Transmit_ISR                     text74       002098
_EUSART1_Write                            text23       001FAC
_FLASH_EraseBlock                         text66       00216E
_FLASH_IsWriteDone                        text67       0023CC
_FLASH_WriteBlock                         text65       00146E
_FlashSampleWrite                         text64       000C7E
_GroupAdc                                 (abs)        000000
_GroupControlMcu                          (abs)        000000
_GroupDAC                                 (abs)        000000
_GroupFlashMemory                         (abs)        000000
_GroupStatusAndVersion                    (abs)        000000
_GroupSynthesizers                        (abs)        000000
_INTCON2bits                              (abs)        000FF1
_INTCONbits                               (abs)        000FF2
_INTERRUPT_Initialize                     text14       0023F2
_INTERRUPT_InterruptManager               intcode      000008
_IOCB                                     (abs)        000F62
_InitAdcApplicationMgr                    text29       0023AE
_InitRxMessageParams                      text3        0022DC
_InitSevenSegment                         text28       00222A
_InitSystemApplicationManagers            text24       00232E
_LATA                                     (abs)        000F89
_LATAbits                                 (abs)        000F89
_LATB                                     (abs)        000F8A
_LATBbits                                 (abs)        000F8A
_LATC                                     (abs)        000F8B
_LATCbits                                 (abs)        000F8B
_LATD                                     (abs)        000F8C
_LATDbits                                 (abs)        000F8C
_LATE                                     (abs)        000F8D
_MEMORY_ISR                               text73       0023FE
_OSCCON                                   (abs)        000FD3
_OSCCON2                                  (abs)        000FD2
_OSCILLATOR_Initialize                    text13       0023BE
_OSCTUNE                                  (abs)        000F9B
_PIE1bits                                 (abs)        000F9D
_PIE2bits                                 (abs)        000FA0
_PIN_MANAGER_IOC                          text72       0023FA
_PIN_MANAGER_Initialize                   text12       001E5A
_PIR1bits                                 (abs)        000F9E
_PIR2bits                                 (abs)        000FA1
_PLLInitialize                            text26       00085E
_PLL_INIT_REGISTERS                       mediumconst  007C17
_PORTD                                    (abs)        000F83
_PrintHelpScreen                          text20       0000E0
_RCONbits                                 (abs)        000FD0
_RCREG1                                   (abs)        000FAE
_RCSTA1                                   (abs)        000FAB
_RCSTA1bits                               (abs)        000FAB
_SPBRG1                                   (abs)        000FAF
_SPBRGH1                                  (abs)        000FB0
_SWSPI_DAC_send_bits                      text36       001D56
_SWSPI_Synth_send_bits                    text35       001CFE
_SWSPI_send_word                          text31       00152A
_SYSTEM_Initialize                        text9        002314
_SendUartSystemInitMessage                text19       00120A
_SetMcuRunTime                            text17       001EA2
_SetMcuSystem                             text8        0023DA
_SwSpi_Clk_Pin                            text38       001E04
_SwSpi_Data_Pin                           text37       001DAE
_SwSpi_Set_CE_Pin                         text27       001FE8
_SwSpi_Set_Dac_Sync_Pin                   text34       0022F8
_SwSpi_Set_Synth_Le_Pin                   text33       002024
_T0CON                                    (abs)        000FD5
_T0CONbits                                (abs)        000FD5
_TABLAT                                   (abs)        000FF5
_TBLPTRH                                  (abs)        000FF7
_TBLPTRL                                  (abs)        000FF6
_TBLPTRU                                  (abs)        000FF8
_TEST_PLL_REGISTERS                       mediumconst  007BE3
_TMR0H                                    (abs)        000FD7
_TMR0L                                    (abs)        000FD6
_TMR0_DefaultInterruptHandler             (abs)        000000
_TMR0_ISR                                 text70       00185E
_TMR0_Initialize                          text10       002106
_TMR0_InterruptHandler                    nvBANK0      0000FB
_TMR0_SetInterruptHandler                 text11       0023E4
_TMR0_StartTimer                          text25       0023F6
_TRISA                                    (abs)        000F92
_TRISB                                    (abs)        000F93
_TRISC                                    (abs)        000F94
_TRISD                                    (abs)        000F95
_TRISE                                    (abs)        000F96
_TXREG1                                   (abs)        000FAD
_TXSTA1                                   (abs)        000FAC
_TimerKeepAliveFlag                       bssCOMRAM    00003B
_TimerOneSecFlag                          bssCOMRAM    00003D
_TimerSamplingFlag                        bssCOMRAM    00003C
_UART_Write_Text                          text22       00213A
_WPUB                                     (abs)        000F61
_ZeroArray                                text4        0022BE
__CFG_BOREN$SBORDIS                       (abs)        000000
__CFG_BORV$190                            (abs)        000000
__CFG_CCP2MX$PORTC1                       (abs)        000000
__CFG_CCP3MX$PORTB5                       (abs)        000000
__CFG_CP0$OFF                             (abs)        000000
__CFG_CP1$OFF                             (abs)        000000
__CFG_CP2$OFF                             (abs)        000000
__CFG_CP3$OFF                             (abs)        000000
__CFG_CPB$OFF                             (abs)        000000
__CFG_CPD$OFF                             (abs)        000000
__CFG_DEBUG$OFF                           (abs)        000000
__CFG_EBTR0$OFF                           (abs)        000000
__CFG_EBTR1$OFF                           (abs)        000000
__CFG_EBTR2$OFF                           (abs)        000000
__CFG_EBTR3$OFF                           (abs)        000000
__CFG_EBTRB$OFF                           (abs)        000000
__CFG_FCMEN$OFF                           (abs)        000000
__CFG_FOSC$INTIO67                        (abs)        000000
__CFG_HFOFST$ON                           (abs)        000000
__CFG_IESO$OFF                            (abs)        000000
__CFG_LVP$ON                              (abs)        000000
__CFG_MCLRE$EXTMCLR                       (abs)        000000
__CFG_P2BMX$PORTD2                        (abs)        000000
__CFG_PBADEN$ON                           (abs)        000000
__CFG_PLLCFG$OFF                          (abs)        000000
__CFG_PRICLKEN$ON                         (abs)        000000
__CFG_PWRTEN$OFF                          (abs)        000000
__CFG_STVREN$ON                           (abs)        000000
__CFG_T3CMX$PORTC0                        (abs)        000000
__CFG_WDTEN$OFF                           (abs)        000000
__CFG_WDTPS$32768                         (abs)        000000
__CFG_WRT0$OFF                            (abs)        000000
__CFG_WRT1$OFF                            (abs)        000000
__CFG_WRT2$OFF                            (abs)        000000
__CFG_WRT3$OFF                            (abs)        000000
__CFG_WRTB$OFF                            (abs)        000000
__CFG_WRTC$OFF                            (abs)        000000
__CFG_WRTD$OFF                            (abs)        000000
__CFG_XINST$OFF                           (abs)        000000
__HRAM                                    (abs)        000000
__Habs1                                   abs1         000000
__Hbank0                                  bank0        000000
__Hbank1                                  bank1        000000
__Hbank2                                  bank2        000000
__Hbank3                                  bank3        000000
__Hbank4                                  bank4        000000
__Hbank5                                  bank5        000000
__Hbigbss                                 bigbss       000000
__Hbigdata                                bigdata      000000
__Hbigram                                 bigram       000000
__Hbss                                    bss          000000
__HbssBANK0                               bssBANK0     000000
__HbssBANK1                               bssBANK1     000000
__HbssCOMRAM                              bssCOMRAM    000000
__Hcinit                                  cinit        000000
__Hclrtext                                clrtext      000000
__Hcomram                                 comram       000000
__Hconfig                                 config       30000E
__Hconst                                  const        000000
__HcstackBANK0                            cstackBANK0  000000
__HcstackBANK1                            cstackBANK1  000000
__HcstackCOMRAM                           cstackCOMRAM 000000
__Hdata                                   data         000000
__HdataBANK0                              dataBANK0    000000
__HdataCOMRAM                             dataCOMRAM   000000
__Heeprom_data                            eeprom_data  000000
__Hfarbss                                 farbss       000000
__Hfardata                                fardata      000000
__Hibigdata                               ibigdata     000000
__Hidata                                  idata        000000
__HidataBANK0                             idataBANK0   000000
__HidataCOMRAM                            idataCOMRAM  000000
__Hidloc                                  idloc        200008
__Hifardata                               ifardata     000000
__Hinit                                   init         0000E0
__Hintcode                                intcode      0000DC
__Hintcode_body                           intcode_body 000000
__Hintcodelo                              intcodelo    0000DC
__Hintentry                               intentry     000000
__Hintret                                 intret       000000
__Hintsave_regs                           intsave_regs 000000
__Hirdata                                 irdata       000000
__Hmediumconst                            mediumconst  008000
__HnvBANK0                                nvBANK0      000000
__HnvCOMRAM                               nvCOMRAM     000000
__HnvFARRAM                               nvFARRAM     000000
__Hnvbit                                  nvbit        000000
__Hnvrram                                 nvrram       000000
__Hparam                                  rparam       000000
__Hpowerup                                powerup      0000DC
__Hram                                    ram          000000
__Hramtop                                 ramtop       000600
__Hrbit                                   rbit         000000
__Hrbss                                   rbss         000000
__Hrdata                                  rdata        000000
__Hreset_vec                              reset_vec    000006
__Hrparam                                 rparam       000000
__Hsfr                                    sfr          000000
__Hsmallconst                             smallconst   000000
__Hspace_0                                (abs)        30000E
__Hspace_1                                (abs)        0001BA
__Hspace_2                                (abs)        000000
__Hstack                                  stack        000000
__Hstruct                                 struct       000000
__Htemp                                   temp         000049
__Htext                                   text         000000
__Htext0                                  text0        000000
__Htext1                                  text1        000000
__Htext10                                 text10       000000
__Htext11                                 text11       000000
__Htext12                                 text12       000000
__Htext13                                 text13       000000
__Htext14                                 text14       000000
__Htext15                                 text15       000000
__Htext16                                 text16       000000
__Htext17                                 text17       000000
__Htext18                                 text18       000000
__Htext19                                 text19       000000
__Htext2                                  text2        000000
__Htext20                                 text20       000000
__Htext21                                 text21       000000
__Htext22                                 text22       000000
__Htext23                                 text23       000000
__Htext24                                 text24       000000
__Htext25                                 text25       000000
__Htext26                                 text26       000000
__Htext27                                 text27       000000
__Htext28                                 text28       000000
__Htext29                                 text29       000000
__Htext3                                  text3        000000
__Htext30                                 text30       000000
__Htext31                                 text31       000000
__Htext32                                 text32       000000
__Htext33                                 text33       000000
__Htext34                                 text34       000000
__Htext35                                 text35       000000
__Htext36                                 text36       000000
__Htext37                                 text37       000000
__Htext38                                 text38       000000
__Htext39                                 text39       000000
__Htext4                                  text4        000000
__Htext40                                 text40       000000
__Htext41                                 text41       000000
__Htext42                                 text42       000000
__Htext43                                 text43       000000
__Htext44                                 text44       000000
__Htext45                                 text45       000000
__Htext46                                 text46       000000
__Htext47                                 text47       000000
__Htext48                                 text48       000000
__Htext49                                 text49       000000
__Htext5                                  text5        000000
__Htext50                                 text50       000000
__Htext51                                 text51       000000
__Htext52                                 text52       000000
__Htext53                                 text53       000000
__Htext54                                 text54       000000
__Htext55                                 text55       000000
__Htext56                                 text56       000000
__Htext57                                 text57       000000
__Htext58                                 text58       000000
__Htext59                                 text59       000000
__Htext6                                  text6        000000
__Htext60                                 text60       000000
__Htext61                                 text61       000000
__Htext62                                 text62       000000
__Htext63                                 text63       000000
__Htext64                                 text64       000000
__Htext65                                 text65       000000
__Htext66                                 text66       000000
__Htext67                                 text67       000000
__Htext68                                 text68       000000
__Htext7                                  text7        000000
__Htext70                                 text70       000000
__Htext71                                 text71       000000
__Htext72                                 text72       000000
__Htext73                                 text73       000000
__Htext74                                 text74       000000
__Htext75                                 text75       000000
__Htext8                                  text8        000000
__Htext9                                  text9        000000
__LRAM                                    (abs)        000001
__Labs1                                   abs1         000000
__Lbank0                                  bank0        000000
__Lbank1                                  bank1        000000
__Lbank2                                  bank2        000000
__Lbank3                                  bank3        000000
__Lbank4                                  bank4        000000
__Lbank5                                  bank5        000000
__Lbigbss                                 bigbss       000000
__Lbigdata                                bigdata      000000
__Lbigram                                 bigram       000000
__Lbss                                    bss          000000
__LbssBANK0                               bssBANK0     000000
__LbssBANK1                               bssBANK1     000000
__LbssCOMRAM                              bssCOMRAM    000000
__Lcinit                                  cinit        000000
__Lclrtext                                clrtext      000000
__Lcomram                                 comram       000000
__Lconfig                                 config       300000
__Lconst                                  const        000000
__LcstackBANK0                            cstackBANK0  000000
__LcstackBANK1                            cstackBANK1  000000
__LcstackCOMRAM                           cstackCOMRAM 000000
__Ldata                                   data         000000
__LdataBANK0                              dataBANK0    000000
__LdataCOMRAM                             dataCOMRAM   000000
__Leeprom_data                            eeprom_data  000000
__Lfarbss                                 farbss       000000
__Lfardata                                fardata      000000
__Libigdata                               ibigdata     000000
__Lidata                                  idata        000000
__LidataBANK0                             idataBANK0   000000
__LidataCOMRAM                            idataCOMRAM  000000
__Lidloc                                  idloc        200000
__Lifardata                               ifardata     000000
__Linit                                   init         0000DC
__Lintcode                                intcode      000008
__Lintcode_body                           intcode_body 000000
__Lintcodelo                              intcodelo    0000DC
__Lintentry                               intentry     000000
__Lintret                                 intret       000000
__Lintsave_regs                           intsave_regs 000000
__Lirdata                                 irdata       000000
__Lmediumconst                            mediumconst  007BE2
__LnvBANK0                                nvBANK0      000000
__LnvCOMRAM                               nvCOMRAM     000000
__LnvFARRAM                               nvFARRAM     000000
__Lnvbit                                  nvbit        000000
__Lnvrram                                 nvrram       000000
__Lparam                                  rparam       000000
__Lpowerup                                powerup      0000DC
__Lram                                    ram          000000
__Lramtop                                 ramtop       000600
__Lrbit                                   rbit         000000
__Lrbss                                   rbss         000000
__Lrdata                                  rdata        000000
__Lreset_vec                              reset_vec    000000
__Lrparam                                 rparam       000000
__Lsfr                                    sfr          000000
__Lsmallconst                             smallconst   000000
__Lspace_0                                (abs)        000000
__Lspace_1                                (abs)        000000
__Lspace_2                                (abs)        000000
__Lstack                                  stack        000000
__Lstruct                                 struct       000000
__Ltemp                                   temp         000048
__Ltext                                   text         000000
__Ltext0                                  text0        000000
__Ltext1                                  text1        000000
__Ltext10                                 text10       000000
__Ltext11                                 text11       000000
__Ltext12                                 text12       000000
__Ltext13                                 text13       000000
__Ltext14                                 text14       000000
__Ltext15                                 text15       000000
__Ltext16                                 text16       000000
__Ltext17                                 text17       000000
__Ltext18                                 text18       000000
__Ltext19                                 text19       000000
__Ltext2                                  text2        000000
__Ltext20                                 text20       000000
__Ltext21                                 text21       000000
__Ltext22                                 text22       000000
__Ltext23                                 text23       000000
__Ltext24                                 text24       000000
__Ltext25                                 text25       000000
__Ltext26                                 text26       000000
__Ltext27                                 text27       000000
__Ltext28                                 text28       000000
__Ltext29                                 text29       000000
__Ltext3                                  text3        000000
__Ltext30                                 text30       000000
__Ltext31                                 text31       000000
__Ltext32                                 text32       000000
__Ltext33                                 text33       000000
__Ltext34                                 text34       000000
__Ltext35                                 text35       000000
__Ltext36                                 text36       000000
__Ltext37                                 text37       000000
__Ltext38                                 text38       000000
__Ltext39                                 text39       000000
__Ltext4                                  text4        000000
__Ltext40                                 text40       000000
__Ltext41                                 text41       000000
__Ltext42                                 text42       000000
__Ltext43                                 text43       000000
__Ltext44                                 text44       000000
__Ltext45                                 text45       000000
__Ltext46                                 text46       000000
__Ltext47                                 text47       000000
__Ltext48                                 text48       000000
__Ltext49                                 text49       000000
__Ltext5                                  text5        000000
__Ltext50                                 text50       000000
__Ltext51                                 text51       000000
__Ltext52                                 text52       000000
__Ltext53                                 text53       000000
__Ltext54                                 text54       000000
__Ltext55                                 text55       000000
__Ltext56                                 text56       000000
__Ltext57                                 text57       000000
__Ltext58                                 text58       000000
__Ltext59                                 text59       000000
__Ltext6                                  text6        000000
__Ltext60                                 text60       000000
__Ltext61                                 text61       000000
__Ltext62                                 text62       000000
__Ltext63                                 text63       000000
__Ltext64                                 text64       000000
__Ltext65                                 text65       000000
__Ltext66                                 text66       000000
__Ltext67                                 text67       000000
__Ltext68                                 text68       000000
__Ltext7                                  text7        000000
__Ltext70                                 text70       000000
__Ltext71                                 text71       000000
__Ltext72                                 text72       000000
__Ltext73                                 text73       000000
__Ltext74                                 text74       000000
__Ltext75                                 text75       000000
__Ltext8                                  text8        000000
__Ltext9                                  text9        000000
__S0                                      (abs)        30000E
__S1                                      (abs)        0001BA
__S2                                      (abs)        000000
___altoft                                 text52       001974
___altoft@c                               cstackBANK0  000087
___altoft@exp                             cstackBANK0  00008F
___altoft@sign                            cstackBANK0  000090
___awtoft                                 text60       002060
___awtoft@c                               cstackCOMRAM 000020
___awtoft@sign                            cstackCOMRAM 000023
___ftadd                                  text57       0006B0
___ftadd@exp1                             cstackBANK0  000083
___ftadd@exp2                             cstackBANK0  000082
___ftadd@f1                               cstackBANK0  000078
___ftadd@f2                               cstackBANK0  00007B
___ftadd@sign                             cstackBANK0  000081
___ftdiv                                  text59       000F66
___ftdiv@cntr                             cstackBANK0  000063
___ftdiv@exp                              cstackBANK0  000067
___ftdiv@f1                               cstackCOMRAM 000029
___ftdiv@f2                               cstackCOMRAM 00002C
___ftdiv@f3                               cstackBANK0  000064
___ftdiv@sign                             cstackBANK0  000068
___ftge                                   text51       0017CE
___ftge@ff1                               cstackCOMRAM 000018
___ftge@ff2                               cstackCOMRAM 00001B
___ftmul                                  text55       000E70
___ftmul@cntr                             cstackBANK0  000076
___ftmul@exp                              cstackBANK0  000072
___ftmul@f1                               cstackBANK0  000069
___ftmul@f2                               cstackBANK0  00006C
___ftmul@f3_as_product                    cstackBANK0  000073
___ftmul@sign                             cstackBANK0  000077
___ftneg                                  text58       002276
___ftneg@f1                               cstackCOMRAM 000018
___ftpack                                 text63       001690
___ftpack@arg                             cstackCOMRAM 000018
___ftpack@exp                             cstackCOMRAM 00001B
___ftpack@sign                            cstackCOMRAM 00001C
___ftsub                                  text56       001F28
___ftsub@f1                               cstackBANK0  000084
___ftsub@f2                               cstackBANK0  000087
___fttol                                  text50       000D78
___fttol@exp1                             cstackBANK0  000086
___fttol@f1                               cstackBANK0  000078
___fttol@lval                             cstackBANK0  000082
___fttol@sign1                            cstackBANK0  000081
___inthi_sp                               stack        000000
___intlo_sp                               stack        000000
___llmod                                  text18       001ACA
___llmod@counter                          cstackCOMRAM 000020
___llmod@dividend                         cstackCOMRAM 000018
___llmod@divisor                          cstackCOMRAM 00001C
___lltoft                                 text61       001C48
___lltoft@c                               cstackCOMRAM 000020
___lltoft@exp                             cstackCOMRAM 000028
___lwmod                                  text71       001F6A
___lwmod@counter                          cstackCOMRAM 000005
___lwmod@dividend                         cstackCOMRAM 000001
___lwmod@divisor                          cstackCOMRAM 000003
___lwtoft                                 text62       00229A
___lwtoft@c                               cstackCOMRAM 000020
___param_bank                             (abs)        000000
___rparam_used                            (abs)        000001
___sp                                     stack        000000
___wmul                                   text54       002250
___wmul@multiplicand                      cstackCOMRAM 00001A
___wmul@multiplier                        cstackCOMRAM 000018
___wmul@product                           cstackCOMRAM 00001C
__accesstop                               (abs)        000060
__activetblptr                            (abs)        000002
__end_of_ADC_GetConversion                text68       0021D2
__end_of_ADC_Initialize                   text16       002376
__end_of_AdcConvert                       text43       0006B0
__end_of_BlinkErrorLeds                   text42       001BEC
__end_of_BlinkOkLeds                      text41       001B8E
__end_of_CheckFlashPrecentage             text40       001690
__end_of_ClearMcuRunTime                  text39       00239E
__end_of_DacInit                          text30       001ACA
__end_of_EUSART1_Initialize               text15       002106
__end_of_EUSART1_Read                     text6        001F28
__end_of_EUSART1_Receive_ISR              text75       00222A
__end_of_EUSART1_Transmit_ISR             text74       0020D0
__end_of_EUSART1_Write                    text23       001FE8
__end_of_FLASH_EraseBlock                 text66       0021A2
__end_of_FLASH_IsWriteDone                text67       0023DA
__end_of_FLASH_WriteBlock                 text65       00152A
__end_of_FlashSampleWrite                 text64       000D78
__end_of_INTERRUPT_Initialize             text14       0023F6
__end_of_INTERRUPT_InterruptManager       intcode      0000DC
__end_of_InitAdcApplicationMgr            text29       0023BE
__end_of_InitRxMessageParams              text3        0022F8
__end_of_InitSevenSegment                 text28       002250
__end_of_InitSystemApplicationManagers    text24       002348
__end_of_MEMORY_ISR                       text73       002402
__end_of_OSCILLATOR_Initialize            text13       0023CC
__end_of_PIN_MANAGER_IOC                  text72       0023FE
__end_of_PIN_MANAGER_Initialize           text12       001EA2
__end_of_PLLInitialize                    text26       0009E0
__end_of_PLL_INIT_REGISTERS               mediumconst  007C4B
__end_of_PrintHelpScreen                  text20       000302
__end_of_SWSPI_DAC_send_bits              text36       001DAE
__end_of_SWSPI_Synth_send_bits            text35       001D56
__end_of_SWSPI_send_word                  text31       0015E2
__end_of_SYSTEM_Initialize                text9        00232E
__end_of_SendUartSystemInitMessage        text19       0012DC
__end_of_SetMcuRunTime                    text17       001EE6
__end_of_SetMcuSystem                     text8        0023E4
__end_of_SwSpi_Clk_Pin                    text38       001E5A
__end_of_SwSpi_Data_Pin                   text37       001E04
__end_of_SwSpi_Set_CE_Pin                 text27       002024
__end_of_SwSpi_Set_Dac_Sync_Pin           text34       002314
__end_of_SwSpi_Set_Synth_Le_Pin           text33       002060
__end_of_TEST_PLL_REGISTERS               mediumconst  007C17
__end_of_TMR0_ISR                         text70       0018EA
__end_of_TMR0_Initialize                  text10       00213A
__end_of_TMR0_SetInterruptHandler         text11       0023EE
__end_of_TMR0_StartTimer                  text25       0023FA
__end_of_UART_Write_Text                  text22       00216E
__end_of_ZeroArray                        text4        0022DC
__end_of___altoft                         text52       0019EE
__end_of___awtoft                         text60       002098
__end_of___ftadd                          text57       00085E
__end_of___ftdiv                          text59       00104E
__end_of___ftge                           text51       00185E
__end_of___ftmul                          text55       000F66
__end_of___ftneg                          text58       00229A
__end_of___ftpack                         text63       00173E
__end_of___ftsub                          text56       001F6A
__end_of___fttol                          text50       000E70
__end_of___llmod                          text18       001B30
__end_of___lltoft                         text61       001CA4
__end_of___lwmod                          text71       001FAC
__end_of___lwtoft                         text62       0022BE
__end_of___wmul                           text54       002276
__end_of__initialization                  cinit        001A52
__end_of_channelArr                       mediumconst  007C52
__end_of_eval_poly                        text53       00120A
__end_of_exp                              text46       0004F4
__end_of_floor                            text48       001130
__end_of_frexp                            text49       0017CE
__end_of_keepAliveSignalLed               text7        002360
__end_of_ldexp                            text47       00146E
__end_of_log                              text45       000C7E
__end_of_main                             text0        001CFE
__end_of_make8                            text32       001C48
__end_of_memset                           text5        0021FE
__end_of_pow                              text44       000B5C
__end_of_readUartByte                     text1        001974
__end_of_sprintf                          text21       0013A8
__end_of_toupper                          text2        00238A
__end_ofexp@coeff                         mediumconst  007C70
__end_oflog@coeff                         mediumconst  007C8B
__initialization                          cinit        0019EE
__mediumconst                             mediumconst  007BE2
__pbssBANK0                               bssBANK0     0000B3
__pbssBANK1                               bssBANK1     000100
__pbssCOMRAM                              bssCOMRAM    000030
__pcinit                                  cinit        0019EE
__pcstackBANK0                            cstackBANK0  000060
__pcstackBANK1                            cstackBANK1  0001AE
__pcstackCOMRAM                           cstackCOMRAM 000001
__pdataBANK0                              dataBANK0    0000EB
__pdataCOMRAM                             dataCOMRAM   000042
__pidataBANK0                             idataBANK0   00239E
__pidataCOMRAM                            idataCOMRAM  0023EE
__pintcode                                intcode      000008
__pmediumconst                            mediumconst  007BE2
__pnvBANK0                                nvBANK0      0000FB
__pnvCOMRAM                               nvCOMRAM     000046
__ptext0                                  text0        001CA4
__ptext1                                  text1        0018EA
__ptext10                                 text10       002106
__ptext11                                 text11       0023E4
__ptext12                                 text12       001E5A
__ptext13                                 text13       0023BE
__ptext14                                 text14       0023F2
__ptext15                                 text15       0020D0
__ptext16                                 text16       002360
__ptext17                                 text17       001EA2
__ptext18                                 text18       001ACA
__ptext19                                 text19       00120A
__ptext2                                  text2        002376
__ptext20                                 text20       0000E0
__ptext21                                 text21       0012DC
__ptext22                                 text22       00213A
__ptext23                                 text23       001FAC
__ptext24                                 text24       00232E
__ptext25                                 text25       0023F6
__ptext26                                 text26       00085E
__ptext27                                 text27       001FE8
__ptext28                                 text28       00222A
__ptext29                                 text29       0023AE
__ptext3                                  text3        0022DC
__ptext30                                 text30       001A60
__ptext31                                 text31       00152A
__ptext32                                 text32       001BEC
__ptext33                                 text33       002024
__ptext34                                 text34       0022F8
__ptext35                                 text35       001CFE
__ptext36                                 text36       001D56
__ptext37                                 text37       001DAE
__ptext38                                 text38       001E04
__ptext39                                 text39       00238A
__ptext4                                  text4        0022BE
__ptext40                                 text40       0015E2
__ptext41                                 text41       001B30
__ptext42                                 text42       001B8E
__ptext43                                 text43       0004F4
__ptext44                                 text44       0009E0
__ptext45                                 text45       000B5C
__ptext46                                 text46       000302
__ptext47                                 text47       0013A8
__ptext48                                 text48       00104E
__ptext49                                 text49       00173E
__ptext5                                  text5        0021D2
__ptext50                                 text50       000D78
__ptext51                                 text51       0017CE
__ptext52                                 text52       001974
__ptext53                                 text53       001130
__ptext54                                 text54       002250
__ptext55                                 text55       000E70
__ptext56                                 text56       001F28
__ptext57                                 text57       0006B0
__ptext58                                 text58       002276
__ptext59                                 text59       000F66
__ptext6                                  text6        001EE6
__ptext60                                 text60       002060
__ptext61                                 text61       001C48
__ptext62                                 text62       00229A
__ptext63                                 text63       001690
__ptext64                                 text64       000C7E
__ptext65                                 text65       00146E
__ptext66                                 text66       00216E
__ptext67                                 text67       0023CC
__ptext68                                 text68       0021A2
__ptext7                                  text7        002348
__ptext70                                 text70       00185E
__ptext71                                 text71       001F6A
__ptext72                                 text72       0023FA
__ptext73                                 text73       0023FE
__ptext74                                 text74       002098
__ptext75                                 text75       0021FE
__ptext8                                  text8        0023DA
__ptext9                                  text9        002314
__ramtop                                  ramtop       000600
__size_of_ADC_GetConversion               (abs)        000000
__size_of_ADC_Initialize                  (abs)        000000
__size_of_AdcConvert                      (abs)        000000
__size_of_BlinkErrorLeds                  (abs)        000000
__size_of_BlinkOkLeds                     (abs)        000000
__size_of_CheckFlashPrecentage            (abs)        000000
__size_of_ClearMcuRunTime                 (abs)        000000
__size_of_DacInit                         (abs)        000000
__size_of_EUSART1_Initialize              (abs)        000000
__size_of_EUSART1_Read                    (abs)        000000
__size_of_EUSART1_Receive_ISR             (abs)        000000
__size_of_EUSART1_Transmit_ISR            (abs)        000000
__size_of_EUSART1_Write                   (abs)        000000
__size_of_FLASH_EraseBlock                (abs)        000000
__size_of_FLASH_IsWriteDone               (abs)        000000
__size_of_FLASH_WriteBlock                (abs)        000000
__size_of_FlashSampleWrite                (abs)        000000
__size_of_INTERRUPT_Initialize            (abs)        000000
__size_of_INTERRUPT_InterruptManager      (abs)        000000
__size_of_InitAdcApplicationMgr           (abs)        000000
__size_of_InitRxMessageParams             (abs)        000000
__size_of_InitSevenSegment                (abs)        000000
__size_of_InitSystemApplicationManagers   (abs)        000000
__size_of_MEMORY_ISR                      (abs)        000000
__size_of_OSCILLATOR_Initialize           (abs)        000000
__size_of_PIN_MANAGER_IOC                 (abs)        000000
__size_of_PIN_MANAGER_Initialize          (abs)        000000
__size_of_PLLInitialize                   (abs)        000000
__size_of_PrintHelpScreen                 (abs)        000000
__size_of_SWSPI_DAC_send_bits             (abs)        000000
__size_of_SWSPI_Synth_send_bits           (abs)        000000
__size_of_SWSPI_send_word                 (abs)        000000
__size_of_SYSTEM_Initialize               (abs)        000000
__size_of_SendUartSystemInitMessage       (abs)        000000
__size_of_SetMcuRunTime                   (abs)        000000
__size_of_SetMcuSystem                    (abs)        000000
__size_of_SwSpi_Clk_Pin                   (abs)        000000
__size_of_SwSpi_Data_Pin                  (abs)        000000
__size_of_SwSpi_Set_CE_Pin                (abs)        000000
__size_of_SwSpi_Set_Dac_Sync_Pin          (abs)        000000
__size_of_SwSpi_Set_Synth_Le_Pin          (abs)        000000
__size_of_TMR0_ISR                        (abs)        000000
__size_of_TMR0_Initialize                 (abs)        000000
__size_of_TMR0_SetInterruptHandler        (abs)        000000
__size_of_TMR0_StartTimer                 (abs)        000000
__size_of_UART_Write_Text                 (abs)        000000
__size_of_ZeroArray                       (abs)        000000
__size_of___altoft                        (abs)        000000
__size_of___awtoft                        (abs)        000000
__size_of___ftadd                         (abs)        000000
__size_of___ftdiv                         (abs)        000000
__size_of___ftge                          (abs)        000000
__size_of___ftmul                         (abs)        000000
__size_of___ftneg                         (abs)        000000
__size_of___ftpack                        (abs)        000000
__size_of___ftsub                         (abs)        000000
__size_of___fttol                         (abs)        000000
__size_of___llmod                         (abs)        000000
__size_of___lltoft                        (abs)        000000
__size_of___lwmod                         (abs)        000000
__size_of___lwtoft                        (abs)        000000
__size_of___wmul                          (abs)        000000
__size_of_eval_poly                       (abs)        000000
__size_of_exp                             (abs)        000000
__size_of_floor                           (abs)        000000
__size_of_frexp                           (abs)        000000
__size_of_keepAliveSignalLed              (abs)        000000
__size_of_ldexp                           (abs)        000000
__size_of_log                             (abs)        000000
__size_of_main                            (abs)        000000
__size_of_make8                           (abs)        000000
__size_of_memset                          (abs)        000000
__size_of_pow                             (abs)        000000
__size_of_readUartByte                    (abs)        000000
__size_of_sprintf                         (abs)        000000
__size_of_toupper                         (abs)        000000
__smallconst                              smallconst   000000
_adcSampleMode                            bssBANK0     0000D5
_cState                                   bssBANK0     0000D3
_channel                                  bssBANK0     0000D4
_channelArr                               mediumconst  007C4B
_cnt                                      nvBANK0      0000FD
_conversionFormat                         bssBANK0     0000D6
_count                                    bssBANK0     0000CF
_errno                                    bssBANK0     0000CB
_eusart1RxBuffer                          bssBANK1     000146
_eusart1RxCount                           bssCOMRAM    000036
_eusart1RxHead                            bssCOMRAM    000038
_eusart1RxTail                            bssCOMRAM    000037
_eusart1TxBuffer                          bssBANK1     000100
_eusart1TxBufferRemaining                 nvBANK0      0000FF
_eusart1TxHead                            bssCOMRAM    00003A
_eusart1TxTail                            bssCOMRAM    000039
_eval_poly                                text53       001130
_exp                                      text46       000302
_exp$3343                                 cstackBANK0  00009C
_floor                                    text48       00104E
_frexp                                    text49       00173E
_groupsArray                              dataBANK0    0000EB
_isReWriteDone                            bssBANK0     0000D1
_keepAliveSignalLed                       text7        002348
_ldexp                                    text47       0013A8
_log                                      text45       000B5C
_main                                     text0        001CA4
_make8                                    text32       001BEC
_mcuRunTimeIn5SecTicks                    bssBANK0     0000C7
_memset                                   text5        0021D2
_msgCount                                 bssBANK0     0000D2
_numOfReadSamples                         bssCOMRAM    00003E
_numOfValidateSamples                     bssCOMRAM    000030
_pow                                      text44       0009E0
_pow$3341                                 cstackBANK0  0000A8
_pow$3342                                 cstackBANK0  0000AB
_readAddress                              dataBANK0    0000F7
_readUartByte                             text1        0018EA
_rxMsgData                                bssBANK0     0000B3
_rxMsgQueue                               bssBANK0     0000D7
_sampleArray                              bssBANK1     00016E
_sampleCount                              bssBANK0     0000CD
_sprintf                                  text21       0012DC
_timer0ReloadVal                          nvCOMRAM     000046
_toupper                                  text2        002376
_writeAddress                             dataCOMRAM   000042
btemp                                     temp         000048
end_of_initialization                     cinit        001A52
eval_poly@d                               cstackBANK0  000087
eval_poly@n                               cstackBANK0  000089
eval_poly@res                             cstackBANK0  00008D
eval_poly@x                               cstackBANK0  000084
exp@coeff                                 mediumconst  007C52
exp@exponent                              cstackBANK0  00009F
exp@sign                                  cstackBANK0  0000A1
exp@x                                     cstackBANK0  000099
floor@expon                               cstackBANK0  000097
floor@i                                   cstackBANK0  000094
floor@x                                   cstackBANK0  000091
frexp@eptr                                cstackCOMRAM 00001B
frexp@value                               cstackCOMRAM 000018
int$flags                                 temp         000048
intlevel0                                 text         000000
intlevel1                                 text         000000
intlevel2                                 text         000000
intlevel3                                 text         000000
ldexp@newexp                              cstackBANK0  000093
ldexp@value                               cstackBANK0  000090
log@coeff                                 mediumconst  007C70
log@exponent                              cstackBANK0  000093
log@x                                     cstackBANK0  000090
make8@data                                cstackCOMRAM 000018
make8@dataLocation                        cstackCOMRAM 00001C
memset@c                                  cstackCOMRAM 00001A
memset@n                                  cstackCOMRAM 00001C
memset@p                                  cstackCOMRAM 00001E
memset@p1                                 cstackCOMRAM 000018
pow@sign                                  cstackBANK0  0000AE
pow@x                                     cstackBANK0  0000A2
pow@y                                     cstackBANK0  0000A5
pow@yi                                    cstackBANK0  0000AF
readUartByte@c1                           cstackCOMRAM 000025
readUartByte@c2                           cstackCOMRAM 000024
readUartByte@chRec                        cstackCOMRAM 000026
sprintf@ap                                cstackCOMRAM 00001F
sprintf@c                                 cstackCOMRAM 000021
sprintf@cp                                cstackCOMRAM 000022
sprintf@f                                 cstackCOMRAM 00001A
sprintf@flag                              cstackCOMRAM 00001E
sprintf@sp                                cstackCOMRAM 000018
stackhi                                   (abs)        0005FF
stacklo                                   (abs)        0001BA
start                                     init         0000DC
start_initialization                      cinit        0019EE
toupper@c                                 cstackCOMRAM 000018
wtemp6                                    temp         000049


FUNCTION INFORMATION:

 *************** function _main *****************
 Defined at:
		line 13 in file "main.c"
 Parameters:    Size  Location     Type
		None
 Auto vars:     Size  Location     Type
		None
 Return value:  Size  Location     Type
                  1    wreg      void 
 Registers used:
		wreg, fsr2l, fsr2h, status,2, status,0, tblptrl, tblptrh, tblptru, prodl, prodh, cstack
 Tracked objects:
		On entry : 
		On exit  : 
		Unchanged: 
 Data sizes:     COMRAM   BANK0   BANK1   BANK2   BANK3   BANK4   BANK5
      Params:         0       0       0       0       0       0       0
      Locals:         0       0       0       0       0       0       0
      Temps:          0       0       0       0       0       0       0
      Totals:         0       0       0       0       0       0       0
Total ram usage:        0 bytes
[...]
      Params:         6       0       0       0       0       0       0
      Locals:         6       0       0       0       0       0       0
      Temps:          4       0       0       0       0       0       0
      Totals:        16       0       0       0       0       0       0
Total ram usage:       16 bytes
 Hardware stack levels used:    1
 Hardware stack levels required when called:    4
 This function calls:
		_FLASH_EraseBlock
 This function is called by:
		_FlashSampleWrite
		_FlashTest
		_FLASH_WriteByte
 This function uses a non-reentrant model


 *************** function _FLASH_EraseBlock *****************
 Defined at:
		line 144 in file "mcc_generated_files/memory.c"
 Parameters:    Size  Location     Type
  baseAddr        4   23[COMRAM] unsigned long 
 Auto vars:     Size  Location     Type
  GIEBitValue     1   27[COMRAM] unsigned char 
 Return value:  Size  Location     Type
                  1    wreg      void 
 Registers used:
		wreg, status,2
 Tracked objects:
		On entry : 
		On exit  : 
		Unchanged: 
 Data sizes:     COMRAM   BANK0   BANK1   BANK2   BANK3   BANK4   BANK5
      Params:         4       0       0       0       0       0       0
      Locals:         1       0       0       0       0       0       0
      Temps:          0       0       0       0       0       0       0
      Totals:         5       0       0       0       0       0       0
Total ram usage:        5 bytes
 Hardware stack levels used:    1
 Hardware stack levels required when called:    3
 This function calls:
		Nothing
 This function is called by:
		_FLASH_WriteBlock
 This function uses a non-reentrant model


 *************** function _FLASH_IsWriteDone *****************
 Defined at:
		line 189 in file "mcc_generated_files/memory.c"
 Parameters:    Size  Location     Type
		None
 Auto vars:     Size  Location     Type
		None
 Return value:  Size  Location     Type
                  1    wreg      unsigned char 
 Registers used:
		wreg
 Tracked objects:
		On entry : 
		On exit  : 
		Unchanged: 
 Data sizes:     COMRAM   BANK0   BANK1   BANK2   BANK3   BANK4   BANK5
      Params:         0       0       0       0       0       0       0
      Locals:         0       0       0       0       0       0       0
      Temps:          0       0       0       0       0       0       0
      Totals:         0       0       0       0       0       0       0
Total ram usage:        0 bytes
 Hardware stack levels used:    1
 Hardware stack levels required when called:    3
 This function calls:
		Nothing
 This function is called by:
		_FlashSampleWrite
		_FlashReadUart
 This function uses a non-reentrant model


 *************** function _ADC_GetConversion *****************
 Defined at:
		line 106 in file "mcc_generated_files/adc.c"
 Parameters:    Size  Location     Type
  channel         1    wreg     enum E6975
 Auto vars:     Size  Location     Type
  channel         1   27[COMRAM] enum E6975
 Return value:  Size  Location     Type
                  2   23[COMRAM] unsigned int 
 Registers used:
		wreg, status,2, status,0
 Tracked objects:
		On entry : 
		On exit  : 
		Unchanged: 
 Data sizes:     COMRAM   BANK0   BANK1   BANK2   BANK3   BANK4   BANK5
      Params:         2       0       0       0       0       0       0
      Locals:         1       0       0       0       0       0       0
      Temps:          2       0       0       0       0       0       0
      Totals:         5       0       0       0       0       0       0
Total ram usage:        5 bytes
 Hardware stack levels used:    1
 Hardware stack levels required when called:    3
 This function calls:
		Nothing
 This function is called by:
		_AdcConvert
 This function uses a non-reentrant model


 *************** function _INTERRUPT_InterruptManager *****************
 Defined at:
		line 57 in file "mcc_generated_files/interrupt_manager.c"
 Parameters:    Size  Location     Type
		None
 Auto vars:     Size  Location     Type
		None
 Return value:  Size  Location     Type
                  1    wreg      void 
 Registers used:
		wreg, fsr2l, fsr2h, status,2, status,0, prodl, prodh, cstack
 Tracked objects:
		On entry : 
		On exit  : 
		Unchanged: 
 Data sizes:     COMRAM   BANK0   BANK1   BANK2   BANK3   BANK4   BANK5
      Params:         0       0       0       0       0       0       0
      Locals:         0       0       0       0       0       0       0
      Temps:         18       0       0       0       0       0       0
      Totals:        18       0       0       0       0       0       0
Total ram usage:       18 bytes
 Hardware stack levels used:    1
 Hardware stack levels required when called:    2
 This function calls:
		_EUSART1_Receive_ISR
		_EUSART1_Transmit_ISR
		_MEMORY_ISR
		_PIN_MANAGER_IOC
		_TMR0_ISR
 This function is called by:
		Interrupt level 2
 This function uses a non-reentrant model


 *************** function _TMR0_ISR *****************
 Defined at:
		line 132 in file "mcc_generated_files/tmr0.c"
 Parameters:    Size  Location     Type
		None
 Auto vars:     Size  Location     Type
		None
 Return value:  Size  Location     Type
                  1    wreg      void 
 Registers used:
		wreg, status,2, status,0, cstack
 Tracked objects:
		On entry : 
		On exit  : 
		Unchanged: 
 Data sizes:     COMRAM   BANK0   BANK1   BANK2   BANK3   BANK4   BANK5
      Params:         0       0       0       0       0       0       0
      Locals:         0       0       0       0       0       0       0
      Temps:          0       0       0       0       0       0       0
      Totals:         0       0       0       0       0       0       0
Total ram usage:        0 bytes
 Hardware stack levels used:    1
 Hardware stack levels required when called:    1
 This function calls:
		___lwmod
 This function is called by:
		_INTERRUPT_InterruptManager
 This function uses a non-reentrant model


 *************** function ___lwmod *****************
 Defined at:
		line 8 in file "C:\Program Files (x86)\Microchip\xc8\v1.45\sources\common\lwmod.c"
 Parameters:    Size  Location     Type
  dividend        2    0[COMRAM] unsigned int 
  divisor         2    2[COMRAM] unsigned int 
 Auto vars:     Size  Location     Type
  counter         1    4[COMRAM] unsigned char 
 Return value:  Size  Location     Type
                  2    0[COMRAM] unsigned int 
 Registers used:
		wreg, status,2, status,0
 Tracked objects:
		On entry : 
		On exit  : 
		Unchanged: 
 Data sizes:     COMRAM   BANK0   BANK1   BANK2   BANK3   BANK4   BANK5
      Params:         4       0       0       0       0       0       0
      Locals:         1       0       0       0       0       0       0
      Temps:          0       0       0       0       0       0       0
      Totals:         5       0       0       0       0       0       0
Total ram usage:        5 bytes
 Hardware stack levels used:    1
 This function calls:
		Nothing
 This function is called by:
		_TMR0_ISR
		_segmentCounter
 This function uses a non-reentrant model


 *************** function _PIN_MANAGER_IOC *****************
 Defined at:
		line 96 in file "mcc_generated_files/pin_manager.c"
 Parameters:    Size  Location     Type
		None
 Auto vars:     Size  Location     Type
		None
 Return value:  Size  Location     Type
                  1    wreg      void 
 Registers used:
		None
 Tracked objects:
		On entry : 
		On exit  : 
		Unchanged: 
 Data sizes:     COMRAM   BANK0   BANK1   BANK2   BANK3   BANK4   BANK5
      Params:         0       0       0       0       0       0       0
      Locals:         0       0       0       0       0       0       0
      Temps:          0       0       0       0       0       0       0
      Totals:         0       0       0       0       0       0       0
Total ram usage:        0 bytes
 Hardware stack levels used:    1
 This function calls:
		Nothing
 This function is called by:
		_INTERRUPT_InterruptManager
 This function uses a non-reentrant model


 *************** function _MEMORY_ISR *****************
 Defined at:
		line 206 in file "mcc_generated_files/memory.c"
 Parameters:    Size  Location     Type
		None
 Auto vars:     Size  Location     Type
		None
 Return value:  Size  Location     Type
                  1    wreg      void 
 Registers used:
		None
 Tracked objects:
		On entry : 
		On exit  : 
		Unchanged: 
 Data sizes:     COMRAM   BANK0   BANK1   BANK2   BANK3   BANK4   BANK5
      Params:         0       0       0       0       0       0       0
      Locals:         0       0       0       0       0       0       0
      Temps:          0       0       0       0       0       0       0
      Totals:         0       0       0       0       0       0       0
Total ram usage:        0 bytes
 Hardware stack levels used:    1
 This function calls:
		Nothing
 This function is called by:
		_INTERRUPT_InterruptManager
 This function uses a non-reentrant model


 *************** function _EUSART1_Transmit_ISR *****************
 Defined at:
		line 181 in file "mcc_generated_files/eusart1.c"
 Parameters:    Size  Location     Type
		None
 Auto vars:     Size  Location     Type
		None
 Return value:  Size  Location     Type
                  1    wreg      void 
 Registers used:
		wreg, fsr2l, fsr2h, status,2, status,0, prodl, prodh
 Tracked objects:
		On entry : 
		On exit  : 
		Unchanged: 
 Data sizes:     COMRAM   BANK0   BANK1   BANK2   BANK3   BANK4   BANK5
      Params:         0       0       0       0       0       0       0
      Locals:         0       0       0       0       0       0       0
      Temps:          0       0       0       0       0       0       0
      Totals:         0       0       0       0       0       0       0
Total ram usage:        0 bytes
 Hardware stack levels used:    1
 This function calls:
		Nothing
 This function is called by:
		_INTERRUPT_InterruptManager
 This function uses a non-reentrant model


 *************** function _EUSART1_Receive_ISR *****************
 Defined at:
		line 202 in file "mcc_generated_files/eusart1.c"
 Parameters:    Size  Location     Type
		None
 Auto vars:     Size  Location     Type
		None
 Return value:  Size  Location     Type
                  1    wreg      void 
 Registers used:
		wreg, fsr2l, fsr2h, status,2, status,0, prodl, prodh
 Tracked objects:
		On entry : 
		On exit  : 
		Unchanged: 
 Data sizes:     COMRAM   BANK0   BANK1   BANK2   BANK3   BANK4   BANK5
      Params:         0       0       0       0       0       0       0
      Locals:         0       0       0       0       0       0       0
      Temps:          0       0       0       0       0       0       0
      Totals:         0       0       0       0       0       0       0
Total ram usage:        0 bytes
 Hardware stack levels used:    1
 This function calls:
		Nothing
 This function is called by:
		_INTERRUPT_InterruptManager
 This function uses a non-reentrant model



MODULE INFORMATION

Module		Function		Class		Link	Load	Size
AdcApp.c
		_AdcConvert    		CODE           	04F4	0000	445
		_InitAdcApplicationMgr		CODE           	23AE	0000	17

AdcApp.c estimated size: 462

SystemCommon.c
		_make8         		CODE           	1BEC	0000	93
		_ZeroArray     		CODE           	22BE	0000	31

SystemCommon.c estimated size: 124

C:\Program Files (x86)\Microchip\xc8\v1.45\sources\common\ftneg.c
		___ftneg       		CODE           	2276	0000	37

C:\Program Files (x86)\Microchip\xc8\v1.45\sources\common\ftneg.c estimated size: 37

DacApp.c
		_DacInit       		CODE           	1A60	0000	107

DacApp.c estimated size: 107

SystemStatus.c
		_PrintHelpScreen		CODE           	00E0	0000	547
		_ClearMcuRunTime		CODE           	238A	0000	21
		_SetMcuRunTime 		CODE           	1EA2	0000	69
		_SendUartSystemInitMessage		CODE           	120A	0000	211

SystemStatus.c estimated size: 848

SevenSegmentApp.c
		_InitSevenSegment		CODE           	222A	0000	39

SevenSegmentApp.c estimated size: 39

C:\Program Files (x86)\Microchip\xc8\v1.45\sources\common\ftsub.c
		___ftsub       		CODE           	1F28	0000	67

C:\Program Files (x86)\Microchip\xc8\v1.45\sources\common\ftsub.c estimated size: 67

C:\Program Files (x86)\Microchip\xc8\v1.45\sources\common\float.c
		___ftpack      		CODE           	1690	0000	175

C:\Program Files (x86)\Microchip\xc8\v1.45\sources\common\float.c estimated size: 175

C:\Program Files (x86)\Microchip\xc8\v1.45\sources\common\doprnt.c
		_sprintf       		CODE           	12DC	0000	205

C:\Program Files (x86)\Microchip\xc8\v1.45\sources\common\doprnt.c estimated size: 205

SwSpiApp.c
		_SWSPI_Synth_send_bits		CODE           	1CFE	0000	89
		_SWSPI_send_word		CODE           	152A	0000	185
		_SwSpi_Set_Synth_Le_Pin		CODE           	2024	0000	61
		_SwSpi_Data_Pin		CODE           	1DAE	0000	87
		_SwSpi_Set_CE_Pin		CODE           	1FE8	0000	61
		_SwSpi_Clk_Pin 		CODE           	1E04	0000	87
		_SwSpi_Set_Dac_Sync_Pin		CODE           	22F8	0000	29
		_SWSPI_DAC_send_bits		CODE           	1D56	0000	89

SwSpiApp.c estimated size: 688

C:\Program Files (x86)\Microchip\xc8\v1.45\sources\common\lltoft.c
		___lltoft      		CODE           	1C48	0000	93

C:\Program Files (x86)\Microchip\xc8\v1.45\sources\common\lltoft.c estimated size: 93

mcc_generated_files/interrupt_manager.c
		_INTERRUPT_Initialize		CODE           	23F2	0000	5
		_INTERRUPT_InterruptManager		CODE           	0008	0000	213

mcc_generated_files/interrupt_manager.c estimated size: 218

C:\Program Files (x86)\Microchip\xc8\v1.45\sources\common\log.c
		_log           		CODE           	0B5C	0000	291

C:\Program Files (x86)\Microchip\xc8\v1.45\sources\common\log.c estimated size: 291

C:\Program Files (x86)\Microchip\xc8\v1.45\sources\common\Umul16.c
		___wmul        		CODE           	2250	0000	39

C:\Program Files (x86)\Microchip\xc8\v1.45\sources\common\Umul16.c estimated size: 39

mcc_generated_files/tmr0.c
		_TMR0_SetInterruptHandler		CODE           	23E4	0000	11
		_TMR0_StartTimer		CODE           	23F6	0000	5
		_TMR0_ISR      		CODE           	185E	0000	141
		_TMR0_Initialize		CODE           	2106	0000	53

mcc_generated_files/tmr0.c estimated size: 210

SyntApp.c
		_PLLInitialize 		CODE           	085E	0000	387

SyntApp.c estimated size: 387

C:\Program Files (x86)\Microchip\xc8\v1.45\sources\common\frexp.c
		_ldexp         		CODE           	13A8	0000	199
		_frexp         		CODE           	173E	0000	145

C:\Program Files (x86)\Microchip\xc8\v1.45\sources\common\frexp.c estimated size: 344

C:\Program Files (x86)\Microchip\xc8\v1.45\sources\common\ftge.c
		___ftge        		CODE           	17CE	0000	145

C:\Program Files (x86)\Microchip\xc8\v1.45\sources\common\ftge.c estimated size: 145

mcc_generated_files/pin_manager.c
		_PIN_MANAGER_Initialize		CODE           	1E5A	0000	73
		_PIN_MANAGER_IOC		CODE           	23FA	0000	5

mcc_generated_files/pin_manager.c estimated size: 78

C:\Program Files (x86)\Microchip\xc8\v1.45\sources\common\pow.c
		_pow           		CODE           	09E0	0000	381

C:\Program Files (x86)\Microchip\xc8\v1.45\sources\common\pow.c estimated size: 381

C:\Program Files (x86)\Microchip\xc8\v1.45\sources\common\floor.c
		_floor         		CODE           	104E	0000	227

C:\Program Files (x86)\Microchip\xc8\v1.45\sources\common\floor.c estimated size: 227

C:\Program Files (x86)\Microchip\xc8\v1.45\sources\common\lwmod.c
		___lwmod       		CODE           	1F6A	0000	67

C:\Program Files (x86)\Microchip\xc8\v1.45\sources\common\lwmod.c estimated size: 67

C:\Program Files (x86)\Microchip\xc8\v1.45\sources\common\ftmul.c
		___ftmul       		CODE           	0E70	0000	247

C:\Program Files (x86)\Microchip\xc8\v1.45\sources\common\ftmul.c estimated size: 247

mcc_generated_files/adc.c
		_ADC_Initialize		CODE           	2360	0000	23
		_ADC_GetConversion		CODE           	21A2	0000	49

mcc_generated_files/adc.c estimated size: 72

C:\Program Files (x86)\Microchip\xc8\v1.45\sources\common\ftdiv.c
		___ftdiv       		CODE           	0F66	0000	233

C:\Program Files (x86)\Microchip\xc8\v1.45\sources\common\ftdiv.c estimated size: 233

C:\Program Files (x86)\Microchip\xc8\v1.45\sources\common\llmod.c
		___llmod       		CODE           	1ACA	0000	103

C:\Program Files (x86)\Microchip\xc8\v1.45\sources\common\llmod.c estimated size: 103

FlashApp.c
		_CheckFlashPrecentage		CODE           	15E2	0000	175
		_FlashSampleWrite		CODE           	0C7E	0000	251

FlashApp.c estimated size: 426

shared
		exp@coeff      		MEDIUMCONST    	7C52	0000	31
		_PLL_INIT_REGISTERS		MEDIUMCONST    	7C17	0000	53
		__initialization		CODE           	19EE	0000	101
		log@coeff      		MEDIUMCONST    	7C70	0000	28
		_TEST_PLL_REGISTERS		MEDIUMCONST    	7BE3	0000	53
		_channelArr    		MEDIUMCONST    	7C4B	0000	8

shared estimated size: 274

mcc_generated_files/eusart1.c
		_EUSART1_Initialize		CODE           	20D0	0000	55
		_EUSART1_Read  		CODE           	1EE6	0000	67
		_EUSART1_Write 		CODE           	1FAC	0000	61
		_EUSART1_Receive_ISR		CODE           	21FE	0000	45
		_EUSART1_Transmit_ISR		CODE           	2098	0000	57

mcc_generated_files/eusart1.c estimated size: 285

mcc_generated_files/mcc.c
		_OSCILLATOR_Initialize		CODE           	23BE	0000	15
		_SYSTEM_Initialize		CODE           	2314	0000	27

mcc_generated_files/mcc.c estimated size: 42

C:\Program Files (x86)\Microchip\xc8\v1.45\sources\common\fttol.c
		___fttol       		CODE           	0D78	0000	249

C:\Program Files (x86)\Microchip\xc8\v1.45\sources\common\fttol.c estimated size: 249

SystemSettings.c
		_SetMcuSystem  		CODE           	23DA	0000	11
		_InitSystemApplicationManagers		CODE           	232E	0000	27

SystemSettings.c estimated size: 38

C:\Program Files (x86)\Microchip\xc8\v1.45\sources\common\awtoft.c
		___awtoft      		CODE           	2060	0000	57

C:\Program Files (x86)\Microchip\xc8\v1.45\sources\common\awtoft.c estimated size: 57

C:\Program Files (x86)\Microchip\xc8\v1.45\sources\common\evalpoly.c
		_eval_poly     		CODE           	1130	0000	219

C:\Program Files (x86)\Microchip\xc8\v1.45\sources\common\evalpoly.c estimated size: 219

C:\Program Files (x86)\Microchip\xc8\v1.45\sources\common\ftadd.c
		___ftadd       		CODE           	06B0	0000	431

C:\Program Files (x86)\Microchip\xc8\v1.45\sources\common\ftadd.c estimated size: 431

mcc_generated_files/memory.c
		_FLASH_EraseBlock		CODE           	216E	0000	53
		_FLASH_WriteBlock		CODE           	146E	0000	189
		_MEMORY_ISR    		CODE           	23FE	0000	5
		_FLASH_IsWriteDone		CODE           	23CC	0000	15

mcc_generated_files/memory.c estimated size: 262

C:\Program Files (x86)\Microchip\xc8\v1.45\sources\common\toupper.c
		_toupper       		CODE           	2376	0000	21

C:\Program Files (x86)\Microchip\xc8\v1.45\sources\common\toupper.c estimated size: 21

LedsApp.c
		_keepAliveSignalLed		CODE           	2348	0000	25
		_BlinkOkLeds   		CODE           	1B30	0000	95
		_BlinkErrorLeds		CODE           	1B8E	0000	95

LedsApp.c estimated size: 215

main.c
		_main          		CODE           	1CA4	0000	91

main.c estimated size: 91

C:\Program Files (x86)\Microchip\xc8\v1.45\sources\common\lwtoft.c
		___lwtoft      		CODE           	229A	0000	37

C:\Program Files (x86)\Microchip\xc8\v1.45\sources\common\lwtoft.c estimated size: 37

C:\Program Files (x86)\Microchip\xc8\v1.45\sources\common\exp.c
		_exp           		CODE           	0302	0000	499

C:\Program Files (x86)\Microchip\xc8\v1.45\sources\common\exp.c estimated size: 499

EusartApp.c
		_UART_Write_Text		CODE           	213A	0000	53
		_InitRxMessageParams		CODE           	22DC	0000	29
		_readUartByte  		CODE           	18EA	0000	139

EusartApp.c estimated size: 221

C:\Program Files (x86)\Microchip\xc8\v1.45\sources\common\altoft.c
		___altoft      		CODE           	1974	0000	123

C:\Program Files (x86)\Microchip\xc8\v1.45\sources\common\altoft.c estimated size: 123

C:\Program Files (x86)\Microchip\xc8\v1.45\sources\common\memset.c
		_memset        		CODE           	21D2	0000	45

C:\Program Files (x86)\Microchip\xc8\v1.45\sources\common\memset.c estimated size: 45

