Microchip MPLAB XC8 Compiler V1.45 ()

Linker command line:

-W-3 --edf=C:\Program Files (x86)\Microchip\xc8\v1.45\dat\en_msgs.txt -cs \
  -h+dist/default/debug\Project_1533.debug.sym \
  --cmf=dist/default/debug\Project_1533.debug.cmf -z -Q18F45K22 \
  -oC:\Users\User\AppData\Local\Temp\sj3c.2 \
  -Mdist/default/debug/Project_1533.debug.map -E1 -ver=XC8 \
  -ASTACK=0286h-05ffh -pstack=STACK -ACODE=00h-07FFFh -ACONST=00h-07FFFh \
  -ASMALLCONST=0600h-06FFhx122 -AMEDIUMCONST=0600h-07FFFh -ACOMRAM=01h-05Fh \
  -AABS1=00h-05FFh -ABIGRAM=01h-05FFh -ARAM=060h-0FFh,0100h-01FFhx5 \
  -ABANK0=060h-0FFh -ABANK1=0100h-01FFh -ABANK2=0200h-02FFh \
  -ABANK3=0300h-03FFh -ABANK4=0400h-04FFh -ABANK5=0500h-05FFh \
  -ASFR=0F38h-0F5Fh,0F60h-0FFCh \
  -preset_vec=00h,intcode=08h,intcodelo,powerup,init -pramtop=0600h \
  -psmallconst=SMALLCONST -pmediumconst=MEDIUMCONST -pconst=CONST \
  -AFARRAM=00h-00h -ACONFIG=0300000h-030000Dh -pconfig=CONFIG \
  -AIDLOC=0200000h-0200007h -pidloc=IDLOC -AEEDATA=0F00000h-0F000FFh \
  -peeprom_data=EEDATA \
  -prdata=COMRAM,nvrram=COMRAM,nvbit=COMRAM,rbss=COMRAM,rbit=COMRAM \
  -pfarbss=FARRAM,fardata=FARRAM,nvFARRAM=FARRAM \
  -pintsave_regs=BIGRAM,bigbss=BIGRAM,bigdata=BIGRAM -pbss=RAM \
  -pidata=CODE,irdata=CODE,ibigdata=CODE,ifardata=CODE -prparam=COMRAM \
  C:\Users\User\AppData\Local\Temp\sj3c.obj \
  dist/default/debug\Project_1533.debug.obj 

Object code version is 3.11

Machine type is 18F45K22

Call graph: (short form)




                Name                               Link     Load   Length Selector   Space Scale
C:\Users\User\AppData\Local\Temp\sj3c.obj
                init                                 DC       DC        4        4       0
                reset_vec                             0        0        6        0       0
                idloc                            200000   200000        8   200000       0
                config                           300000   300000        E   300000       0
dist/default/debug\Project_1533.debug.obj
                intcode                               8        8       D4        4       0
                temp                                 48       48        1        1       1
                mediumconst                        7A80     7A80      580     3D40       0
                text88                             2F78     2F78       32        4       0
                text87                             2F0C     2F0C       38        4       0
                text86                             3250     3250        4        4       0
                text85                             324C     324C        4        4       0
                text84                             2DE0     2DE0       42        4       0
                text83                             22DE     22DE       92        4       0
                text81                             283A     283A       5E        4       0
                text80                             31F4     31F4       14        4       0
                text79                             2B04     2B04       56        4       0
                text78                             2AAE     2AAE       56        4       0
                text77                             2A00     2A00       58        4       0
                text76                             29A8     29A8       58        4       0
                text75                             3166     3166       1C        4       0
                text74                             2E5E     2E5E       3C        4       0
                text73                             28F4     28F4       5C        4       0
                text72                             1F90     1F90       B8        4       0
                text71                             270A     270A       6A        4       0
                text70                             3236     3236        6        4       0
                text69                             3254     3254        2        4       0
                text68                             3248     3248        4        4       0
                text67                             31CA     31CA       16        4       0
                text66                             2FAA     2FAA       30        4       0
                text65                             2E22     2E22       3C        4       0
                text64                             2698     2698       72        4       0
                text63                             20FE     20FE       AE        4       0
                text62                             30E8     30E8       24        4       0
                text61                             2898     2898       5C        4       0
                text60                             2E9A     2E9A       3A        4       0
                text59                             1B4C     1B4C       E8        4       0
                text58                             307A     307A       26        4       0
                text57                             12B6     12B6      1AE        4       0
                text56                             2D9E     2D9E       42        4       0
                text55                             1A56     1A56       F6        4       0
                text54                             3054     3054       26        4       0
                text53                             1DF0     1DF0       DA        4       0
                text52                             2620     2620       78        4       0
                text51                             2400     2400       90        4       0
                text50                             195E     195E       F8        4       0
                text49                             2370     2370       90        4       0
                text48                             1C34     1C34       E2        4       0
                text47                             1ECA     1ECA       C6        4       0
                text46                              D3C      D3C      1F2        4       0
                text45                             1724     1724      122        4       0
                text44                             1464     1464      17C        4       0
                text43                             2B5A     2B5A       52        4       0
                text42                             2D5C     2D5C       42        4       0
                text41                             1104     1104      1B2        4       0
                text40                             1846     1846      118        4       0
                text39                             1D16     1D16       DA        4       0
                text38                             2774     2774       66        4       0
                text37                             2D18     2D18       44        4       0
                text36                             31B4     31B4       16        4       0
                text35                             2ED4     2ED4       38        4       0
                text34                             3244     3244        4        4       0
                text33                             3208     3208        E        4       0
                text32                             2C46     2C46       48        4       0
                text31                             322C     322C        A        4       0
                text30                             2F44     2F44       34        4       0
                text29                             3182     3182       1A        4       0
                text28                             3222     3222        A        4       0
                text27                             319C     319C       18        4       0
                text26                             2CD4     2CD4       44        4       0
                text25                              ADA      ADA      262        4       0
                text24                             27DA     27DA       60        4       0
                text23                             2FDA     2FDA       2C        4       0
                text22                             3148     3148       1E        4       0
                text21                             2A58     2A58       56        4       0
                text20                             312A     312A       1E        4       0
                text19                             3006     3006       28        4       0
                text18                             310C     310C       1E        4       0
                text17                             302E     302E       26        4       0
                text16                             31E0     31E0       14        4       0
                text15                              F2E      F2E      1D6        4       0
                text14                             224A     224A       94        4       0
                text13                             251E     251E       82        4       0
                text12                             15E0     15E0      144        4       0
                text11                             2490     2490       8E        4       0
                text10                              4C8      4C8      346        4       0
                text9                                E0       E0      3E8        4       0
                text8                              30C4     30C4       24        4       0
                text7                              25A0     25A0       80        4       0
                text6                              2048     2048       B6        4       0
                text5                              2950     2950       58        4       0
                text4                              2BFA     2BFA       4C        4       0
                text3                              30A0     30A0       24        4       0
                text2                              2C8E     2C8E       46        4       0
                text1                               80E      80E      2CC        4       0
                text0                              2BAC     2BAC       4E        4       0
                cstackCOMRAM                          1        1       30        1       1
                cstackBANK0                          60       60       8B       60       1
                cstackBANK1                         17E      17E       4F      100       1
                bssBANK2                            200      200       86      200       1
                dataBANK1                           1CD      1CD        C      100       1
                bssBANK1                            100      100       7E      100       1
                dataBANK0                            F7       F7        4       60       1
                bssBANK0                             EB       EB        C       60       1
                dataCOMRAM                           42       42        4        1       1
                bssCOMRAM                            31       31       11        1       1
                cinit                              21AC     21AC       9E        4       0
                nvBANK1                             1D9      1D9        2      100       1
                nvBANK0                              FB       FB        1       60       1
                nvCOMRAM                             46       46        2        1       1
                idataBANK1                         3216     3216        C        4       0
                idataBANK0                         3240     3240        4        4       0
                idataCOMRAM                        323C     323C        4        4       0

TOTAL           Name                               Link     Load   Length     Space
        CLASS   STACK          

        CLASS   CODE           
                intcode                               8        8       D4         0
                init                                 DC       DC        4         0
                reset_vec                             0        0        6         0
                text88                             2F78     2F78       32         0
                text87                             2F0C     2F0C       38         0
                text86                             3250     3250        4         0
                text85                             324C     324C        4         0
                text84                             2DE0     2DE0       42         0
                text83                             22DE     22DE       92         0
                text81                             283A     283A       5E         0
                text80                             31F4     31F4       14         0
                text79                             2B04     2B04       56         0
                text78                             2AAE     2AAE       56         0
                text77                             2A00     2A00       58         0
                text76                             29A8     29A8       58         0
                text75                             3166     3166       1C         0
                text74                             2E5E     2E5E       3C         0
                text73                             28F4     28F4       5C         0
                text72                             1F90     1F90       B8         0
                text71                             270A     270A       6A         0
                text70                             3236     3236        6         0
                text69                             3254     3254        2         0
                text68                             3248     3248        4         0
                text67                             31CA     31CA       16         0
                text66                             2FAA     2FAA       30         0
                text65                             2E22     2E22       3C         0
                text64                             2698     2698       72         0
                text63                             20FE     20FE       AE         0
                text62                             30E8     30E8       24         0
                text61                             2898     2898       5C         0
                text60                             2E9A     2E9A       3A         0
                text59                             1B4C     1B4C       E8         0
                text58                             307A     307A       26         0
                text57                             12B6     12B6      1AE         0
                text56                             2D9E     2D9E       42         0
                text55                             1A56     1A56       F6         0
                text54                             3054     3054       26         0
                text53                             1DF0     1DF0       DA         0
                text52                             2620     2620       78         0
                text51                             2400     2400       90         0
                text50                             195E     195E       F8         0
                text49                             2370     2370       90         0
                text48                             1C34     1C34       E2         0
                text47                             1ECA     1ECA       C6         0
                text46                              D3C      D3C      1F2         0
                text45                             1724     1724      122         0
                text44                             1464     1464      17C         0
                text43                             2B5A     2B5A       52         0
                text42                             2D5C     2D5C       42         0
                text41                             1104     1104      1B2         0
                text40                             1846     1846      118         0
                text39                             1D16     1D16       DA         0
                text38                             2774     2774       66         0
                text37                             2D18     2D18       44         0
                text36                             31B4     31B4       16         0
                text35                             2ED4     2ED4       38         0
                text34                             3244     3244        4         0
                text33                             3208     3208        E         0
                text32                             2C46     2C46       48         0
                text31                             322C     322C        A         0
                text30                             2F44     2F44       34         0
                text29                             3182     3182       1A         0
                text28                             3222     3222        A         0
                text27                             319C     319C       18         0
                text26                             2CD4     2CD4       44         0
                text25                              ADA      ADA      262         0
                text24                             27DA     27DA       60         0
                text23                             2FDA     2FDA       2C         0
                text22                             3148     3148       1E         0
                text21                             2A58     2A58       56         0
                text20                             312A     312A       1E         0
                text19                             3006     3006       28         0
                text18                             310C     310C       1E         0
                text17                             302E     302E       26         0
                text16                             31E0     31E0       14         0
                text15                              F2E      F2E      1D6         0
                text14                             224A     224A       94         0
                text13                             251E     251E       82         0
                text12                             15E0     15E0      144         0
                text11                             2490     2490       8E         0
                text10                              4C8      4C8      346         0
                text9                                E0       E0      3E8         0
                text8                              30C4     30C4       24         0
                text7                              25A0     25A0       80         0
                text6                              2048     2048       B6         0
                text5                              2950     2950       58         0
                text4                              2BFA     2BFA       4C         0
                text3                              30A0     30A0       24         0
                text2                              2C8E     2C8E       46         0
                text1                               80E      80E      2CC         0
                text0                              2BAC     2BAC       4E         0
                cinit                              21AC     21AC       9E         0
                idataBANK1                         3216     3216        C         0
                idataBANK0                         3240     3240        4         0
                idataCOMRAM                        323C     323C        4         0

        CLASS   CONST          

        CLASS   SMALLCONST     

        CLASS   MEDIUMCONST    
                mediumconst                        7A80     7A80      580         0

        CLASS   COMRAM         
                temp                                 48       48        1         1
                cstackCOMRAM                          1        1       30         1
                dataCOMRAM                           42       42        4         1
                bssCOMRAM                            31       31       11         1
                nvCOMRAM                             46       46        2         1

        CLASS   ABS1           

        CLASS   BIGRAM         

        CLASS   RAM            

        CLASS   BANK0          
                cstackBANK0                          60       60       8B         1
                dataBANK0                            F7       F7        4         1
                bssBANK0                             EB       EB        C         1
                nvBANK0                              FB       FB        1         1

        CLASS   BANK1          
                cstackBANK1                         17E      17E       4F         1
                dataBANK1                           1CD      1CD        C         1
                bssBANK1                            100      100       7E         1
                nvBANK1                             1D9      1D9        2         1

        CLASS   BANK2          
                bssBANK2                            200      200       86         1

        CLASS   BANK3          

        CLASS   BANK4          

        CLASS   BANK5          

        CLASS   SFR            

        CLASS   FARRAM         

        CLASS   CONFIG         
                config                           300000   300000        E         0

        CLASS   IDLOC          
                idloc                            200000   200000        8         0

        CLASS   EEDATA         



SEGMENTS        Name                           Load    Length   Top    Selector   Space  Class

                reset_vec                      000000  000006  000006         0       0  CODE    
                cstackCOMRAM                   000001  000048  000049         1       1  COMRAM  
                intcode                        000008  00324E  003256         4       0  CODE    
                cstackBANK0                    000060  00009C  0000FC        60       1  BANK0   
                bssBANK1                       000100  0000DB  0001DB       100       1  BANK1   
                bssBANK2                       000200  000086  000286       200       1  BANK2   
                mediumconst                    007A80  000580  008000      3D40       0  MEDIUMCO
                idloc                          200000  000008  200008    200000       0  IDLOC   
                config                         300000  00000E  30000E    300000       0  CONFIG  


UNUSED ADDRESS RANGES

        Name                Unused          Largest block    Delta
        BANK0            0000FC-0000FF                4
        BANK1            0001DB-0001FF               25
        BANK2            000286-0002FF               7A
        BANK3            000300-0003FF              100
        BANK4            000400-0004FF              100
        BANK5            000500-0005FF              100
        BIGRAM           000049-00005F               17
                         0000FC-0000FF                4
                         0001DB-0001FF               25
                         000286-0005FF              37A
        CODE             000006-000007                2
                         003256-007A7F             482A
        COMRAM           000049-00005F               17
        CONST            000006-000007                2
                         003256-007A7F             482A
        EEDATA           F00000-F000FF              100
        MEDIUMCONST      003256-007A7F             482A
        RAM              0000FC-0000FF                4
                         0001DB-0001FF               25
                         000286-0005FF              100
        SFR              000F38-000FFC               28
        SMALLCONST       003256-007A7F              100
        STACK            000286-0005FF              37A

                                  Symbol Table

?_ADC_GetConversion                       cstackCOMRAM 000018
?_GetIntFromUartData                      cstackBANK0  000066
?___altoft                                cstackCOMRAM 000020
?___awtoft                                cstackBANK0  000087
?___ftadd                                 cstackBANK0  00008D
?___ftdiv                                 cstackCOMRAM 00002A
?___ftmul                                 cstackBANK0  000069
?___ftneg                                 cstackBANK0  00008A
?___ftpack                                cstackCOMRAM 000018
?___ftsub                                 cstackBANK0  000099
?___fttol                                 cstackBANK0  000078
?___lldiv                                 cstackCOMRAM 000018
?___llmod                                 cstackCOMRAM 000025
?___lltoft                                cstackCOMRAM 000020
?___lmul                                  cstackCOMRAM 000018
?___lwdiv                                 cstackCOMRAM 000018
?___lwmod                                 cstackCOMRAM 00001F
?___lwtoft                                cstackCOMRAM 000020
?___wmul                                  cstackCOMRAM 000018
?_atof                                    cstackBANK0  000099
?_eval_poly                               cstackBANK0  000099
?_exp                                     cstackBANK0  0000AC
?_floor                                   cstackBANK0  000099
?_frexp                                   cstackCOMRAM 000018
?_getFractionPartOfDivide                 cstackBANK0  000099
?_ldexp                                   cstackBANK0  0000A5
?_log                                     cstackBANK0  0000A5
?_pow                                     cstackBANK0  0000B5
?_sprintf                                 cstackCOMRAM 000024
?_strtod                                  cstackBANK0  00008D
?_strtol                                  cstackCOMRAM 000024
?i2___lwmod                               cstackCOMRAM 000001
ADC_GetConversion@channel                 cstackCOMRAM 00001C
AdcSingleSample@cType                     cstackBANK0  000077
AdcSingleSample@data                      cstackBANK0  000075
AdcSingleSample@retNum                    cstackBANK0  000078
BlinkOkLeds@idx                           cstackCOMRAM 00001C
BlinkOkLeds@state                         cstackCOMRAM 00001B
CalcSynthRegParams@inputFreq              cstackBANK0  0000C8
CalcSynthRegParams@regArray               cstackBANK0  0000C6
CalcSynthRegParams@tempVal1               cstackBANK0  0000D4
CalcSynthRegParams@tempVal2               cstackBANK0  0000D8
CalcSynthRegParams@tempVal3               cstackBANK0  0000DC
EUSART1_Read@readValue                    cstackCOMRAM 000019
EUSART1_Write@txData                      cstackCOMRAM 000018
GetDoubleFromUartData@data                cstackBANK0  00009C
GetDoubleFromUartData@dataSize            cstackBANK0  00009E
GetDoubleFromUartData@doubleFreq          cstackBANK0  0000A2
GetDoubleFromUartData@idx                 cstackBANK0  0000AF
GetDoubleFromUartData@tempNum             cstackBANK0  0000A5
GetIntFromUartData@c                      cstackBANK0  000072
GetIntFromUartData@data                   cstackBANK0  000066
GetIntFromUartData@dataRegArr             cstackBANK0  00006A
GetIntFromUartData@idx                    cstackBANK0  000073
GroupCommon@data                          cstackBANK0  0000E5
GroupCommon@request                       cstackBANK0  0000E7
GroupRx@data                              cstackBANK0  0000E5
GroupRx@request                           cstackBANK0  0000E7
GroupTx@data                              cstackBANK0  0000E5
GroupTx@request                           cstackBANK0  0000E7
PrintHelpScreen@dest                      cstackBANK0  000069
SWSPI_DAC_send_bits@count                 cstackCOMRAM 00001B
SWSPI_DAC_send_bits@data                  cstackCOMRAM 00001A
SWSPI_DAC_send_bits@phrType               cstackCOMRAM 00001C
SWSPI_Synth_send_bits@count               cstackCOMRAM 00001B
SWSPI_Synth_send_bits@data                cstackCOMRAM 00001A
SWSPI_Synth_send_bits@phrType             cstackCOMRAM 00001C
SWSPI_send_word@data                      cstackCOMRAM 000021
SWSPI_send_word@dataSize                  cstackCOMRAM 000025
SWSPI_send_word@datac                     cstackCOMRAM 000026
SWSPI_send_word@idx                       cstackCOMRAM 000027
SWSPI_send_word@phrType                   cstackCOMRAM 000029
SampleSingleChannel@_adcResult            cstackBANK1  0001B3
SampleSingleChannel@adcRes                cstackBANK1  0001B5
SampleSingleChannel@dest                  cstackBANK1  00017E
SendUartSystemInitMessage@dest            cstackBANK0  000069
SwSpi_Clk_Pin@cPinMode                    cstackCOMRAM 000018
SwSpi_Clk_Pin@phrType                     cstackCOMRAM 000019
SwSpi_Data_Pin@cPinMode                   cstackCOMRAM 000018
SwSpi_Data_Pin@phrType                    cstackCOMRAM 000019
SwSpi_Set_Dac_Sync_Pin@cPinMode           cstackCOMRAM 000018
SwSpi_Set_Synth_Le_Pin@cPinMode           cstackCOMRAM 000018
SwSpi_Set_Synth_Le_Pin@phrType            cstackCOMRAM 000019
TMR0_ISR@CountCallBack                    bssCOMRAM    000035
TMR0_SetInterruptHandler@InterruptHandler cstackCOMRAM 000018
UART_Write_Text@i                         cstackCOMRAM 00001D
UART_Write_Text@text                      cstackCOMRAM 000019
UpdateSynthFreq@data                      cstackBANK0  0000E3
UpdateSynthFreq@insertFraqData            cstackBANK1  000185
UpdateSynthFreq@regSynthArray             cstackBANK1  000188
UpdateSynthFreq@t                         cstackBANK1  00017E
ZeroArray@array                           cstackCOMRAM 000020
ZeroArray@size                            cstackCOMRAM 000022
_ADCON0                                   (abs)        000FC2
_ADCON0bits                               (abs)        000FC2
_ADCON1                                   (abs)        000FC1
_ADCON2                                   (abs)        000FC0
_ADC_GetConversion                        text66       002FAA
_ADC_Initialize                           text36       0031B4
_ADRESH                                   (abs)        000FC4
_ADRESL                                   (abs)        000FC3
_ANSELA                                   (abs)        000F38
_ANSELB                                   (abs)        000F39
_ANSELC                                   (abs)        000F3A
_ANSELD                                   (abs)        000F3B
_ANSELE                                   (abs)        000F3C
_AdcSingleSample                          text12       0015E0
_BAUDCON1                                 (abs)        000FB8
_BlinkOkLeds                              text81       00283A
_CalcSynthRegParams                       text10       0004C8
_CalcSynthRegParams$2993                  cstackBANK0  0000E0
_ClearMcuRunTime                          text80       0031F4
_DacInit                                  text71       00270A
_EEADR                                    (abs)        000FA9
_EECON1bits                               (abs)        000FA6
_EECON2                                   (abs)        000FA7
_EEDATA                                   (abs)        000FA8
_EUSART1_Initialize                       text35       002ED4
_EUSART1_Read                             text26       002CD4
_EUSART1_Receive_ISR                      text88       002F78
_EUSART1_Transmit_ISR                     text87       002F0C
_EUSART1_Write                            text65       002E22
_GetDoubleFromUartData                    text7        0025A0
_GetIntFromUartData                       text14       00224A
_GroupCommon                              text3        0030A0
_GroupRx                                  text4        002BFA
_GroupTx                                  text5        002950
_INTCON2bits                              (abs)        000FF1
_INTCONbits                               (abs)        000FF2
_INTERRUPT_Initialize                     text34       003244
_INTERRUPT_InterruptManager               intcode      000008
_InitAdcApplicationMgr                    text70       003236
_InitRxMessageParams                      text2        002C8E
_InitSystemApplicationManagers            text67       0031CA
_LATA                                     (abs)        000F89
_LATAbits                                 (abs)        000F89
_LATB                                     (abs)        000F8A
_LATBbits                                 (abs)        000F8A
_LATC                                     (abs)        000F8B
_LATCbits                                 (abs)        000F8B
_LATD                                     (abs)        000F8C
_LATDbits                                 (abs)        000F8C
_LATE                                     (abs)        000F8D
_MEMORY_ISR                               text86       003250
_OSCCON                                   (abs)        000FD3
_OSCCON2                                  (abs)        000FD2
_OSCILLATOR_Initialize                    text33       003208
_OSCTUNE                                  (abs)        000F9B
_PIE1bits                                 (abs)        000F9D
_PIE2bits                                 (abs)        000FA0
_PIN_MANAGER_IOC                          text85       00324C
_PIN_MANAGER_Initialize                   text32       002C46
_PIR1bits                                 (abs)        000F9E
_PIR2bits                                 (abs)        000FA1
_PLLInitialize                            text69       003254
_PLL_INIT_REGISTERS                       mediumconst  007A81
_PrintHelpScreen                          text25       000ADA
_RCONbits                                 (abs)        000FD0
_RCREG1                                   (abs)        000FAE
_RCSTA1                                   (abs)        000FAB
_RCSTA1bits                               (abs)        000FAB
_SPBRG1                                   (abs)        000FAF
_SPBRGH1                                  (abs)        000FB0
_SWSPI_DAC_send_bits                      text77       002A00
_SWSPI_Synth_send_bits                    text76       0029A8
_SWSPI_send_word                          text72       001F90
_SYSTEM_Initialize                        text29       003182
_SampleSingleChannel                      text40       001846
_SampleSingleChannel$2991                 cstackBANK1  0001B0
_SendUartSystemInitMessage                text39       001D16
_SetMcuRunTime                            text37       002D18
_SetMcuSystem                             text28       003222
_SwSpi_Clk_Pin                            text79       002B04
_SwSpi_Data_Pin                           text78       002AAE
_SwSpi_Set_Dac_Sync_Pin                   text75       003166
_SwSpi_Set_Synth_Le_Pin                   text74       002E5E
_T0CON                                    (abs)        000FD5
_T0CONbits                                (abs)        000FD5
_TABLAT                                   (abs)        000FF5
_TBLPTRH                                  (abs)        000FF7
_TBLPTRL                                  (abs)        000FF6
_TBLPTRU                                  (abs)        000FF8
_TMR0H                                    (abs)        000FD7
_TMR0L                                    (abs)        000FD6
_TMR0_DefaultInterruptHandler             (abs)        000000
_TMR0_ISR                                 text83       0022DE
_TMR0_Initialize                          text30       002F44
_TMR0_InterruptHandler                    nvBANK1      0001D9
_TMR0_SetInterruptHandler                 text31       00322C
_TMR0_StartTimer                          text68       003248
_TRISA                                    (abs)        000F92
_TRISB                                    (abs)        000F93
_TRISC                                    (abs)        000F94
_TRISD                                    (abs)        000F95
_TRISE                                    (abs)        000F96
_TXREG1                                   (abs)        000FAD
_TXSTA1                                   (abs)        000FAC
_TimerKeepAliveFlag                       bssBANK1     000153
_TimerOneSecFlag                          bssBANK1     000155
_TimerSamplingFlag                        bssBANK1     000154
_UART_Write_Text                          text64       002698
_UpdateSynthFreq                          text6        002048
_UpdateSynthFreq$2992                     cstackBANK1  000181
_WPUB                                     (abs)        000F61
_ZeroArray                                text22       003148
__CFG_BOREN$SBORDIS                       (abs)        000000
__CFG_BORV$190                            (abs)        000000
__CFG_CCP2MX$PORTC1                       (abs)        000000
__CFG_CCP3MX$PORTB5                       (abs)        000000
__CFG_CP0$OFF                             (abs)        000000
__CFG_CP1$OFF                             (abs)        000000
__CFG_CP2$OFF                             (abs)        000000
__CFG_CP3$OFF                             (abs)        000000
__CFG_CPB$OFF                             (abs)        000000
__CFG_CPD$OFF                             (abs)        000000
__CFG_DEBUG$OFF                           (abs)        000000
__CFG_EBTR0$OFF                           (abs)        000000
__CFG_EBTR1$OFF                           (abs)        000000
__CFG_EBTR2$OFF                           (abs)        000000
__CFG_EBTR3$OFF                           (abs)        000000
__CFG_EBTRB$OFF                           (abs)        000000
__CFG_FCMEN$OFF                           (abs)        000000
__CFG_FOSC$INTIO67                        (abs)        000000
__CFG_HFOFST$ON                           (abs)        000000
__CFG_IESO$OFF                            (abs)        000000
__CFG_LVP$ON                              (abs)        000000
__CFG_MCLRE$EXTMCLR                       (abs)        000000
__CFG_P2BMX$PORTD2                        (abs)        000000
__CFG_PBADEN$ON                           (abs)        000000
__CFG_PLLCFG$OFF                          (abs)        000000
__CFG_PRICLKEN$ON                         (abs)        000000
__CFG_PWRTEN$OFF                          (abs)        000000
__CFG_STVREN$ON                           (abs)        000000
__CFG_T3CMX$PORTC0                        (abs)        000000
__CFG_WDTEN$OFF                           (abs)        000000
__CFG_WDTPS$32768                         (abs)        000000
__CFG_WRT0$OFF                            (abs)        000000
__CFG_WRT1$OFF                            (abs)        000000
__CFG_WRT2$OFF                            (abs)        000000
__CFG_WRT3$OFF                            (abs)        000000
__CFG_WRTB$OFF                            (abs)        000000
__CFG_WRTC$OFF                            (abs)        000000
__CFG_WRTD$OFF                            (abs)        000000
__CFG_XINST$OFF                           (abs)        000000
__HRAM                                    (abs)        000000
__Habs1                                   abs1         000000
__Hbank0                                  bank0        000000
__Hbank1                                  bank1        000000
__Hbank2                                  bank2        000000
__Hbank3                                  bank3        000000
__Hbank4                                  bank4        000000
__Hbank5                                  bank5        000000
__Hbigbss                                 bigbss       000000
__Hbigdata                                bigdata      000000
__Hbigram                                 bigram       000000
__Hbss                                    bss          000000
__HbssBANK0                               bssBANK0     000000
__HbssBANK1                               bssBANK1     000000
__HbssBANK2                               bssBANK2     000000
__HbssCOMRAM                              bssCOMRAM    000000
__Hcinit                                  cinit        000000
__Hclrtext                                clrtext      000000
__Hcomram                                 comram       000000
__Hconfig                                 config       30000E
__Hconst                                  const        000000
__HcstackBANK0                            cstackBANK0  000000
__HcstackBANK1                            cstackBANK1  000000
__HcstackCOMRAM                           cstackCOMRAM 000000
__Hdata                                   data         000000
__HdataBANK0                              dataBANK0    000000
__HdataBANK1                              dataBANK1    000000
__HdataCOMRAM                             dataCOMRAM   000000
__Heeprom_data                            eeprom_data  000000
__Hfarbss                                 farbss       000000
__Hfardata                                fardata      000000
__Hibigdata                               ibigdata     000000
__Hidata                                  idata        000000
__HidataBANK0                             idataBANK0   000000
__HidataBANK1                             idataBANK1   000000
__HidataCOMRAM                            idataCOMRAM  000000
__Hidloc                                  idloc        200008
__Hifardata                               ifardata     000000
__Hinit                                   init         0000E0
__Hintcode                                intcode      0000DC
__Hintcode_body                           intcode_body 000000
__Hintcodelo                              intcodelo    0000DC
__Hintentry                               intentry     000000
__Hintret                                 intret       000000
__Hintsave_regs                           intsave_regs 000000
__Hirdata                                 irdata       000000
__Hmediumconst                            mediumconst  008000
__HnvBANK0                                nvBANK0      000000
__HnvBANK1                                nvBANK1      000000
__HnvCOMRAM                               nvCOMRAM     000000
__HnvFARRAM                               nvFARRAM     000000
__Hnvbit                                  nvbit        000000
__Hnvrram                                 nvrram       000000
__Hparam                                  rparam       000000
__Hpowerup                                powerup      0000DC
__Hram                                    ram          000000
__Hramtop                                 ramtop       000600
__Hrbit                                   rbit         000000
__Hrbss                                   rbss         000000
__Hrdata                                  rdata        000000
__Hreset_vec                              reset_vec    000006
__Hrparam                                 rparam       000000
__Hsfr                                    sfr          000000
__Hsmallconst                             smallconst   000000
__Hspace_0                                (abs)        30000E
__Hspace_1                                (abs)        000286
__Hspace_2                                (abs)        000000
__Hstack                                  stack        000000
__Hstruct                                 struct       000000
__Htemp                                   temp         000049
__Htext                                   text         000000
__Htext0                                  text0        000000
__Htext1                                  text1        000000
__Htext10                                 text10       000000
__Htext11                                 text11       000000
__Htext12                                 text12       000000
__Htext13                                 text13       000000
__Htext14                                 text14       000000
__Htext15                                 text15       000000
__Htext16                                 text16       000000
__Htext17                                 text17       000000
__Htext18                                 text18       000000
__Htext19                                 text19       000000
__Htext2                                  text2        000000
__Htext20                                 text20       000000
__Htext21                                 text21       000000
__Htext22                                 text22       000000
__Htext23                                 text23       000000
__Htext24                                 text24       000000
__Htext25                                 text25       000000
__Htext26                                 text26       000000
__Htext27                                 text27       000000
__Htext28                                 text28       000000
__Htext29                                 text29       000000
__Htext3                                  text3        000000
__Htext30                                 text30       000000
__Htext31                                 text31       000000
__Htext32                                 text32       000000
__Htext33                                 text33       000000
__Htext34                                 text34       000000
__Htext35                                 text35       000000
__Htext36                                 text36       000000
__Htext37                                 text37       000000
__Htext38                                 text38       000000
__Htext39                                 text39       000000
__Htext4                                  text4        000000
__Htext40                                 text40       000000
__Htext41                                 text41       000000
__Htext42                                 text42       000000
__Htext43                                 text43       000000
__Htext44                                 text44       000000
__Htext45                                 text45       000000
__Htext46                                 text46       000000
__Htext47                                 text47       000000
__Htext48                                 text48       000000
__Htext49                                 text49       000000
__Htext5                                  text5        000000
__Htext50                                 text50       000000
__Htext51                                 text51       000000
__Htext52                                 text52       000000
__Htext53                                 text53       000000
__Htext54                                 text54       000000
__Htext55                                 text55       000000
__Htext56                                 text56       000000
__Htext57                                 text57       000000
__Htext58                                 text58       000000
__Htext59                                 text59       000000
__Htext6                                  text6        000000
__Htext60                                 text60       000000
__Htext61                                 text61       000000
__Htext62                                 text62       000000
__Htext63                                 text63       000000
__Htext64                                 text64       000000
__Htext65                                 text65       000000
__Htext66                                 text66       000000
__Htext67                                 text67       000000
__Htext68                                 text68       000000
__Htext69                                 text69       000000
__Htext7                                  text7        000000
__Htext70                                 text70       000000
__Htext71                                 text71       000000
__Htext72                                 text72       000000
__Htext73                                 text73       000000
__Htext74                                 text74       000000
__Htext75                                 text75       000000
__Htext76                                 text76       000000
__Htext77                                 text77       000000
__Htext78                                 text78       000000
__Htext79                                 text79       000000
__Htext8                                  text8        000000
__Htext80                                 text80       000000
__Htext81                                 text81       000000
__Htext83                                 text83       000000
__Htext84                                 text84       000000
__Htext85                                 text85       000000
__Htext86                                 text86       000000
__Htext87                                 text87       000000
__Htext88                                 text88       000000
__Htext89                                 text89       000000
__Htext9                                  text9        000000
__LRAM                                    (abs)        000001
__Labs1                                   abs1         000000
__Lbank0                                  bank0        000000
__Lbank1                                  bank1        000000
__Lbank2                                  bank2        000000
__Lbank3                                  bank3        000000
__Lbank4                                  bank4        000000
__Lbank5                                  bank5        000000
__Lbigbss                                 bigbss       000000
__Lbigdata                                bigdata      000000
__Lbigram                                 bigram       000000
__Lbss                                    bss          000000
__LbssBANK0                               bssBANK0     000000
__LbssBANK1                               bssBANK1     000000
__LbssBANK2                               bssBANK2     000000
__LbssCOMRAM                              bssCOMRAM    000000
__Lcinit                                  cinit        000000
__Lclrtext                                clrtext      000000
__Lcomram                                 comram       000000
__Lconfig                                 config       300000
__Lconst                                  const        000000
__LcstackBANK0                            cstackBANK0  000000
__LcstackBANK1                            cstackBANK1  000000
__LcstackCOMRAM                           cstackCOMRAM 000000
__Ldata                                   data         000000
__LdataBANK0                              dataBANK0    000000
__LdataBANK1                              dataBANK1    000000
__LdataCOMRAM                             dataCOMRAM   000000
__Leeprom_data                            eeprom_data  000000
__Lfarbss                                 farbss       000000
__Lfardata                                fardata      000000
__Libigdata                               ibigdata     000000
__Lidata                                  idata        000000
__LidataBANK0                             idataBANK0   000000
__LidataBANK1                             idataBANK1   000000
__LidataCOMRAM                            idataCOMRAM  000000
__Lidloc                                  idloc        200000
__Lifardata                               ifardata     000000
__Linit                                   init         0000DC
__Lintcode                                intcode      000008
__Lintcode_body                           intcode_body 000000
__Lintcodelo                              intcodelo    0000DC
__Lintentry                               intentry     000000
__Lintret                                 intret       000000
__Lintsave_regs                           intsave_regs 000000
__Lirdata                                 irdata       000000
__Lmediumconst                            mediumconst  007A80
__LnvBANK0                                nvBANK0      000000
__LnvBANK1                                nvBANK1      000000
__LnvCOMRAM                               nvCOMRAM     000000
__LnvFARRAM                               nvFARRAM     000000
__Lnvbit                                  nvbit        000000
__Lnvrram                                 nvrram       000000
__Lparam                                  rparam       000000
__Lpowerup                                powerup      0000DC
__Lram                                    ram          000000
__Lramtop                                 ramtop       000600
__Lrbit                                   rbit         000000
__Lrbss                                   rbss         000000
__Lrdata                                  rdata        000000
__Lreset_vec                              reset_vec    000000
__Lrparam                                 rparam       000000
__Lsfr                                    sfr          000000
__Lsmallconst                             smallconst   000000
__Lspace_0                                (abs)        000000
__Lspace_1                                (abs)        000000
__Lspace_2                                (abs)        000000
__Lstack                                  stack        000000
__Lstruct                                 struct       000000
__Ltemp                                   temp         000048
__Ltext                                   text         000000
__Ltext0                                  text0        000000
__Ltext1                                  text1        000000
__Ltext10                                 text10       000000
__Ltext11                                 text11       000000
__Ltext12                                 text12       000000
__Ltext13                                 text13       000000
__Ltext14                                 text14       000000
__Ltext15                                 text15       000000
__Ltext16                                 text16       000000
__Ltext17                                 text17       000000
__Ltext18                                 text18       000000
__Ltext19                                 text19       000000
__Ltext2                                  text2        000000
__Ltext20                                 text20       000000
__Ltext21                                 text21       000000
__Ltext22                                 text22       000000
__Ltext23                                 text23       000000
__Ltext24                                 text24       000000
__Ltext25                                 text25       000000
__Ltext26                                 text26       000000
__Ltext27                                 text27       000000
__Ltext28                                 text28       000000
__Ltext29                                 text29       000000
__Ltext3                                  text3        000000
__Ltext30                                 text30       000000
__Ltext31                                 text31       000000
__Ltext32                                 text32       000000
__Ltext33                                 text33       000000
__Ltext34                                 text34       000000
__Ltext35                                 text35       000000
__Ltext36                                 text36       000000
__Ltext37                                 text37       000000
__Ltext38                                 text38       000000
__Ltext39                                 text39       000000
__Ltext4                                  text4        000000
__Ltext40                                 text40       000000
__Ltext41                                 text41       000000
__Ltext42                                 text42       000000
__Ltext43                                 text43       000000
__Ltext44                                 text44       000000
__Ltext45                                 text45       000000
__Ltext46                                 text46       000000
__Ltext47                                 text47       000000
__Ltext48                                 text48       000000
__Ltext49                                 text49       000000
__Ltext5                                  text5        000000
__Ltext50                                 text50       000000
__Ltext51                                 text51       000000
__Ltext52                                 text52       000000
__Ltext53                                 text53       000000
__Ltext54                                 text54       000000
__Ltext55                                 text55       000000
__Ltext56                                 text56       000000
__Ltext57                                 text57       000000
__Ltext58                                 text58       000000
__Ltext59                                 text59       000000
__Ltext6                                  text6        000000
__Ltext60                                 text60       000000
__Ltext61                                 text61       000000
__Ltext62                                 text62       000000
__Ltext63                                 text63       000000
__Ltext64                                 text64       000000
__Ltext65                                 text65       000000
__Ltext66                                 text66       000000
__Ltext67                                 text67       000000
__Ltext68                                 text68       000000
__Ltext69                                 text69       000000
__Ltext7                                  text7        000000
__Ltext70                                 text70       000000
__Ltext71                                 text71       000000
__Ltext72                                 text72       000000
__Ltext73                                 text73       000000
__Ltext74                                 text74       000000
__Ltext75                                 text75       000000
__Ltext76                                 text76       000000
__Ltext77                                 text77       000000
__Ltext78                                 text78       000000
__Ltext79                                 text79       000000
__Ltext8                                  text8        000000
__Ltext80                                 text80       000000
__Ltext81                                 text81       000000
__Ltext83                                 text83       000000
__Ltext84                                 text84       000000
__Ltext85                                 text85       000000
__Ltext86                                 text86       000000
__Ltext87                                 text87       000000
__Ltext88                                 text88       000000
__Ltext89                                 text89       000000
__Ltext9                                  text9        000000
__S0                                      (abs)        30000E
__S1                                      (abs)        000286
__S2                                      (abs)        000000
___altoft                                 text52       002620
___altoft@c                               cstackCOMRAM 000020
___altoft@exp                             cstackCOMRAM 000028
___altoft@sign                            cstackCOMRAM 000029
___awtoft                                 text60       002E9A
___awtoft@c                               cstackBANK0  000087
___awtoft@sign                            cstackCOMRAM 000030
___ftadd                                  text57       0012B6
___ftadd@exp1                             cstackBANK0  000098
___ftadd@exp2                             cstackBANK0  000097
___ftadd@f1                               cstackBANK0  00008D
___ftadd@f2                               cstackBANK0  000090
___ftadd@sign                             cstackBANK0  000096
___ftdiv                                  text59       001B4C
___ftdiv@cntr                             cstackBANK0  000063
___ftdiv@exp                              cstackBANK0  000067
___ftdiv@f1                               cstackCOMRAM 00002A
___ftdiv@f2                               cstackCOMRAM 00002D
___ftdiv@f3                               cstackBANK0  000064
___ftdiv@sign                             cstackBANK0  000068
___ftge                                   text51       002400
___ftge@ff1                               cstackCOMRAM 000018
___ftge@ff2                               cstackCOMRAM 00001B
___ftmul                                  text55       001A56
___ftmul@cntr                             cstackBANK0  000076
___ftmul@exp                              cstackBANK0  000072
___ftmul@f1                               cstackBANK0  000069
___ftmul@f2                               cstackBANK0  00006C
___ftmul@f3_as_product                    cstackBANK0  000073
___ftmul@sign                             cstackBANK0  000077
___ftneg                                  text58       00307A
___ftneg@f1                               cstackBANK0  00008A
___ftpack                                 text63       0020FE
___ftpack@arg                             cstackCOMRAM 000018
___ftpack@exp                             cstackCOMRAM 00001B
___ftpack@sign                            cstackCOMRAM 00001C
___ftsub                                  text56       002D9E
___ftsub@f1                               cstackBANK0  000099
___ftsub@f2                               cstackBANK0  00009C
___fttol                                  text50       00195E
___fttol@exp1                             cstackBANK0  000086
___fttol@f1                               cstackBANK0  000078
___fttol@lval                             cstackBANK0  000082
___fttol@sign1                            cstackBANK0  000081
___inthi_sp                               stack        000000
___intlo_sp                               stack        000000
___lldiv                                  text13       00251E
___lldiv@counter                          cstackCOMRAM 000024
___lldiv@dividend                         cstackCOMRAM 000018
___lldiv@divisor                          cstackCOMRAM 00001C
___lldiv@quotient                         cstackCOMRAM 000020
___llmod                                  text38       002774
___llmod@counter                          cstackCOMRAM 00002D
___llmod@dividend                         cstackCOMRAM 000025
___llmod@divisor                          cstackCOMRAM 000029
___lltoft                                 text61       002898
___lltoft@c                               cstackCOMRAM 000020
___lltoft@exp                             cstackCOMRAM 000028
___lmul                                   text21       002A58
___lmul@multiplicand                      cstackCOMRAM 00001C
___lmul@multiplier                        cstackCOMRAM 000018
___lmul@product                           cstackCOMRAM 000020
___lwdiv                                  text43       002B5A
___lwdiv@counter                          cstackCOMRAM 00001C
___lwdiv@dividend                         cstackCOMRAM 000018
___lwdiv@divisor                          cstackCOMRAM 00001A
___lwdiv@quotient                         cstackCOMRAM 00001D
___lwmod                                  text42       002D5C
___lwmod@counter                          cstackCOMRAM 000023
___lwmod@dividend                         cstackCOMRAM 00001F
___lwmod@divisor                          cstackCOMRAM 000021
___lwtoft                                 text62       0030E8
___lwtoft@c                               cstackCOMRAM 000020
___param_bank                             (abs)        000000
___rparam_used                            (abs)        000001
___sp                                     stack        000000
___wmul                                   text54       003054
___wmul@multiplicand                      cstackCOMRAM 00001A
___wmul@multiplier                        cstackCOMRAM 000018
___wmul@product                           cstackCOMRAM 00001C
__accesstop                               (abs)        000060
__activetblptr                            (abs)        000002
__end_of_ADC_GetConversion                text66       002FDA
__end_of_ADC_Initialize                   text36       0031CA
__end_of_AdcSingleSample                  text12       001724
__end_of_BlinkOkLeds                      text81       002898
__end_of_CalcSynthRegParams               text10       00080E
__end_of_ClearMcuRunTime                  text80       003208
__end_of_DacInit                          text71       002774
__end_of_EUSART1_Initialize               text35       002F0C
__end_of_EUSART1_Read                     text26       002D18
__end_of_EUSART1_Receive_ISR              text88       002FAA
__end_of_EUSART1_Transmit_ISR             text87       002F44
__end_of_EUSART1_Write                    text65       002E5E
__end_of_GetDoubleFromUartData            text7        002620
__end_of_GetIntFromUartData               text14       0022DE
__end_of_GroupCommon                      text3        0030C4
__end_of_GroupRx                          text4        002C46
__end_of_GroupTx                          text5        0029A8
__end_of_INTERRUPT_Initialize             text34       003248
__end_of_INTERRUPT_InterruptManager       intcode      0000DC
__end_of_InitAdcApplicationMgr            text70       00323C
__end_of_InitRxMessageParams              text2        002CD4
__end_of_InitSystemApplicationManagers    text67       0031E0
__end_of_MEMORY_ISR                       text86       003254
__end_of_OSCILLATOR_Initialize            text33       003216
__end_of_PIN_MANAGER_IOC                  text85       003250
__end_of_PIN_MANAGER_Initialize           text32       002C8E
__end_of_PLLInitialize                    text69       003256
__end_of_PLL_INIT_REGISTERS               mediumconst  007AB5
__end_of_PrintHelpScreen                  text25       000D3C
__end_of_SWSPI_DAC_send_bits              text77       002A58
__end_of_SWSPI_Synth_send_bits            text76       002A00
__end_of_SWSPI_send_word                  text72       002048
__end_of_SYSTEM_Initialize                text29       00319C
__end_of_SampleSingleChannel              text40       00195E
__end_of_SendUartSystemInitMessage        text39       001DF0
__end_of_SetMcuRunTime                    text37       002D5C
__end_of_SetMcuSystem                     text28       00322C
__end_of_SwSpi_Clk_Pin                    text79       002B5A
__end_of_SwSpi_Data_Pin                   text78       002B04
__end_of_SwSpi_Set_Dac_Sync_Pin           text75       003182
__end_of_SwSpi_Set_Synth_Le_Pin           text74       002E9A
__end_of_TMR0_ISR                         text83       002370
__end_of_TMR0_Initialize                  text30       002F78
__end_of_TMR0_SetInterruptHandler         text31       003236
__end_of_TMR0_StartTimer                  text68       00324C
__end_of_UART_Write_Text                  text64       00270A
__end_of_UpdateSynthFreq                  text6        0020FE
__end_of_ZeroArray                        text22       003166
__end_of___altoft                         text52       002698
__end_of___awtoft                         text60       002ED4
__end_of___ftadd                          text57       001464
__end_of___ftdiv                          text59       001C34
__end_of___ftge                           text51       002490
__end_of___ftmul                          text55       001B4C
__end_of___ftneg                          text58       0030A0
__end_of___ftpack                         text63       0021AC
__end_of___ftsub                          text56       002DE0
__end_of___fttol                          text50       001A56
__end_of___lldiv                          text13       0025A0
__end_of___llmod                          text38       0027DA
__end_of___lltoft                         text61       0028F4
__end_of___lmul                           text21       002AAE
__end_of___lwdiv                          text43       002BAC
__end_of___lwmod                          text42       002D9E
__end_of___lwtoft                         text62       00310C
__end_of___wmul                           text54       00307A
__end_of__initialization                  cinit        00223C
__end_of_atof                             text8        0030E8
__end_of_channelArr                       mediumconst  007AC3
__end_of_dpowers                          mediumconst  007ABF
__end_of_eval_poly                        text53       001ECA
__end_of_exp                              text46       000F2E
__end_of_floor                            text48       001D16
__end_of_frexp                            text49       002400
__end_of_getFractionPartOfDivide          text11       00251E
__end_of_isalpha                          text19       00302E
__end_of_isdigit                          text18       00312A
__end_of_isspace                          text17       003054
__end_of_isupper                          text20       003148
__end_of_keepAliveSignalLed               text27       0031B4
__end_of_ldexp                            text47       001F90
__end_of_log                              text45       001846
__end_of_main                             text0        002BFA
__end_of_make8                            text73       002950
__end_of_memset                           text23       003006
__end_of_pow                              text44       0015E0
__end_of_readUartByte                     text1        000ADA
__end_of_sprintf                          text41       0012B6
__end_of_strtod                           text9        0004C8
__end_of_strtol                           text15       001104
__end_of_testLeds                         text24       00283A
__end_of_toupper                          text16       0031F4
__end_ofexp@coeff                         mediumconst  007AE1
__end_ofi2___lwmod                        text84       002E22
__end_oflog@coeff                         mediumconst  007AFC
__initialization                          cinit        0021AC
__mediumconst                             mediumconst  007A80
__pbssBANK0                               bssBANK0     0000EB
__pbssBANK1                               bssBANK1     000100
__pbssBANK2                               bssBANK2     000200
__pbssCOMRAM                              bssCOMRAM    000031
__pcinit                                  cinit        0021AC
__pcstackBANK0                            cstackBANK0  000060
__pcstackBANK1                            cstackBANK1  00017E
__pcstackCOMRAM                           cstackCOMRAM 000001
__pdataBANK0                              dataBANK0    0000F7
__pdataBANK1                              dataBANK1    0001CD
__pdataCOMRAM                             dataCOMRAM   000042
__pidataBANK0                             idataBANK0   003240
__pidataBANK1                             idataBANK1   003216
__pidataCOMRAM                            idataCOMRAM  00323C
__pintcode                                intcode      000008
__pmediumconst                            mediumconst  007A80
__pnvBANK0                                nvBANK0      0000FB
__pnvBANK1                                nvBANK1      0001D9
__pnvCOMRAM                               nvCOMRAM     000046
__ptext0                                  text0        002BAC
__ptext1                                  text1        00080E
__ptext10                                 text10       0004C8
__ptext11                                 text11       002490
__ptext12                                 text12       0015E0
__ptext13                                 text13       00251E
__ptext14                                 text14       00224A
__ptext15                                 text15       000F2E
__ptext16                                 text16       0031E0
__ptext17                                 text17       00302E
__ptext18                                 text18       00310C
__ptext19                                 text19       003006
__ptext2                                  text2        002C8E
__ptext20                                 text20       00312A
__ptext21                                 text21       002A58
__ptext22                                 text22       003148
__ptext23                                 text23       002FDA
__ptext24                                 text24       0027DA
__ptext25                                 text25       000ADA
__ptext26                                 text26       002CD4
__ptext27                                 text27       00319C
__ptext28                                 text28       003222
__ptext29                                 text29       003182
__ptext3                                  text3        0030A0
__ptext30                                 text30       002F44
__ptext31                                 text31       00322C
__ptext32                                 text32       002C46
__ptext33                                 text33       003208
__ptext34                                 text34       003244
__ptext35                                 text35       002ED4
__ptext36                                 text36       0031B4
__ptext37                                 text37       002D18
__ptext38                                 text38       002774
__ptext39                                 text39       001D16
__ptext4                                  text4        002BFA
__ptext40                                 text40       001846
__ptext41                                 text41       001104
__ptext42                                 text42       002D5C
__ptext43                                 text43       002B5A
__ptext44                                 text44       001464
__ptext45                                 text45       001724
__ptext46                                 text46       000D3C
__ptext47                                 text47       001ECA
__ptext48                                 text48       001C34
__ptext49                                 text49       002370
__ptext5                                  text5        002950
__ptext50                                 text50       00195E
__ptext51                                 text51       002400
__ptext52                                 text52       002620
__ptext53                                 text53       001DF0
__ptext54                                 text54       003054
__ptext55                                 text55       001A56
__ptext56                                 text56       002D9E
__ptext57                                 text57       0012B6
__ptext58                                 text58       00307A
__ptext59                                 text59       001B4C
__ptext6                                  text6        002048
__ptext60                                 text60       002E9A
__ptext61                                 text61       002898
__ptext62                                 text62       0030E8
__ptext63                                 text63       0020FE
__ptext64                                 text64       002698
__ptext65                                 text65       002E22
__ptext66                                 text66       002FAA
__ptext67                                 text67       0031CA
__ptext68                                 text68       003248
__ptext69                                 text69       003254
__ptext7                                  text7        0025A0
__ptext70                                 text70       003236
__ptext71                                 text71       00270A
__ptext72                                 text72       001F90
__ptext73                                 text73       0028F4
__ptext74                                 text74       002E5E
__ptext75                                 text75       003166
__ptext76                                 text76       0029A8
__ptext77                                 text77       002A00
__ptext78                                 text78       002AAE
__ptext79                                 text79       002B04
__ptext8                                  text8        0030C4
__ptext80                                 text80       0031F4
__ptext81                                 text81       00283A
__ptext83                                 text83       0022DE
__ptext84                                 text84       002DE0
__ptext85                                 text85       00324C
__ptext86                                 text86       003250
__ptext87                                 text87       002F0C
__ptext88                                 text88       002F78
__ptext89                                 text89       000000
__ptext9                                  text9        0000E0
__ramtop                                  ramtop       000600
__size_of_ADC_GetConversion               (abs)        000000
__size_of_ADC_Initialize                  (abs)        000000
__size_of_AdcSingleSample                 (abs)        000000
__size_of_BlinkOkLeds                     (abs)        000000
__size_of_CalcSynthRegParams              (abs)        000000
__size_of_ClearMcuRunTime                 (abs)        000000
__size_of_DacInit                         (abs)        000000
__size_of_EUSART1_Initialize              (abs)        000000
__size_of_EUSART1_Read                    (abs)        000000
__size_of_EUSART1_Receive_ISR             (abs)        000000
__size_of_EUSART1_Transmit_ISR            (abs)        000000
__size_of_EUSART1_Write                   (abs)        000000
__size_of_GetDoubleFromUartData           (abs)        000000
__size_of_GetIntFromUartData              (abs)        000000
__size_of_GroupCommon                     (abs)        000000
__size_of_GroupRx                         (abs)        000000
__size_of_GroupTx                         (abs)        000000
__size_of_INTERRUPT_Initialize            (abs)        000000
__size_of_INTERRUPT_InterruptManager      (abs)        000000
__size_of_InitAdcApplicationMgr           (abs)        000000
__size_of_InitRxMessageParams             (abs)        000000
__size_of_InitSystemApplicationManagers   (abs)        000000
__size_of_MEMORY_ISR                      (abs)        000000
__size_of_OSCILLATOR_Initialize           (abs)        000000
__size_of_PIN_MANAGER_IOC                 (abs)        000000
__size_of_PIN_MANAGER_Initialize          (abs)        000000
__size_of_PLLInitialize                   (abs)        000000
__size_of_PrintHelpScreen                 (abs)        000000
__size_of_SWSPI_DAC_send_bits             (abs)        000000
__size_of_SWSPI_Synth_send_bits           (abs)        000000
__size_of_SWSPI_send_word                 (abs)        000000
__size_of_SYSTEM_Initialize               (abs)        000000
__size_of_SampleSingleChannel             (abs)        000000
__size_of_SendUartSystemInitMessage       (abs)        000000
__size_of_SetMcuRunTime                   (abs)        000000
__size_of_SetMcuSystem                    (abs)        000000
__size_of_SwSpi_Clk_Pin                   (abs)        000000
__size_of_SwSpi_Data_Pin                  (abs)        000000
__size_of_SwSpi_Set_Dac_Sync_Pin          (abs)        000000
__size_of_SwSpi_Set_Synth_Le_Pin          (abs)        000000
__size_of_TMR0_ISR                        (abs)        000000
[...]
 Registers used:
		wreg, status,2
 Tracked objects:
		On entry : 
		On exit  : 
		Unchanged: 
 Data sizes:     COMRAM   BANK0   BANK1   BANK2   BANK3   BANK4   BANK5
      Params:         0       0       0       0       0       0       0
      Locals:         0       0       0       0       0       0       0
      Temps:          0       0       0       0       0       0       0
      Totals:         0       0       0       0       0       0       0
Total ram usage:        0 bytes
 Hardware stack levels used:    1
 Hardware stack levels required when called:    3
 This function calls:
		Nothing
 This function is called by:
		_InitSystemApplicationManagers
 This function uses a non-reentrant model


 *************** function _BlinkOkLeds *****************
 Defined at:
		line 24 in file "LedsApp.c"
 Parameters:    Size  Location     Type
  state           1    wreg     enum E7614
 Auto vars:     Size  Location     Type
  state           1   26[COMRAM] enum E7614
  idx             2   27[COMRAM] int 
 Return value:  Size  Location     Type
                  1    wreg      void 
 Registers used:
		wreg, status,2, status,0
 Tracked objects:
		On entry : 
		On exit  : 
		Unchanged: 
 Data sizes:     COMRAM   BANK0   BANK1   BANK2   BANK3   BANK4   BANK5
      Params:         0       0       0       0       0       0       0
      Locals:         3       0       0       0       0       0       0
      Temps:          3       0       0       0       0       0       0
      Totals:         6       0       0       0       0       0       0
Total ram usage:        6 bytes
 Hardware stack levels used:    1
 Hardware stack levels required when called:    3
 This function calls:
		Nothing
 This function is called by:
		_main
 This function uses a non-reentrant model


 *************** function _INTERRUPT_InterruptManager *****************
 Defined at:
		line 57 in file "mcc_generated_files/interrupt_manager.c"
 Parameters:    Size  Location     Type
		None
 Auto vars:     Size  Location     Type
		None
 Return value:  Size  Location     Type
                  1    wreg      void 
 Registers used:
		wreg, fsr2l, fsr2h, status,2, status,0, prodl, prodh, cstack
 Tracked objects:
		On entry : 
		On exit  : 
		Unchanged: 
 Data sizes:     COMRAM   BANK0   BANK1   BANK2   BANK3   BANK4   BANK5
      Params:         0       0       0       0       0       0       0
      Locals:         0       0       0       0       0       0       0
      Temps:         18       0       0       0       0       0       0
      Totals:        18       0       0       0       0       0       0
Total ram usage:       18 bytes
 Hardware stack levels used:    1
 Hardware stack levels required when called:    2
 This function calls:
		_EUSART1_Receive_ISR
		_EUSART1_Transmit_ISR
		_MEMORY_ISR
		_PIN_MANAGER_IOC
		_TMR0_ISR
 This function is called by:
		Interrupt level 2
 This function uses a non-reentrant model


 *************** function _TMR0_ISR *****************
 Defined at:
		line 132 in file "mcc_generated_files/tmr0.c"
 Parameters:    Size  Location     Type
		None
 Auto vars:     Size  Location     Type
		None
 Return value:  Size  Location     Type
                  1    wreg      void 
 Registers used:
		wreg, status,2, status,0, cstack
 Tracked objects:
		On entry : 
		On exit  : 
		Unchanged: 
 Data sizes:     COMRAM   BANK0   BANK1   BANK2   BANK3   BANK4   BANK5
      Params:         0       0       0       0       0       0       0
      Locals:         0       0       0       0       0       0       0
      Temps:          0       0       0       0       0       0       0
      Totals:         0       0       0       0       0       0       0
Total ram usage:        0 bytes
 Hardware stack levels used:    1
 Hardware stack levels required when called:    1
 This function calls:
		i2___lwmod
 This function is called by:
		_INTERRUPT_InterruptManager
 This function uses a non-reentrant model


 *************** function i2___lwmod *****************
 Defined at:
		line 8 in file "C:\Program Files (x86)\Microchip\xc8\v1.45\sources\common\lwmod.c"
 Parameters:    Size  Location     Type
  dividend        2    0[COMRAM] unsigned int 
  divisor         2    2[COMRAM] unsigned int 
 Auto vars:     Size  Location     Type
  __lwmod         1    4[COMRAM] unsigned char 
 Return value:  Size  Location     Type
                  2    0[COMRAM] unsigned int 
 Registers used:
		wreg, status,2, status,0
 Tracked objects:
		On entry : 
		On exit  : 
		Unchanged: 
 Data sizes:     COMRAM   BANK0   BANK1   BANK2   BANK3   BANK4   BANK5
      Params:         4       0       0       0       0       0       0
      Locals:         1       0       0       0       0       0       0
      Temps:          0       0       0       0       0       0       0
      Totals:         5       0       0       0       0       0       0
Total ram usage:        5 bytes
 Hardware stack levels used:    1
 This function calls:
		Nothing
 This function is called by:
		_TMR0_ISR
 This function uses a non-reentrant model


 *************** function _PIN_MANAGER_IOC *****************
 Defined at:
		line 96 in file "mcc_generated_files/pin_manager.c"
 Parameters:    Size  Location     Type
		None
 Auto vars:     Size  Location     Type
		None
 Return value:  Size  Location     Type
                  1    wreg      void 
 Registers used:
		None
 Tracked objects:
		On entry : 
		On exit  : 
		Unchanged: 
 Data sizes:     COMRAM   BANK0   BANK1   BANK2   BANK3   BANK4   BANK5
      Params:         0       0       0       0       0       0       0
      Locals:         0       0       0       0       0       0       0
      Temps:          0       0       0       0       0       0       0
      Totals:         0       0       0       0       0       0       0
Total ram usage:        0 bytes
 Hardware stack levels used:    1
 This function calls:
		Nothing
 This function is called by:
		_INTERRUPT_InterruptManager
 This function uses a non-reentrant model


 *************** function _MEMORY_ISR *****************
 Defined at:
		line 206 in file "mcc_generated_files/memory.c"
 Parameters:    Size  Location     Type
		None
 Auto vars:     Size  Location     Type
		None
 Return value:  Size  Location     Type
                  1    wreg      void 
 Registers used:
		None
 Tracked objects:
		On entry : 
		On exit  : 
		Unchanged: 
 Data sizes:     COMRAM   BANK0   BANK1   BANK2   BANK3   BANK4   BANK5
      Params:         0       0       0       0       0       0       0
      Locals:         0       0       0       0       0       0       0
      Temps:          0       0       0       0       0       0       0
      Totals:         0       0       0       0       0       0       0
Total ram usage:        0 bytes
 Hardware stack levels used:    1
 This function calls:
		Nothing
 This function is called by:
		_INTERRUPT_InterruptManager
 This function uses a non-reentrant model


 *************** function _EUSART1_Transmit_ISR *****************
 Defined at:
		line 181 in file "mcc_generated_files/eusart1.c"
 Parameters:    Size  Location     Type
		None
 Auto vars:     Size  Location     Type
		None
 Return value:  Size  Location     Type
                  1    wreg      void 
 Registers used:
		wreg, fsr2l, fsr2h, status,2, status,0, prodl, prodh
 Tracked objects:
		On entry : 
		On exit  : 
		Unchanged: 
 Data sizes:     COMRAM   BANK0   BANK1   BANK2   BANK3   BANK4   BANK5
      Params:         0       0       0       0       0       0       0
      Locals:         0       0       0       0       0       0       0
      Temps:          0       0       0       0       0       0       0
      Totals:         0       0       0       0       0       0       0
Total ram usage:        0 bytes
 Hardware stack levels used:    1
 This function calls:
		Nothing
 This function is called by:
		_INTERRUPT_InterruptManager
 This function uses a non-reentrant model


 *************** function _EUSART1_Receive_ISR *****************
 Defined at:
		line 202 in file "mcc_generated_files/eusart1.c"
 Parameters:    Size  Location     Type
		None
 Auto vars:     Size  Location     Type
		None
 Return value:  Size  Location     Type
                  1    wreg      void 
 Registers used:
		wreg, fsr2l, fsr2h, status,2, status,0, prodl, prodh
 Tracked objects:
		On entry : 
		On exit  : 
		Unchanged: 
 Data sizes:     COMRAM   BANK0   BANK1   BANK2   BANK3   BANK4   BANK5
      Params:         0       0       0       0       0       0       0
      Locals:         0       0       0       0       0       0       0
      Temps:          0       0       0       0       0       0       0
      Totals:         0       0       0       0       0       0       0
Total ram usage:        0 bytes
 Hardware stack levels used:    1
 This function calls:
		Nothing
 This function is called by:
		_INTERRUPT_InterruptManager
 This function uses a non-reentrant model



MODULE INFORMATION

Module		Function		Class		Link	Load	Size
AdcApp.c
		_AdcSingleSample		CODE           	15E0	0000	325
		_InitAdcApplicationMgr		CODE           	3236	0000	7
		_SampleSingleChannel		CODE           	1846	0000	281

AdcApp.c estimated size: 613

MessageFunctions.c
		_GroupRx       		CODE           	2BFA	0000	77
		_GroupCommon   		CODE           	30A0	0000	37
		_GroupTx       		CODE           	2950	0000	89

MessageFunctions.c estimated size: 203

SystemCommon.c
		_make8         		CODE           	28F4	0000	93
		_GetDoubleFromUartData		CODE           	25A0	0000	129
		_ZeroArray     		CODE           	3148	0000	31
		_GetIntFromUartData		CODE           	224A	0000	149
		_getFractionPartOfDivide		CODE           	2490	0000	143

SystemCommon.c estimated size: 545

C:\Program Files (x86)\Microchip\xc8\v1.45\sources\common\ftneg.c
		___ftneg       		CODE           	307A	0000	39

C:\Program Files (x86)\Microchip\xc8\v1.45\sources\common\ftneg.c estimated size: 39

DacApp.c
		_DacInit       		CODE           	270A	0000	107

DacApp.c estimated size: 107

SystemStatus.c
		_PrintHelpScreen		CODE           	0ADA	0000	611
		_ClearMcuRunTime		CODE           	31F4	0000	21
		_SetMcuRunTime 		CODE           	2D18	0000	69
		_SendUartSystemInitMessage		CODE           	1D16	0000	219

SystemStatus.c estimated size: 920

C:\Program Files (x86)\Microchip\xc8\v1.45\sources\common\strtol.c
		_strtol        		CODE           	0F2E	0000	471

C:\Program Files (x86)\Microchip\xc8\v1.45\sources\common\strtol.c estimated size: 471

C:\Program Files (x86)\Microchip\xc8\v1.45\sources\common\isalpha.c
		_isalpha       		CODE           	3006	0000	41

C:\Program Files (x86)\Microchip\xc8\v1.45\sources\common\isalpha.c estimated size: 41

C:\Program Files (x86)\Microchip\xc8\v1.45\sources\common\ftsub.c
		___ftsub       		CODE           	2D9E	0000	67

C:\Program Files (x86)\Microchip\xc8\v1.45\sources\common\ftsub.c estimated size: 67

C:\Program Files (x86)\Microchip\xc8\v1.45\sources\common\float.c
		___ftpack      		CODE           	20FE	0000	175

C:\Program Files (x86)\Microchip\xc8\v1.45\sources\common\float.c estimated size: 175

C:\Program Files (x86)\Microchip\xc8\v1.45\sources\common\doprnt.c
		_sprintf       		CODE           	1104	0000	435

C:\Program Files (x86)\Microchip\xc8\v1.45\sources\common\doprnt.c estimated size: 435

SwSpiApp.c
		_SWSPI_Synth_send_bits		CODE           	29A8	0000	89
		_SWSPI_send_word		CODE           	1F90	0000	185
		_SwSpi_Set_Synth_Le_Pin		CODE           	2E5E	0000	61
		_SwSpi_Data_Pin		CODE           	2AAE	0000	87
		_SwSpi_Clk_Pin 		CODE           	2B04	0000	87
		_SwSpi_Set_Dac_Sync_Pin		CODE           	3166	0000	29
		_SWSPI_DAC_send_bits		CODE           	2A00	0000	89

SwSpiApp.c estimated size: 627

C:\Program Files (x86)\Microchip\xc8\v1.45\sources\common\atof.c
		_atof          		CODE           	30C4	0000	37
		_strtod        		CODE           	00E0	0000	1001

C:\Program Files (x86)\Microchip\xc8\v1.45\sources\common\atof.c estimated size: 1038

C:\Program Files (x86)\Microchip\xc8\v1.45\sources\common\lltoft.c
		___lltoft      		CODE           	2898	0000	93

C:\Program Files (x86)\Microchip\xc8\v1.45\sources\common\lltoft.c estimated size: 93

mcc_generated_files/interrupt_manager.c
		_INTERRUPT_Initialize		CODE           	3244	0000	5
		_INTERRUPT_InterruptManager		CODE           	0008	0000	213

mcc_generated_files/interrupt_manager.c estimated size: 218

C:\Program Files (x86)\Microchip\xc8\v1.45\sources\common\log.c
		_log           		CODE           	1724	0000	291

C:\Program Files (x86)\Microchip\xc8\v1.45\sources\common\log.c estimated size: 291

C:\Program Files (x86)\Microchip\xc8\v1.45\sources\common\Umul16.c
		___wmul        		CODE           	3054	0000	39

C:\Program Files (x86)\Microchip\xc8\v1.45\sources\common\Umul16.c estimated size: 39

mcc_generated_files/tmr0.c
		_TMR0_SetInterruptHandler		CODE           	322C	0000	11
		_TMR0_StartTimer		CODE           	3248	0000	5
		_TMR0_ISR      		CODE           	22DE	0000	147
		_TMR0_Initialize		CODE           	2F44	0000	53

mcc_generated_files/tmr0.c estimated size: 216

SyntApp.c
		_PLLInitialize 		CODE           	3254	0000	3
		_CalcSynthRegParams		CODE           	04C8	0000	839
		_UpdateSynthFreq		CODE           	2048	0000	183

SyntApp.c estimated size: 1025

C:\Program Files (x86)\Microchip\xc8\v1.45\sources\common\frexp.c
		_ldexp         		CODE           	1ECA	0000	199
		_frexp         		CODE           	2370	0000	145

C:\Program Files (x86)\Microchip\xc8\v1.45\sources\common\frexp.c estimated size: 344

C:\Program Files (x86)\Microchip\xc8\v1.45\sources\common\ftge.c
		___ftge        		CODE           	2400	0000	145

C:\Program Files (x86)\Microchip\xc8\v1.45\sources\common\ftge.c estimated size: 145

mcc_generated_files/pin_manager.c
		_PIN_MANAGER_Initialize		CODE           	2C46	0000	73
		_PIN_MANAGER_IOC		CODE           	324C	0000	5

mcc_generated_files/pin_manager.c estimated size: 78

C:\Program Files (x86)\Microchip\xc8\v1.45\sources\common\isdigit.c
		_isdigit       		CODE           	310C	0000	31

C:\Program Files (x86)\Microchip\xc8\v1.45\sources\common\isdigit.c estimated size: 31

C:\Program Files (x86)\Microchip\xc8\v1.45\sources\common\pow.c
		_pow           		CODE           	1464	0000	381

C:\Program Files (x86)\Microchip\xc8\v1.45\sources\common\pow.c estimated size: 381

C:\Program Files (x86)\Microchip\xc8\v1.45\sources\common\floor.c
		_floor         		CODE           	1C34	0000	227

C:\Program Files (x86)\Microchip\xc8\v1.45\sources\common\floor.c estimated size: 227

C:\Program Files (x86)\Microchip\xc8\v1.45\sources\common\lwmod.c
		___lwmod       		CODE           	2D5C	0000	67

C:\Program Files (x86)\Microchip\xc8\v1.45\sources\common\lwmod.c estimated size: 67

C:\Program Files (x86)\Microchip\xc8\v1.45\sources\common\ftmul.c
		___ftmul       		CODE           	1A56	0000	247

C:\Program Files (x86)\Microchip\xc8\v1.45\sources\common\ftmul.c estimated size: 247

mcc_generated_files/adc.c
		_ADC_Initialize		CODE           	31B4	0000	23
		_ADC_GetConversion		CODE           	2FAA	0000	49

mcc_generated_files/adc.c estimated size: 72

C:\Program Files (x86)\Microchip\xc8\v1.45\sources\common\ftdiv.c
		___ftdiv       		CODE           	1B4C	0000	233

C:\Program Files (x86)\Microchip\xc8\v1.45\sources\common\ftdiv.c estimated size: 233

C:\Program Files (x86)\Microchip\xc8\v1.45\sources\common\llmod.c
		___llmod       		CODE           	2774	0000	103

C:\Program Files (x86)\Microchip\xc8\v1.45\sources\common\llmod.c estimated size: 103

C:\Program Files (x86)\Microchip\xc8\v1.45\sources\common\Umul32.c
		___lmul        		CODE           	2A58	0000	87

C:\Program Files (x86)\Microchip\xc8\v1.45\sources\common\Umul32.c estimated size: 87

shared
		exp@coeff      		MEDIUMCONST    	7AC3	0000	31
		_PLL_INIT_REGISTERS		MEDIUMCONST    	7A81	0000	53
		_dpowers       		MEDIUMCONST    	7AB5	0000	11
		i2___lwmod     		CODE           	2DE0	0000	67
		__initialization		CODE           	21AC	0000	145
		log@coeff      		MEDIUMCONST    	7AE1	0000	28
		_channelArr    		MEDIUMCONST    	7ABF	0000	5

shared estimated size: 340

mcc_generated_files/eusart1.c
		_EUSART1_Initialize		CODE           	2ED4	0000	57
		_EUSART1_Read  		CODE           	2CD4	0000	69
		_EUSART1_Write 		CODE           	2E22	0000	61
		_EUSART1_Receive_ISR		CODE           	2F78	0000	51
		_EUSART1_Transmit_ISR		CODE           	2F0C	0000	57

mcc_generated_files/eusart1.c estimated size: 295

mcc_generated_files/mcc.c
		_OSCILLATOR_Initialize		CODE           	3208	0000	15
		_SYSTEM_Initialize		CODE           	3182	0000	27

mcc_generated_files/mcc.c estimated size: 42

C:\Program Files (x86)\Microchip\xc8\v1.45\sources\common\fttol.c
		___fttol       		CODE           	195E	0000	249

C:\Program Files (x86)\Microchip\xc8\v1.45\sources\common\fttol.c estimated size: 249

SystemSettings.c
		_SetMcuSystem  		CODE           	3222	0000	11
		_InitSystemApplicationManagers		CODE           	31CA	0000	23

SystemSettings.c estimated size: 34

C:\Program Files (x86)\Microchip\xc8\v1.45\sources\common\awtoft.c
		___awtoft      		CODE           	2E9A	0000	59

C:\Program Files (x86)\Microchip\xc8\v1.45\sources\common\awtoft.c estimated size: 59

C:\Program Files (x86)\Microchip\xc8\v1.45\sources\common\lwdiv.c
		___lwdiv       		CODE           	2B5A	0000	83

C:\Program Files (x86)\Microchip\xc8\v1.45\sources\common\lwdiv.c estimated size: 83

C:\Program Files (x86)\Microchip\xc8\v1.45\sources\common\evalpoly.c
		_eval_poly     		CODE           	1DF0	0000	219

C:\Program Files (x86)\Microchip\xc8\v1.45\sources\common\evalpoly.c estimated size: 219

C:\Program Files (x86)\Microchip\xc8\v1.45\sources\common\isupper.c
		_isupper       		CODE           	312A	0000	31

C:\Program Files (x86)\Microchip\xc8\v1.45\sources\common\isupper.c estimated size: 31

C:\Program Files (x86)\Microchip\xc8\v1.45\sources\common\ftadd.c
		___ftadd       		CODE           	12B6	0000	431

C:\Program Files (x86)\Microchip\xc8\v1.45\sources\common\ftadd.c estimated size: 431

mcc_generated_files/memory.c
		_MEMORY_ISR    		CODE           	3250	0000	5

mcc_generated_files/memory.c estimated size: 5

C:\Program Files (x86)\Microchip\xc8\v1.45\sources\common\toupper.c
		_toupper       		CODE           	31E0	0000	21

C:\Program Files (x86)\Microchip\xc8\v1.45\sources\common\toupper.c estimated size: 21

C:\Program Files (x86)\Microchip\xc8\v1.45\sources\common\lldiv.c
		___lldiv       		CODE           	251E	0000	131

C:\Program Files (x86)\Microchip\xc8\v1.45\sources\common\lldiv.c estimated size: 131

LedsApp.c
		_testLeds      		CODE           	27DA	0000	97
		_keepAliveSignalLed		CODE           	319C	0000	25
		_BlinkOkLeds   		CODE           	283A	0000	95

LedsApp.c estimated size: 217

C:\Program Files (x86)\Microchip\xc8\v1.45\sources\common\isspace.c
		_isspace       		CODE           	302E	0000	39

C:\Program Files (x86)\Microchip\xc8\v1.45\sources\common\isspace.c estimated size: 39

main.c
		_main          		CODE           	2BAC	0000	79

main.c estimated size: 79

C:\Program Files (x86)\Microchip\xc8\v1.45\sources\common\lwtoft.c
		___lwtoft      		CODE           	30E8	0000	37

C:\Program Files (x86)\Microchip\xc8\v1.45\sources\common\lwtoft.c estimated size: 37

C:\Program Files (x86)\Microchip\xc8\v1.45\sources\common\exp.c
		_exp           		CODE           	0D3C	0000	499

C:\Program Files (x86)\Microchip\xc8\v1.45\sources\common\exp.c estimated size: 499

EusartApp.c
		_UART_Write_Text		CODE           	2698	0000	115
		_InitRxMessageParams		CODE           	2C8E	0000	71
		_readUartByte  		CODE           	080E	0000	717

EusartApp.c estimated size: 903

C:\Program Files (x86)\Microchip\xc8\v1.45\sources\common\altoft.c
		___altoft      		CODE           	2620	0000	121

C:\Program Files (x86)\Microchip\xc8\v1.45\sources\common\altoft.c estimated size: 121

C:\Program Files (x86)\Microchip\xc8\v1.45\sources\common\memset.c
		_memset        		CODE           	2FDA	0000	45

C:\Program Files (x86)\Microchip\xc8\v1.45\sources\common\memset.c estimated size: 45

